TAP version 13
# Subtest: Feishu handles permission replies before the active chat drain finishes
ok 1 - Feishu handles permission replies before the active chat drain finishes
  ---
  duration_ms: 2.253084
  type: 'test'
  ...
# Subtest: ImPermissionHelper resolves all pending permission requests for a chat
ok 2 - ImPermissionHelper resolves all pending permission requests for a chat
  ---
  duration_ms: 2.094375
  type: 'test'
  ...
# Subtest: ImPermissionHelper keeps pending requests when the reply is invalid
ok 3 - ImPermissionHelper keeps pending requests when the reply is invalid
  ---
  duration_ms: 0.108208
  type: 'test'
  ...
# (node:40205) ExperimentalWarning: SQLite is an experimental feature and might change at any time
# (Use `node --trace-warnings ...` to show where the warning was created)
# Subtest: PreModelRequest mutations survive a post-routing request rebuild and remain model-only
ok 4 - PreModelRequest mutations survive a post-routing request rebuild and remain model-only
  ---
  duration_ms: 4.593084
  type: 'test'
  ...
# Subtest: AgentLoop exposes explicit subagent identity to lifecycle hooks
ok 5 - AgentLoop exposes explicit subagent identity to lifecycle hooks
  ---
  duration_ms: 0.297083
  type: 'test'
  ...
# Subtest: evaluation progress lease stops before a third unchanged model request when full compaction is rejected
ok 6 - evaluation progress lease stops before a third unchanged model request when full compaction is rejected
  ---
  duration_ms: 1.703417
  type: 'test'
  ...
# Subtest: AgentLoop delivers newly surfaced repair feedback once after an applied boundary
ok 7 - AgentLoop delivers newly surfaced repair feedback once after an applied boundary
  ---
  duration_ms: 3.781167
  type: 'test'
  ...
# Subtest: AgentLoop permits one prepared-target request and then requires genuine progress
ok 8 - AgentLoop permits one prepared-target request and then requires genuine progress
  ---
  duration_ms: 2.145917
  type: 'test'
  ...
# Subtest: AgentLoop carries a bounded handoff through the required boundary to genuine progress
ok 9 - AgentLoop carries a bounded handoff through the required boundary to genuine progress
  ---
  duration_ms: 1.35275
  type: 'test'
  ...
# Subtest: artifact failure injects one bounded correction turn and succeeds after validation
ok 10 - artifact failure injects one bounded correction turn and succeeds after validation
  ---
  duration_ms: 12.333833
  type: 'test'
  ...
# Subtest: required artifact failure wins over max-turn completion after a final tool call
ok 11 - required artifact failure wins over max-turn completion after a final tool call
  ---
  duration_ms: 1.083542
  type: 'test'
  ...
# Subtest: AgentSession restores terminal state and dispatches SessionEnd when the runner throws
ok 12 - AgentSession restores terminal state and dispatches SessionEnd when the runner throws
  ---
  duration_ms: 2.944917
  type: 'test'
  ...
# Subtest: AgentSession cleanup runs when a consumer stops reading early
ok 13 - AgentSession cleanup runs when a consumer stops reading early
  ---
  duration_ms: 0.234208
  type: 'test'
  ...
# (node:40207) ExperimentalWarning: SQLite is an experimental feature and might change at any time
# (Use `node --trace-warnings ...` to show where the warning was created)
# Subtest: real gateway drives legal plugin milestones through bounded artifact correction
ok 14 - real gateway drives legal plugin milestones through bounded artifact correction
  ---
  duration_ms: 1595.048541
  type: 'test'
  ...
# Subtest: real gateway blocks completion when the legal Stop hook cannot read session state
ok 15 - real gateway blocks completion when the legal Stop hook cannot read session state
  ---
  duration_ms: 890.876541
  type: 'test'
  ...
# Subtest: real gateway executes the state-bound legal authority closure with complete O1 evidence
ok 16 - real gateway executes the state-bound legal authority closure with complete O1 evidence
  ---
  duration_ms: 701.531375
  type: 'test'
  ...
# (node:40208) ExperimentalWarning: SQLite is an experimental feature and might change at any time
# (Use `node --trace-warnings ...` to show where the warning was created)
# Subtest: local gateway applies project hook context and enforces artifact correction
ok 17 - local gateway applies project hook context and enforces artifact correction
  ---
  duration_ms: 1116.803208
  type: 'test'
  ...
# Subtest: ordinary edit failures after a successful write do not enter large-file repair
ok 18 - ordinary edit failures after a successful write do not enter large-file repair
  ---
  duration_ms: 1.593459
  type: 'test'
  ...
# Subtest: an explicit post-draft large-file failure starts bounded recovery
ok 19 - an explicit post-draft large-file failure starts bounded recovery
  ---
  duration_ms: 0.442625
  type: 'test'
  ...
# Subtest: successful focused write clears an active large-file repair episode
ok 20 - successful focused write clears an active large-file repair episode
  ---
  duration_ms: 0.341625
  type: 'test'
  ...
# Subtest: permission failures are never reclassified as large-file recovery
ok 21 - permission failures are never reclassified as large-file recovery
  ---
  duration_ms: 0.071458
  type: 'test'
  ...
# Subtest: progress lease stays inert unless explicitly enabled
ok 22 - progress lease stays inert unless explicitly enabled
  ---
  duration_ms: 1.430584
  type: 'test'
  ...
# Subtest: opaque hash churn is stagnant while a smaller remaining count renews the lease
ok 23 - opaque hash churn is stagnant while a smaller remaining count renews the lease
  ---
  duration_ms: 0.219708
  type: 'test'
  ...
# Subtest: only a strictly increasing domain progress ordinal renews the lease
ok 24 - only a strictly increasing domain progress ordinal renews the lease
  ---
  duration_ms: 0.08375
  type: 'test'
  ...
# Subtest: a lower remaining count cannot roll the stored progress ordinal backward
ok 25 - a lower remaining count cannot roll the stored progress ordinal backward
  ---
  duration_ms: 0.096167
  type: 'test'
  ...
# Subtest: two stagnant observations require a boundary and allow exactly one post-boundary turn
ok 26 - two stagnant observations require a boundary and allow exactly one post-boundary turn
  ---
  duration_ms: 0.059042
  type: 'test'
  ...
# Subtest: new repair feedback after a boundary gets one delivery turn without renewing progress
ok 27 - new repair feedback after a boundary gets one delivery turn without renewing progress
  ---
  duration_ms: 0.36675
  type: 'test'
  ...
# Subtest: genuine progress after repair feedback renews the lease
ok 28 - genuine progress after repair feedback renews the lease
  ---
  duration_ms: 0.128625
  type: 'test'
  ...
# Subtest: a newly prepared repair target gets one non-progress request after feedback
ok 29 - a newly prepared repair target gets one non-progress request after feedback
  ---
  duration_ms: 0.126875
  type: 'test'
  ...
# Subtest: genuine progress immediately after repair preparation renews the lease
ok 30 - genuine progress immediately after repair preparation renews the lease
  ---
  duration_ms: 0.396042
  type: 'test'
  ...
# Subtest: preparation observed before feedback cannot be replayed after the boundary
ok 31 - preparation observed before feedback cannot be replayed after the boundary
  ---
  duration_ms: 0.515917
  type: 'test'
  ...
# Subtest: a second repair revision cannot replace missing progress after feedback
ok 32 - a second repair revision cannot replace missing progress after feedback
  ---
  duration_ms: 0.165417
  type: 'test'
  ...
# Subtest: repair feedback already delivered before a boundary cannot be replayed as grace
ok 33 - repair feedback already delivered before a boundary cannot be replayed as grace
  ---
  duration_ms: 0.075792
  type: 'test'
  ...
# Subtest: a new operational handoff gets one bounded request without renewing progress
ok 34 - a new operational handoff gets one bounded request without renewing progress
  ---
  duration_ms: 0.1125
  type: 'test'
  ...
# Subtest: a post-boundary handoff is bounded and its replay still fails closed
ok 35 - a post-boundary handoff is bounded and its replay still fails closed
  ---
  duration_ms: 0.068292
  type: 'test'
  ...
# Subtest: simultaneous repair and handoff revisions cannot be redeemed on separate turns
ok 36 - simultaneous repair and handoff revisions cannot be redeemed on separate turns
  ---
  duration_ms: 0.0765
  type: 'test'
  ...
# Subtest: a lower handoff ordinal cannot be replayed as grace
ok 37 - a lower handoff ordinal cannot be replayed as grace
  ---
  duration_ms: 0.119458
  type: 'test'
  ...
# Subtest: handoff allowance has a hard per-progress-epoch limit and resets only on progress
ok 38 - handoff allowance has a hard per-progress-epoch limit and resets only on progress
  ---
  duration_ms: 0.071916
  type: 'test'
  ...
# Subtest: handoff cannot bypass an unavailable required boundary
ok 39 - handoff cannot bypass an unavailable required boundary
  ---
  duration_ms: 0.059083
  type: 'test'
  ...
# Subtest: sanitized Case 09 matrix handoff trajectory reaches the next semantic checkpoint
ok 40 - sanitized Case 09 matrix handoff trajectory reaches the next semantic checkpoint
  ---
  duration_ms: 1.62725
  type: 'test'
  ...
# Subtest: cold-start allowance expires after the first explicit domain progress
ok 41 - cold-start allowance expires after the first explicit domain progress
  ---
  duration_ms: 0.061209
  type: 'test'
  ...
# Subtest: evaluation mode fails closed when the required boundary is rejected or unavailable
ok 42 - evaluation mode fails closed when the required boundary is rejected or unavailable
  ---
  duration_ms: 0.040208
  type: 'test'
  ...
# Subtest: a completed report releases the tracked scope
ok 43 - a completed report releases the tracked scope
  ---
  duration_ms: 0.033833
  type: 'test'
  ...
# Subtest: convergence metadata parser rejects malformed and oversized reports
ok 44 - convergence metadata parser rejects malformed and oversized reports
  ---
  duration_ms: 0.09675
  type: 'test'
  ...
# Subtest: explore subagent does not probe tool safety before execution
ok 45 - explore subagent does not probe tool safety before execution
  ---
  duration_ms: 21.75625
  type: 'test'
  ...
# Subtest: explore registry ignores an unallowed dynamic execute_code tool without probing it
ok 46 - explore registry ignores an unallowed dynamic execute_code tool without probing it
  ---
  duration_ms: 0.315375
  type: 'test'
  ...
# Subtest: read-only subagent evaluates bash safety from the real command
ok 47 - read-only subagent evaluates bash safety from the real command
  ---
  duration_ms: 2.954042
  type: 'test'
  ...
# Subtest: read-only execute_code checks the real code instead of crashing on registry setup
ok 48 - read-only execute_code checks the real code instead of crashing on registry setup
  ---
  duration_ms: 0.511
  type: 'test'
  ...
# Subtest: subagent budget defaults to ten minutes without a parent deadline
ok 49 - subagent budget defaults to ten minutes without a parent deadline
  ---
  duration_ms: 5.811167
  type: 'test'
  ...
# Subtest: subagent budget preserves the parent handoff window
ok 50 - subagent budget preserves the parent handoff window
  ---
  duration_ms: 0.279834
  type: 'test'
  ...
# Subtest: subagent budget directive exposes the effective bound and diminishing-return rule
ok 51 - subagent budget directive exposes the effective bound and diminishing-return rule
  ---
  duration_ms: 0.188042
  type: 'test'
  ...
# Subtest: composed subagent timeout aborts with a typed reason
ok 52 - composed subagent timeout aborts with a typed reason
  ---
  duration_ms: 6.180125
  type: 'test'
  ...
# Subtest: subagent operation returns control even when the callee ignores abort
ok 53 - subagent operation returns control even when the callee ignores abort
  ---
  duration_ms: 7.303833
  type: 'test'
  ...
# Subtest: parent abort wins without being misclassified as a child timeout
ok 54 - parent abort wins without being misclassified as a child timeout
  ---
  duration_ms: 0.704583
  type: 'test'
  ...
# Subtest: filterIncompleteToolCalls tolerates malformed messages without content
ok 55 - filterIncompleteToolCalls tolerates malformed messages without content
  ---
  duration_ms: 0.95875
  type: 'test'
  ...
# Subtest: fork timeout closes child lifecycle and lets the parent finish
ok 56 - fork timeout closes child lifecycle and lets the parent finish
  ---
  duration_ms: 34.950125
  type: 'test'
  ...
# Subtest: turn environment provides an isolated PilotDeck-owned work directory
ok 57 - turn environment provides an isolated PilotDeck-owned work directory
  ---
  duration_ms: 0.611292
  type: 'test'
  ...
# Subtest: turn environment inherits the process environment when no override is configured
ok 58 - turn environment inherits the process environment when no override is configured
  ---
  duration_ms: 0.163208
  type: 'test'
  ...
# Subtest: validates a required artifact and keeps contracts isolated by session
ok 59 - validates a required artifact and keeps contracts isolated by session
  ---
  duration_ms: 5.466417
  type: 'test'
  ...
# Subtest: missing or wrong-format artifacts fail with reviewer-readable issues
ok 60 - missing or wrong-format artifacts fail with reviewer-readable issues
  ---
  duration_ms: 0.902416
  type: 'test'
  ...
# Subtest: empty required artifacts fail validation
ok 61 - empty required artifacts fail validation
  ---
  duration_ms: 1.566459
  type: 'test'
  ...
# Subtest: rejects traversal and symlink escapes before a domain validator runs
ok 62 - rejects traversal and symlink escapes before a domain validator runs
  ---
  duration_ms: 3.129916
  type: 'test'
  ...
# Subtest: legal-specific validator data stays in the plugin validator
ok 63 - legal-specific validator data stays in the plugin validator
  ---
  duration_ms: 1.225334
  type: 'test'
  ...
# Subtest: validator exceptions become structured failures instead of escaping the runtime
ok 64 - validator exceptions become structured failures instead of escaping the runtime
  ---
  duration_ms: 1.904875
  type: 'test'
  ...
# Subtest: duplicate validator ids cannot override an existing validator
ok 65 - duplicate validator ids cannot override an existing validator
  ---
  duration_ms: 0.233292
  type: 'test'
  ...
# Subtest: contract registration is atomic when one contract is invalid
ok 66 - contract registration is atomic when one contract is invalid
  ---
  duration_ms: 0.075375
  type: 'test'
  ...
# Subtest: extension watcher ignores generated Python and Office runtime files
ok 67 - extension watcher ignores generated Python and Office runtime files
  ---
  duration_ms: 1.012834
  type: 'test'
  ...
# Subtest: config bootstrap does not copy bundled skills into user storage
ok 68 - config bootstrap does not copy bundled skills into user storage
  ---
  duration_ms: 69.41175
  type: 'test'
  ...
# Subtest: Office attachments are reported unsupported before size checks
ok 69 - Office attachments are reported unsupported before size checks
  ---
  duration_ms: 4.361542
  type: 'test'
  ...
# Subtest: auto compaction reports summary success separately from rejected oversized output
ok 70 - auto compaction reports summary success separately from rejected oversized output
  ---
  duration_ms: 1.489166
  type: 'test'
  ...
# Subtest: auto compaction marks a budget-clearing summary as applied
ok 71 - auto compaction marks a budget-clearing summary as applied
  ---
  duration_ms: 0.084625
  type: 'test'
  ...
# Subtest: progress policy can force a full boundary while the token budget is still healthy
ok 72 - progress policy can force a full boundary while the token budget is still healthy
  ---
  duration_ms: 0.096
  type: 'test'
  ...
# Subtest: full compaction distinguishes a protected prefix with no summarizable messages from model failure
ok 73 - full compaction distinguishes a protected prefix with no summarizable messages from model failure
  ---
  duration_ms: 611.952416
  type: 'test'
  ...
# Subtest: auto compaction propagates no-summarizable as a stable rejection reason without claiming a summary attempt
ok 74 - auto compaction propagates no-summarizable as a stable rejection reason without claiming a summary attempt
  ---
  duration_ms: 0.335125
  type: 'test'
  ...
# Subtest: bounded protected-prefix retention summarizes old agent turns and preserves every kept tool pair
ok 75 - bounded protected-prefix retention summarizes old agent turns and preserves every kept tool pair
  ---
  duration_ms: 4.942458
  type: 'test'
  ...
# Subtest: full compaction summarizes a real-shaped single-prompt Agent trajectory
ok 76 - full compaction summarizes a real-shaped single-prompt Agent trajectory
  ---
  duration_ms: 6.476167
  type: 'test'
  ...
# Subtest: full compaction aligns a message-count tail boundary to complete tool turns
ok 77 - full compaction aligns a message-count tail boundary to complete tool turns
  ---
  duration_ms: 1.331791
  type: 'test'
  ...
# Subtest: sanitized Case 09 replay retains enough evidence to detect rejected blocking compactions
ok 78 - sanitized Case 09 replay retains enough evidence to detect rejected blocking compactions
  ---
  duration_ms: 8.663792
  type: 'test'
  ...
# Subtest: lifecycle context is injected as a transient model-only message
ok 79 - lifecycle context is injected as a transient model-only message
  ---
  duration_ms: 2.680916
  type: 'test'
  ...
# Subtest: lifecycle without a dynamic store preserves legacy hook messages
ok 80 - lifecycle without a dynamic store preserves legacy hook messages
  ---
  duration_ms: 0.200291
  type: 'test'
  ...
# Subtest: SessionEnd clears session-scoped runtime state even when a hook throws
ok 81 - SessionEnd clears session-scoped runtime state even when a hook throws
  ---
  duration_ms: 0.857417
  type: 'test'
  ...
# Subtest: merges pending context by priority and consumes it once
ok 82 - merges pending context by priority and consumes it once
  ---
  duration_ms: 2.7535
  type: 'test'
  ...
# Subtest: re-registering the same source and id replaces stale content without changing order
ok 83 - re-registering the same source and id replaces stale content without changing order
  ---
  duration_ms: 0.141958
  type: 'test'
  ...
# Subtest: expired context is pruned without affecting another session
ok 84 - expired context is pruned without affecting another session
  ---
  duration_ms: 0.062208
  type: 'test'
  ...
# Subtest: blank context is ignored
ok 85 - blank context is ignored
  ---
  duration_ms: 0.03875
  type: 'test'
  ...
# Subtest: clearing a session does not disturb another session with a shared prefix
ok 86 - clearing a session does not disturb another session with a shared prefix
  ---
  duration_ms: 0.089625
  type: 'test'
  ...
# Subtest: context budgets retain higher-priority entries and cap merged prompt size
ok 87 - context budgets retain higher-priority entries and cap merged prompt size
  ---
  duration_ms: 0.470375
  type: 'test'
  ...
# Subtest: source and id tuples cannot collide through delimiter characters
ok 88 - source and id tuples cannot collide through delimiter characters
  ---
  duration_ms: 0.079208
  type: 'test'
  ...
# Subtest: default prompt does not require Markdown links for generated files
ok 89 - default prompt does not require Markdown links for generated files
  ---
  duration_ms: 1.671875
  type: 'test'
  ...
# Subtest: default prompt does not advertise web search when the tool is unavailable
ok 90 - default prompt does not advertise web search when the tool is unavailable
  ---
  duration_ms: 0.220917
  type: 'test'
  ...
# Subtest: available skills include the resolved SKILL.md path and bounded lookup guidance
ok 91 - available skills include the resolved SKILL.md path and bounded lookup guidance
  ---
  duration_ms: 1.627459
  type: 'test'
  ...
# Subtest: budget snapshot uses conservative budget tokens for ratio while preserving real tokens
ok 92 - budget snapshot uses conservative budget tokens for ratio while preserving real tokens
  ---
  duration_ms: 0.528042
  type: 'test'
  ...
# Subtest: tool text under token budget remains inline even when over legacy byte threshold
ok 93 - tool text under token budget remains inline even when over legacy byte threshold
  ---
  duration_ms: 5704.790166
  type: 'test'
  ...
# Subtest: tool text over token budget is persisted with expanded grep-first preview
ok 94 - tool text over token budget is persisted with expanded grep-first preview
  ---
  duration_ms: 7.039
  type: 'test'
  ...
# Subtest: large tool error references preserve error semantics for model replay
ok 95 - large tool error references preserve error semantics for model replay
  ---
  duration_ms: 1.830959
  type: 'test'
  ...
# Subtest: multibyte truncated tool result references advertise read_file access
ok 96 - multibyte truncated tool result references advertise read_file access
  ---
  duration_ms: 1.114542
  type: 'test'
  ...
# Subtest: parses declarative artifact contracts without domain-specific knowledge
ok 97 - parses declarative artifact contracts without domain-specific knowledge
  ---
  duration_ms: 1.100292
  type: 'test'
  ...
# (node:40257) ExperimentalWarning: SQLite is an experimental feature and might change at any time
# (Use `node --trace-warnings ...` to show where the warning was created)
# Subtest: an active domain plugin contributes only generic runtime contracts
ok 98 - an active domain plugin contributes only generic runtime contracts
  ---
  duration_ms: 1.333167
  type: 'test'
  ...
# Subtest: internal prompts do not reactivate domain detection
ok 99 - internal prompts do not reactivate domain detection
  ---
  duration_ms: 0.083125
  type: 'test'
  ...
# Subtest: parses only the supported model request patch fields
ok 100 - parses only the supported model request patch fields
  ---
  duration_ms: 1.431083
  type: 'test'
  ...
# Subtest: parses bounded dynamic context controls for hook-driven injection
ok 101 - parses bounded dynamic context controls for hook-driven injection
  ---
  duration_ms: 0.174
  type: 'test'
  ...
# Subtest: standalone skills expose only their slug without a parent-directory namespace
ok 102 - standalone skills expose only their slug without a parent-directory namespace
  ---
  duration_ms: 7.821375
  type: 'test'
  ...
# Subtest: a plugin skill directory used as the configured base never derives a parent namespace
ok 103 - a plugin skill directory used as the configured base never derives a parent namespace
  ---
  duration_ms: 0.271958
  type: 'test'
  ...
# Subtest: standalone skill precedence is project > user > builtin without legacy aliases
ok 104 - standalone skill precedence is project > user > builtin without legacy aliases
  ---
  duration_ms: 18.800875
  type: 'test'
  ...
# Subtest: legacy bundled migration backs up only byte-identical bootstrap copies
ok 105 - legacy bundled migration backs up only byte-identical bootstrap copies
  ---
  duration_ms: 55.928667
  type: 'test'
  ...
# Subtest: legacy bundled migration leaves user skills untouched when the release bundle is missing
ok 106 - legacy bundled migration leaves user skills untouched when the release bundle is missing
  ---
  duration_ms: 15.144792
  type: 'test'
  ...
# Subtest: SkillManager lists built-ins separately and describes override relationships
ok 107 - SkillManager lists built-ins separately and describes override relationships
  ---
  duration_ms: 51.50925
  type: 'test'
  ...
# Subtest: SkillManager permits reading but rejects mutations of built-in skills
ok 108 - SkillManager permits reading but rejects mutations of built-in skills
  ---
  duration_ms: 6.801375
  type: 'test'
  ...
# Subtest: registered plain-text attachments with non-whitelisted names are described as read_file inspectable
ok 109 - registered plain-text attachments with non-whitelisted names are described as read_file inspectable
  ---
  duration_ms: 15.858292
  type: 'test'
  ...
# Subtest: registered Office attachments are still described as not directly inspectable
ok 110 - registered Office attachments are still described as not directly inspectable
  ---
  duration_ms: 5.721167
  type: 'test'
  ...
# Subtest: startPilotDeckServer listens before a background channel finishes starting
ok 111 - startPilotDeckServer listens before a background channel finishes starting
  ---
  duration_ms: 89.89
  type: 'test'
  ...
# (node:40264) ExperimentalWarning: SQLite is an experimental feature and might change at any time
# (Use `node --trace-warnings ...` to show where the warning was created)
# Subtest: browser-use args do not inherit generic proxy env by default
ok 112 - browser-use args do not inherit generic proxy env by default
  ---
  duration_ms: 1.072875
  type: 'test'
  ...
# Subtest: browser-use args use explicit browser proxy server
ok 113 - browser-use args use explicit browser proxy server
  ---
  duration_ms: 0.092583
  type: 'test'
  ...
# Subtest: browser-use args only inherit generic proxy env when opted in
ok 114 - browser-use args only inherit generic proxy env when opted in
  ---
  duration_ms: 0.067334
  type: 'test'
  ...
# Subtest: browser-use args use config proxy when browser env proxy is absent
ok 115 - browser-use args use config proxy when browser env proxy is absent
  ---
  duration_ms: 0.092792
  type: 'test'
  ...
# Subtest: browser-use args allow explicit direct mode to disable config proxy
ok 116 - browser-use args allow explicit direct mode to disable config proxy
  ---
  duration_ms: 0.053125
  type: 'test'
  ...
# Subtest: internal prompt dispatch waits for the user turn and fully drains the synthetic turn
ok 117 - internal prompt dispatch waits for the user turn and fully drains the synthetic turn
  ---
  duration_ms: 8.615041
  type: 'test'
  ...
# Subtest: mapAgentEvent propagates runId to streaming lifecycle boundaries
ok 118 - mapAgentEvent propagates runId to streaming lifecycle boundaries
  ---
  duration_ms: 1.537208
  type: 'test'
  ...
# Subtest: mapAgentEvent projects every convergence ordinal
ok 119 - mapAgentEvent projects every convergence ordinal
  ---
  duration_ms: 1.184291
  type: 'test'
  ...
# Subtest: defer returns immediately while a user turn is busy
ok 120 - defer returns immediately while a user turn is busy
  ---
  duration_ms: 1.618916
  type: 'test'
  ...
# Subtest: enqueue waits for idle and dispatches exactly once
ok 121 - enqueue waits for idle and dispatches exactly once
  ---
  duration_ms: 4.052708
  type: 'test'
  ...
# Subtest: same semantic key coalesces in-flight and dedupes after completion
ok 122 - same semantic key coalesces in-flight and dedupes after completion
  ---
  duration_ms: 0.476625
  type: 'test'
  ...
# Subtest: an idle-settle race retries when the gateway reports busy
ok 123 - an idle-settle race retries when the gateway reports busy
  ---
  duration_ms: 0.369417
  type: 'test'
  ...
# Subtest: abort while queued does not run an internal turn
ok 124 - abort while queued does not run an internal turn
  ---
  duration_ms: 0.224875
  type: 'test'
  ...
# Subtest: turn timeouts are reported distinctly from generic execution failures
ok 125 - turn timeouts are reported distinctly from generic execution failures
  ---
  duration_ms: 0.107083
  type: 'test'
  ...
# Subtest: a zero recent-dedupe window disables completed-result deduplication
ok 126 - a zero recent-dedupe window disables completed-result deduplication
  ---
  duration_ms: 0.299833
  type: 'test'
  ...
# Subtest: dispose prevents a queued prompt from starting after shutdown
ok 127 - dispose prevents a queued prompt from starting after shutdown
  ---
  duration_ms: 0.23475
  type: 'test'
  ...
# Subtest: the public WebSocket boundary strips trusted in-process turn controls
ok 128 - the public WebSocket boundary strips trusted in-process turn controls
  ---
  duration_ms: 0.942125
  type: 'test'
  ...
# Subtest: waitForIdle resolves only after the matching turn slot is released
ok 129 - waitForIdle resolves only after the matching turn slot is released
  ---
  duration_ms: 5.075291
  type: 'test'
  ...
# Subtest: waitForIdle honors AbortSignal without releasing the turn
ok 130 - waitForIdle honors AbortSignal without releasing the turn
  ---
  duration_ms: 0.985084
  type: 'test'
  ...
# Subtest: mapAgentEvent bounds live tool result previews at the gateway
ok 131 - mapAgentEvent bounds live tool result previews at the gateway
  ---
  duration_ms: 1.114875
  type: 'test'
  ...
# Subtest: mapAgentEvent bounds large strings inside successful tool data
ok 132 - mapAgentEvent bounds large strings inside successful tool data
  ---
  duration_ms: 0.28375
  type: 'test'
  ...
# Subtest: mapAgentEvent bounds subagent tool result content and preview
ok 133 - mapAgentEvent bounds subagent tool result content and preview
  ---
  duration_ms: 0.132958
  type: 'test'
  ...
# Subtest: Gateway propagates its absolute turn deadline into the Agent session
ok 134 - Gateway propagates its absolute turn deadline into the Agent session
  ---
  duration_ms: 1.623917
  type: 'test'
  ...
# Subtest: WeixinChannel.start returns while QR login is waiting
ok 135 - WeixinChannel.start returns while QR login is waiting
  ---
  duration_ms: 15.257583
  type: 'test'
  ...
# Subtest: channel runtime status reporter persists the latest channel state
ok 136 - channel runtime status reporter persists the latest channel state
  ---
  duration_ms: 3.212208
  type: 'test'
  ...
# Subtest: UI weixin QR route only reads runtime status
ok 137 - UI weixin QR route only reads runtime status
  ---
  duration_ms: 1.505
  type: 'test'
  ...
# Subtest: UI weixin QR begin route delegates to gateway prepare RPC
ok 138 - UI weixin QR begin route delegates to gateway prepare RPC
  ---
  duration_ms: 0.164584
  type: 'test'
  ...
# Subtest: Gateway settings keeps existing status rendered during silent refresh
ok 139 - Gateway settings keeps existing status rendered during silent refresh
  ---
  duration_ms: 0.32
  type: 'test'
  ...
# Subtest: Gateway settings starts weixin QR by begin route and ignores stale runtime errors
ok 140 - Gateway settings starts weixin QR by begin route and ignores stale runtime errors
  ---
  duration_ms: 0.263666
  type: 'test'
  ...
# Subtest: Gateway protocol exposes prepare_weixin_login RPC
ok 141 - Gateway protocol exposes prepare_weixin_login RPC
  ---
  duration_ms: 1.4395
  type: 'test'
  ...
# Subtest: applies context, system messages, and restricted model request patches
ok 142 - applies context, system messages, and restricted model request patches
  ---
  duration_ms: 2.066417
  type: 'test'
  ...
# Subtest: blocks before any request mutation is used
ok 143 - blocks before any request mutation is used
  ---
  duration_ms: 0.082625
  type: 'test'
  ...
# Subtest: McpClient keeps stdio clients idle before connection
ok 144 - McpClient keeps stdio clients idle before connection
  ---
  duration_ms: 0.484666
  type: 'test'
  ...
# Subtest: McpClient constructs streamable_http transport without requiring stdio fields
ok 145 - McpClient constructs streamable_http transport without requiring stdio fields
  ---
  duration_ms: 0.042833
  type: 'test'
  ...
# Subtest: McpClient routes streamable_http fetches with bounded timeouts
ok 146 - McpClient routes streamable_http fetches with bounded timeouts
  ---
  duration_ms: 0.680167
  type: 'test'
  ...
# Subtest: expandMcpString expands ${env:*} placeholders
ok 147 - expandMcpString expands ${env:*} placeholders
  ---
  duration_ms: 2.069208
  type: 'test'
  ...
# Subtest: expandMcpString expands ${userHome} placeholder
ok 148 - expandMcpString expands ${userHome} placeholder
  ---
  duration_ms: 0.100083
  type: 'test'
  ...
# Subtest: expandMcpString expands ~ prefix
ok 149 - expandMcpString expands ~ prefix
  ---
  duration_ms: 0.043417
  type: 'test'
  ...
# Subtest: expandMcpString leaves unknown env vars as empty string
ok 150 - expandMcpString leaves unknown env vars as empty string
  ---
  duration_ms: 0.036208
  type: 'test'
  ...
# Subtest: expandMcpString handles combined placeholders
ok 151 - expandMcpString handles combined placeholders
  ---
  duration_ms: 0.043667
  type: 'test'
  ...
# Subtest: expandMcpConfig recursively expands objects and arrays
ok 152 - expandMcpConfig recursively expands objects and arrays
  ---
  duration_ms: 0.533833
  type: 'test'
  ...
# Subtest: parsePluginMcpServers expands ${env:*} in stdio env
ok 153 - parsePluginMcpServers expands ${env:*} in stdio env
  ---
  duration_ms: 0.143083
  type: 'test'
  ...
# Subtest: parsePluginMcpServers expands ${env:*} in stdio command before transport detection
ok 154 - parsePluginMcpServers expands ${env:*} in stdio command before transport detection
  ---
  duration_ms: 0.044834
  type: 'test'
  ...
# Subtest: parsePluginMcpServers drops empty expanded stdio command
ok 155 - parsePluginMcpServers drops empty expanded stdio command
  ---
  duration_ms: 0.18875
  type: 'test'
  ...
# Subtest: parsePluginMcpServers expands ${userHome} in stdio cwd
ok 156 - parsePluginMcpServers expands ${userHome} in stdio cwd
  ---
  duration_ms: 0.227917
  type: 'test'
  ...
# Subtest: parsePluginMcpServers expands ~ in stdio args (backward compat)
ok 157 - parsePluginMcpServers expands ~ in stdio args (backward compat)
  ---
  duration_ms: 0.10675
  type: 'test'
  ...
# Subtest: parsePluginMcpServers expands ${env:*} in streamable_http url
ok 158 - parsePluginMcpServers expands ${env:*} in streamable_http url
  ---
  duration_ms: 0.042417
  type: 'test'
  ...
# Subtest: parsePluginMcpServers expands ${env:*} in streamable_http headers
ok 159 - parsePluginMcpServers expands ${env:*} in streamable_http headers
  ---
  duration_ms: 0.0375
  type: 'test'
  ...
# Subtest: user config and plugin config resolve same placeholders consistently
ok 160 - user config and plugin config resolve same placeholders consistently
  ---
  duration_ms: 0.036167
  type: 'test'
  ...
# Subtest: Anthropic-compatible terminated SSE errors remain retryable
ok 161 - Anthropic-compatible terminated SSE errors remain retryable
  ---
  duration_ms: 1.822166
  type: 'test'
  ...
# Subtest: catalog provider resolves api key from default env var when apiKey is omitted
ok 162 - catalog provider resolves api key from default env var when apiKey is omitted
  ---
  duration_ms: 1.860791
  type: 'test'
  ...
# Subtest: catalog provider resolves api key from default env var when apiKey is blank
ok 163 - catalog provider resolves api key from default env var when apiKey is blank
  ---
  duration_ms: 0.197
  type: 'test'
  ...
# Subtest: normalizeModelError classifies common network failures
ok 164 - normalizeModelError classifies common network failures
  ---
  duration_ms: 3.350625
  type: 'test'
  ...
# Subtest: model request failure preserves provider raw message before action guidance
ok 165 - model request failure preserves provider raw message before action guidance
  ---
  duration_ms: 3.359
  type: 'test'
  ...
# Subtest: model_not_found guidance points users to local model settings
ok 166 - model_not_found guidance points users to local model settings
  ---
  duration_ms: 0.810333
  type: 'test'
  ...
# Subtest: stream idle timeout is classified as timeout with network and timeoutMs guidance
ok 167 - stream idle timeout is classified as timeout with network and timeoutMs guidance
  ---
  duration_ms: 0.271208
  type: 'test'
  ...
# Subtest: provider terminated stream is classified as a retryable connection reset
ok 168 - provider terminated stream is classified as a retryable connection reset
  ---
  duration_ms: 0.201708
  type: 'test'
  ...
# Subtest: billing and rate limit guidance distinguish provider-side fixes
ok 169 - billing and rate limit guidance distinguish provider-side fixes
  ---
  duration_ms: 0.081709
  type: 'test'
  ...
# Subtest: unknown provider errors still give actionable settings and provider checks
ok 170 - unknown provider errors still give actionable settings and provider checks
  ---
  duration_ms: 0.03925
  type: 'test'
  ...
# Subtest: OpenAI Responses usage reads cached tokens from input token details
ok 171 - OpenAI Responses usage reads cached tokens from input token details
  ---
  duration_ms: 0.54875
  type: 'test'
  ...
# Subtest: Gemini usage counts thoughts tokens as output consumption
ok 172 - Gemini usage counts thoughts tokens as output consumption
  ---
  duration_ms: 0.082542
  type: 'test'
  ...
# Subtest: Ollama provider uses catalog defaults and does not require apiKey
ok 173 - Ollama provider uses catalog defaults and does not require apiKey
  ---
  duration_ms: 0.73825
  type: 'test'
  ...
# Subtest: Ollama provider builds OpenAI-compatible chat completions body
ok 174 - Ollama provider builds OpenAI-compatible chat completions body
  ---
  duration_ms: 1.108417
  type: 'test'
  ...
# Subtest: model request builders tolerate malformed messages with missing content
ok 175 - model request builders tolerate malformed messages with missing content
  ---
  duration_ms: 0.83125
  type: 'test'
  ...
# Subtest: cloneMessages normalizes malformed messages with missing content
ok 176 - cloneMessages normalizes malformed messages with missing content
  ---
  duration_ms: 0.485666
  type: 'test'
  ...
# Subtest: streamModel retries Anthropic-compatible terminated SSE errors
ok 177 - streamModel retries Anthropic-compatible terminated SSE errors
  ---
  duration_ms: 8.464583
  type: 'test'
  ...
# Subtest: networkFetch retries retryable status responses and then succeeds
ok 178 - networkFetch retries retryable status responses and then succeeds
  ---
  duration_ms: 5.379833
  type: 'test'
  ...
# Subtest: networkFetch uses retry-after when calculating retry delay
ok 179 - networkFetch uses retry-after when calculating retry delay
  ---
  duration_ms: 0.139583
  type: 'test'
  ...
# Subtest: networkFetch caps retry-after delays with maxDelayMs
ok 180 - networkFetch caps retry-after delays with maxDelayMs
  ---
  duration_ms: 0.064958
  type: 'test'
  ...
# Subtest: networkFetch normalizes DNS and reset errors
ok 181 - networkFetch normalizes DNS and reset errors
  ---
  duration_ms: 0.168959
  type: 'test'
  ...
# Subtest: networkFetch times out requests
ok 182 - networkFetch times out requests
  ---
  duration_ms: 3.533625
  type: 'test'
  ...
# Subtest: networkFetch honors init.signal abort reasons without options.signal
ok 183 - networkFetch honors init.signal abort reasons without options.signal
  ---
  duration_ms: 0.516625
  type: 'test'
  ...
# Subtest: networkFetch preserves parent NetworkFetchError reasons passed through options.signal
ok 184 - networkFetch preserves parent NetworkFetchError reasons passed through options.signal
  ---
  duration_ms: 0.371542
  type: 'test'
  ...
# (node:40298) ExperimentalWarning: SQLite is an experimental feature and might change at any time
# (Use `node --trace-warnings ...` to show where the warning was created)
# [session-title] generation skipped (invalid_json): Unexpected token 'Q', "QA" is not valid JSON
# Subtest: local gateway writes a complete shadow bundle linked to the final request
ok 185 - local gateway writes a complete shadow bundle linked to the final request
  ---
  duration_ms: 746.303166
  type: 'test'
  ...
# [session-title] generation skipped (invalid_json): Unexpected token 'Q', "QA" is not valid JSON
# [session-title] generation skipped (invalid_json): Unexpected token 'Q', "QA" is not valid JSON
# Subtest: enabling O1 does not change Agent-visible model input
ok 186 - enabling O1 does not change Agent-visible model input
  ---
  duration_ms: 445.842583
  type: 'test'
  ...
# (node:40300) ExperimentalWarning: SQLite is an experimental feature and might change at any time
# (Use `node --trace-warnings ...` to show where the warning was created)
# [session-title] generation skipped (invalid_json): Unexpected token 'B', "Bounded co"... is not valid JSON
# Subtest: local Gateway records a bounded handoff through boundary to progress
ok 187 - local Gateway records a bounded handoff through boundary to progress
  ---
  duration_ms: 1182.046458
  type: 'test'
  ...
# (node:40301) ExperimentalWarning: SQLite is an experimental feature and might change at any time
# (Use `node --trace-warnings ...` to show where the warning was created)
# Subtest: local Gateway records a complete O1 trajectory when a bounded child times out
ok 188 - local Gateway records a complete O1 trajectory when a bounded child times out
  ---
  duration_ms: 1610.037541
  type: 'test'
  ...
# Subtest: subagent tool detection and result pair at the model projection layer
ok 189 - subagent tool detection and result pair at the model projection layer
  ---
  duration_ms: 5.793625
  type: 'test'
  ...
# Subtest: main tool detection and result produce one exact O1 pair
ok 190 - main tool detection and result produce one exact O1 pair
  ---
  duration_ms: 0.57925
  type: 'test'
  ...
# Subtest: repair preparation grace is observable without becoming progress
ok 191 - repair preparation grace is observable without becoming progress
  ---
  duration_ms: 0.07175
  type: 'test'
  ...
# Subtest: recorder finalizes a complete hash-only trajectory
ok 192 - recorder finalizes a complete hash-only trajectory
  ---
  duration_ms: 12.276375
  type: 'test'
  ...
# Subtest: queue overflow is explicit and makes integrity partial
ok 193 - queue overflow is explicit and makes integrity partial
  ---
  duration_ms: 5.411667
  type: 'test'
  ...
# Subtest: verifier rejects reused model request identity and duplicate terminals
ok 194 - verifier rejects reused model request identity and duplicate terminals
  ---
  duration_ms: 7.229375
  type: 'test'
  ...
# Subtest: verifier rejects duplicate identity and secret-bearing keys
ok 195 - verifier rejects duplicate identity and secret-bearing keys
  ---
  duration_ms: 0.251917
  type: 'test'
  ...
# [PilotDeck] transientRetry: rate_limit (attempt 1/1, delay=1ms)
# Subtest: router observation closes every fallback and retry attempt
ok 196 - router observation closes every fallback and retry attempt
  ---
  duration_ms: 19.086541
  type: 'test'
  ...
# Subtest: router request identity separates sessions sharing a turn id
ok 197 - router request identity separates sessions sharing a turn id
  ---
  duration_ms: 4.380083
  type: 'test'
  ...
# Subtest: router request identity advances across sequential calls in one turn
ok 198 - router request identity advances across sequential calls in one turn
  ---
  duration_ms: 4.304958
  type: 'test'
  ...
# Subtest: observability is disabled by default and preserves the O1 diagnostic profile
ok 199 - observability is disabled by default and preserves the O1 diagnostic profile
  ---
  duration_ms: 28.715208
  type: 'test'
  ...
# Subtest: O1 rejects unsupported profiles and unsafe labels
ok 200 - O1 rejects unsupported profiles and unsafe labels
  ---
  duration_ms: 9.981958
  type: 'test'
  ...
# Subtest: web search can be explicitly disabled without discarding provider config
ok 201 - web search can be explicitly disabled without discarding provider config
  ---
  duration_ms: 1.112458
  type: 'test'
  ...
# Subtest: web search enabled remains optional for backwards compatibility
ok 202 - web search enabled remains optional for backwards compatibility
  ---
  duration_ms: 0.0535
  type: 'test'
  ...
# Subtest: web search enabled must be a boolean
ok 203 - web search enabled must be a boolean
  ---
  duration_ms: 0.049875
  type: 'test'
  ...
# Subtest: progress lease is disabled by default and opt-in evaluation config is preserved
ok 204 - progress lease is disabled by default and opt-in evaluation config is preserved
  ---
  duration_ms: 27.5425
  type: 'test'
  ...
# Subtest: progress lease preserves an explicit cold-start allowance
ok 205 - progress lease preserves an explicit cold-start allowance
  ---
  duration_ms: 2.908333
  type: 'test'
  ...
# Subtest: progress lease rejects non-evaluation modes
ok 206 - progress lease rejects non-evaluation modes
  ---
  duration_ms: 2.654459
  type: 'test'
  ...
# Subtest: progress lease rejects a cold-start allowance below the steady-state limit
ok 207 - progress lease rejects a cold-start allowance below the steady-state limit
  ---
  duration_ms: 3.226375
  type: 'test'
  ...
# Subtest: legal coverage validator creates a current proof and removes it when the deliverable changes
ok 208 - legal coverage validator creates a current proof and removes it when the deliverable changes
  ---
  duration_ms: 271.924584
  type: 'test'
  ...
# Subtest: legal coverage initializer creates a text skeleton before source review and remains idempotent
ok 209 - legal coverage initializer creates a text skeleton before source review and remains idempotent
  ---
  duration_ms: 404.231375
  type: 'test'
  ...
# Subtest: legal coverage initializer binds trusted manifests to original inputs
ok 210 - legal coverage initializer binds trusted manifests to original inputs
  ---
  duration_ms: 429.204167
  type: 'test'
  ...
# Subtest: legal coverage source bootstrap creates only deterministic pending manifest rows
ok 211 - legal coverage source bootstrap creates only deterministic pending manifest rows
  ---
  duration_ms: 412.998375
  type: 'test'
  ...
# Subtest: legal coverage injects deterministic disjoint worker batches for large pending source rooms
ok 212 - legal coverage injects deterministic disjoint worker batches for large pending source rooms
  ---
  duration_ms: 1926.209916
  type: 'test'
  ...
# Subtest: legal coverage CLI exposes bundled guidance through stable named references
ok 213 - legal coverage CLI exposes bundled guidance through stable named references
  ---
  duration_ms: 133.995625
  type: 'test'
  ...
# Subtest: legal coverage initializer creates only explicit text formats and preserves existing content
ok 214 - legal coverage initializer creates only explicit text formats and preserves existing content
  ---
  duration_ms: 56.417958
  type: 'test'
  ...
# Subtest: legal coverage initializer rejects traversal and symlink ancestors without external writes
ok 215 - legal coverage initializer rejects traversal and symlink ancestors without external writes
  ---
  duration_ms: 144.732458
  type: 'test'
  ...
# Subtest: legal coverage validator binds runner originals and derivations into its proof
ok 216 - legal coverage validator binds runner originals and derivations into its proof
  ---
  duration_ms: 212.702958
  type: 'test'
  ...
# Subtest: legal coverage validator rejects missing lineage and mutable or derived input roots
ok 217 - legal coverage validator rejects missing lineage and mutable or derived input roots
  ---
  duration_ms: 269.183458
  type: 'test'
  ...
# Subtest: legal coverage next-batch exposes one bounded deterministic repair slice
ok 218 - legal coverage next-batch exposes one bounded deterministic repair slice
  ---
  duration_ms: 210.951042
  type: 'test'
  ...
# Subtest: legal coverage apply-batch atomically updates only the current bounded slice
ok 219 - legal coverage apply-batch atomically updates only the current bounded slice
  ---
  duration_ms: 303.369125
  type: 'test'
  ...
# Subtest: legal coverage apply-batch rejects record and byte limit violations before writing
ok 220 - legal coverage apply-batch rejects record and byte limit violations before writing
  ---
  duration_ms: 198.482584
  type: 'test'
  ...
# Subtest: legal coverage validator rejects orphaned conflicts and incomplete final disclosure
ok 221 - legal coverage validator rejects orphaned conflicts and incomplete final disclosure
  ---
  duration_ms: 104.802875
  type: 'test'
  ...
# Subtest: legal coverage validator detects un-inventoried sources and cross-fact timeline collisions
ok 222 - legal coverage validator detects un-inventoried sources and cross-fact timeline collisions
  ---
  duration_ms: 118.369375
  type: 'test'
  ...
# Subtest: legal coverage validator rejects reused generic quotes and unsupported fact coverage
ok 223 - legal coverage validator rejects reused generic quotes and unsupported fact coverage
  ---
  duration_ms: 102.009375
  type: 'test'
  ...
# Subtest: legal coverage validator requires authority links for critical issues and legal-authority matrices
ok 224 - legal coverage validator requires authority links for critical issues and legal-authority matrices
  ---
  duration_ms: 102.942125
  type: 'test'
  ...
# Subtest: legal coverage validator rejects non-object canonical JSON documents
ok 225 - legal coverage validator rejects non-object canonical JSON documents
  ---
  duration_ms: 704.805792
  type: 'test'
  ...
# Subtest: legal coverage validator binds reviewed source bytes to the ledger and state hash
ok 226 - legal coverage validator binds reviewed source bytes to the ledger and state hash
  ---
  duration_ms: 209.9665
  type: 'test'
  ...
# Subtest: legal coverage validator rejects ancestor symlinks and a symlinked proof
ok 227 - legal coverage validator rejects ancestor symlinks and a symlinked proof
  ---
  duration_ms: 152.333
  type: 'test'
  ...
# Subtest: legal coverage validator does not read or write through a symlinked state ancestor
ok 228 - legal coverage validator does not read or write through a symlinked state ancestor
  ---
  duration_ms: 97.566791
  type: 'test'
  ...
# Subtest: legal coverage validator requires unresolved disclosure for unverified material facts
ok 229 - legal coverage validator requires unresolved disclosure for unverified material facts
  ---
  duration_ms: 101.802833
  type: 'test'
  ...
# Subtest: legal coverage validator rejects unique but irrelevant issue and authority quotes
ok 230 - legal coverage validator rejects unique but irrelevant issue and authority quotes
  ---
  duration_ms: 102.680375
  type: 'test'
  ...
# Subtest: legal coverage validator enforces reciprocal and same-entry ledger relationships
ok 231 - legal coverage validator enforces reciprocal and same-entry ledger relationships
  ---
  duration_ms: 102.563375
  type: 'test'
  ...
# Subtest: legal coverage validator accepts null for an optional threshold assessment
ok 232 - legal coverage validator accepts null for an optional threshold assessment
  ---
  duration_ms: 101.502458
  type: 'test'
  ...
# Subtest: legal coverage validator uses locators without quotes for binary deliverables
ok 233 - legal coverage validator uses locators without quotes for binary deliverables
  ---
  duration_ms: 102.508708
  type: 'test'
  ...
# Subtest: legal coverage validator rejects empty-fact shortcuts and material facts outside matrices
ok 234 - legal coverage validator rejects empty-fact shortcuts and material facts outside matrices
  ---
  duration_ms: 202.294625
  type: 'test'
  ...
# Subtest: legal coverage hook activates only legal work and injects one observable milestone
ok 235 - legal coverage hook activates only legal work and injects one observable milestone
  ---
  duration_ms: 535.4935
  type: 'test'
  ...
# Subtest: legal coverage hook groups repeated validator errors into one bounded milestone
ok 236 - legal coverage hook groups repeated validator errors into one bounded milestone
  ---
  duration_ms: 544.780209
  type: 'test'
  ...
# Subtest: legal coverage pending-matrix selection is bounded across pages and invalid revisions cannot manufacture progress
ok 237 - legal coverage pending-matrix selection is bounded across pages and invalid revisions cannot manufacture progress
  ---
  duration_ms: 1005.150375
  type: 'test'
  ...
# Subtest: legal coverage progress ordinal advances once for a new legal phase
ok 238 - legal coverage progress ordinal advances once for a new legal phase
  ---
  duration_ms: 210.462584
  type: 'test'
  ...
# Subtest: legal coverage permits not-applicable only after exhaustive selection and rejects stale or changed matrix proposals
ok 239 - legal coverage permits not-applicable only after exhaustive selection and rejects stale or changed matrix proposals
  ---
  duration_ms: 479.518292
  type: 'test'
  ...
# Subtest: legal coverage rejects oversized matrix evidence before making a selection receipt immutable
ok 240 - legal coverage rejects oversized matrix evidence before making a selection receipt immutable
  ---
  duration_ms: 158.395625
  type: 'test'
  ...
# Subtest: legal coverage fails closed when one matrix index item exceeds the bounded page
ok 241 - legal coverage fails closed when one matrix index item exceeds the bounded page
  ---
  duration_ms: 156.985083
  type: 'test'
  ...
# Subtest: legal coverage injects a bounded deterministic matrix relation-closure batch
ok 242 - legal coverage injects a bounded deterministic matrix relation-closure batch
  ---
  duration_ms: 212.447625
  type: 'test'
  ...
# Subtest: legal coverage authority closure uses one bounded state-bound transaction
ok 243 - legal coverage authority closure uses one bounded state-bound transaction
  ---
  duration_ms: 597.338583
  type: 'test'
  ...
# Subtest: legal coverage rejects changed and symlinked authority closure proposals without ledger mutation
ok 244 - legal coverage rejects changed and symlinked authority closure proposals without ledger mutation
  ---
  duration_ms: 247.130625
  type: 'test'
  ...
# Subtest: legal coverage milestone digest ignores opaque incomplete-state hash churn
ok 245 - legal coverage milestone digest ignores opaque incomplete-state hash churn
  ---
  duration_ms: 2.380125
  type: 'test'
  ...
# Subtest: legal coverage hook activates a malformed configured workspace so the agent can repair it
ok 246 - legal coverage hook activates a malformed configured workspace so the agent can repair it
  ---
  duration_ms: 99.961791
  type: 'test'
  ...
# Subtest: legal coverage hook rejects a symlinked session-state ancestor without writing outside the workspace
ok 247 - legal coverage hook rejects a symlinked session-state ancestor without writing outside the workspace
  ---
  duration_ms: 50.414167
  type: 'test'
  ...
# Subtest: legal product plugin loads one skill and contains no benchmark-specific controls
ok 248 - legal product plugin loads one skill and contains no benchmark-specific controls
  ---
  duration_ms: 3.16975
  type: 'test'
  ...
# Subtest: file artifacts include every meaningful workspace change without an extension allowlist
ok 249 - file artifacts include every meaningful workspace change without an extension allowlist
  ---
  duration_ms: 39.786791
  type: 'test'
  ...
# Subtest: file artifact fingerprints are reused for unchanged files across scans and turns
ok 250 - file artifact fingerprints are reused for unchanged files across scans and turns
  ---
  duration_ms: 6.432375
  type: 'test'
  ...
# Subtest: TurnRunner emits and persists file artifacts before completing the turn
ok 251 - TurnRunner emits and persists file artifacts before completing the turn
  ---
  duration_ms: 20.656833
  type: 'test'
  ...
# Subtest: TurnRunner does not collect generated files when artifacts are disabled
ok 252 - TurnRunner does not collect generated files when artifacts are disabled
  ---
  duration_ms: 1.572709
  type: 'test'
  ...
# Subtest: bash success result is formatted with assertions, stdout, and stderr
ok 253 - bash success result is formatted with assertions, stdout, and stderr
  ---
  duration_ms: 4.197625
  type: 'test'
  ...
# Subtest: bash allows hyphenated commands whose names merely start with next
ok 254 - bash allows hyphenated commands whose names merely start with next
  ---
  duration_ms: 2.936042
  type: 'test'
  ...
# Subtest: bash still rejects exact framework CLI tokens that start long-lived processes
ok 255 - bash still rejects exact framework CLI tokens that start long-lived processes
  ---
  duration_ms: 2.275417
  type: 'test'
  ...
# Subtest: bash failure tool result includes raw stdout and stderr tail for UI and model
ok 256 - bash failure tool result includes raw stdout and stderr tail for UI and model
  ---
  duration_ms: 35.258958
  type: 'test'
  ...
# Subtest: bash failure diagnostic extracts Python traceback location and exception
ok 257 - bash failure diagnostic extracts Python traceback location and exception
  ---
  duration_ms: 0.653584
  type: 'test'
  ...
# Subtest: bash success keeps full output for ToolResultBudget persistence
ok 258 - bash success keeps full output for ToolResultBudget persistence
  ---
  duration_ms: 27.196083
  type: 'test'
  ...
# Subtest: agent tool accepts explorer as an alias for explore
ok 259 - agent tool accepts explorer as an alias for explore
  ---
  duration_ms: 1.308291
  type: 'test'
  ...
# Subtest: agent tool defaults general-purpose to explore in ask mode
ok 260 - agent tool defaults general-purpose to explore in ask mode
  ---
  duration_ms: 0.090083
  type: 'test'
  ...
# Subtest: agent tool injects and forwards the parent-bounded timeout
ok 261 - agent tool injects and forwards the parent-bounded timeout
  ---
  duration_ms: 0.168041
  type: 'test'
  ...
# Subtest: agent tool rejects a launch that would consume the parent handoff window
ok 262 - agent tool rejects a launch that would consume the parent handoff window
  ---
  duration_ms: 0.251208
  type: 'test'
  ...
# Subtest: agent fallback path enforces the same timeout
ok 263 - agent fallback path enforces the same timeout
  ---
  duration_ms: 6.571709
  type: 'test'
  ...
# Subtest: agent tool preserves unknown custom fallback subagent names
ok 264 - agent tool preserves unknown custom fallback subagent names
  ---
  duration_ms: 0.859541
  type: 'test'
  ...
# Subtest: execute_code read-only probe handles missing input
ok 265 - execute_code read-only probe handles missing input
  ---
  duration_ms: 0.535042
  type: 'test'
  ...
# Subtest: disabling web search removes it from the registry but keeps web fetch
ok 266 - disabling web search removes it from the registry but keeps web fetch
  ---
  duration_ms: 2.016334
  type: 'test'
  ...
# Subtest: execute_code rejects nested web search calls when web search is disabled
ok 267 - execute_code rejects nested web search calls when web search is disabled
  ---
  duration_ms: 3.31625
  type: 'test'
  ...
# Subtest: read_skill returns the resolved SKILL.md path with the skill body
ok 268 - read_skill returns the resolved SKILL.md path with the skill body
  ---
  duration_ms: 0.922167
  type: 'test'
  ...
# Subtest: read_skill preserves legacy content-only loading when metadata is unavailable
ok 269 - read_skill preserves legacy content-only loading when metadata is unavailable
  ---
  duration_ms: 0.094833
  type: 'test'
  ...
# Subtest: web_search retries transient provider failures
ok 270 - web_search retries transient provider failures
  ---
  duration_ms: 525.253333
  type: 'test'
  ...
# Subtest: web_search turns request timeout into tool_timeout
ok 271 - web_search turns request timeout into tool_timeout
  ---
  duration_ms: 3.014666
  type: 'test'
  ...
# Subtest: web_search turns network timeout errors into tool_timeout
ok 272 - web_search turns network timeout errors into tool_timeout
  ---
  duration_ms: 1.822958
  type: 'test'
  ...
# Subtest: write_file freshness error tells the model to read the file first
ok 273 - write_file freshness error tells the model to read the file first
  ---
  duration_ms: 1.818541
  type: 'test'
  ...
# Subtest: write_file missing content points at the missing field and chunked recovery
ok 274 - write_file missing content points at the missing field and chunked recovery
  ---
  duration_ms: 0.498875
  type: 'test'
  ...
# Subtest: invalid tool input keeps a bounded original error block
ok 275 - invalid tool input keeps a bounded original error block
  ---
  duration_ms: 0.419583
  type: 'test'
  ...
# Subtest: edit_file old_string miss tells the model to reread and copy exact text
ok 276 - edit_file old_string miss tells the model to reread and copy exact text
  ---
  duration_ms: 0.129333
  type: 'test'
  ...
# Subtest: read_file invalid range preserves the concrete issue
ok 277 - read_file invalid range preserves the concrete issue
  ---
  duration_ms: 0.216083
  type: 'test'
  ...
# Subtest: bash missing command reports the required command parameter
ok 278 - bash missing command reports the required command parameter
  ---
  duration_ms: 0.191875
  type: 'test'
  ...
# Subtest: bash timeout over max keeps foreground and task_wait guidance
ok 279 - bash timeout over max keeps foreground and task_wait guidance
  ---
  duration_ms: 0.27625
  type: 'test'
  ...
# Subtest: bash background rejection keeps background-specific guidance
ok 280 - bash background rejection keeps background-specific guidance
  ---
  duration_ms: 0.152916
  type: 'test'
  ...
# Subtest: write_file can create a new file without a prior read_file call
ok 281 - write_file can create a new file without a prior read_file call
  ---
  duration_ms: 8.089667
  type: 'test'
  ...
# Subtest: edit_file can create a new file with empty old_string without a prior read_file call
ok 282 - edit_file can create a new file with empty old_string without a prior read_file call
  ---
  duration_ms: 2.985125
  type: 'test'
  ...
# Subtest: read_file auto-pages large text files instead of failing
ok 283 - read_file auto-pages large text files instead of failing
  ---
  duration_ms: 2142.346708
  type: 'test'
  ...
# Subtest: read_file rejects Office container files during validation
ok 284 - read_file rejects Office container files during validation
  ---
  duration_ms: 0.822125
  type: 'test'
  ...
# Subtest: read_file explicit limit reads a large file range without auto paging
ok 285 - read_file explicit limit reads a large file range without auto paging
  ---
  duration_ms: 5.133459
  type: 'test'
  ...
# Subtest: read_file auto-shrinks oversized persisted tool-result ref ranges
ok 286 - read_file auto-shrinks oversized persisted tool-result ref ranges
  ---
  duration_ms: 23114.370792
  type: 'test'
  ...
# Subtest: read_file keeps explicit oversized ordinary file ranges strict
ok 287 - read_file keeps explicit oversized ordinary file ranges strict
  ---
  duration_ms: 5.663583
  type: 'test'
  ...
# Subtest: read_file explicit limit records a ranged snapshot for follow-up edits
ok 288 - read_file explicit limit records a ranged snapshot for follow-up edits
  ---
  duration_ms: 1.359375
  type: 'test'
  ...
# Subtest: read_file auto-paged large files record a ranged snapshot for follow-up edits
ok 289 - read_file auto-paged large files record a ranged snapshot for follow-up edits
  ---
  duration_ms: 1626.561917
  type: 'test'
  ...
# Subtest: read_file returns a head-tail preview for a single oversized line
ok 290 - read_file returns a head-tail preview for a single oversized line
  ---
  duration_ms: 3.066375
  type: 'test'
  ...
# Subtest: read_file classifies common Office formats as binary
ok 291 - read_file classifies common Office formats as binary
  ---
  duration_ms: 0.199375
  type: 'test'
  ...
# Subtest: read_file rejects ranged binary input instead of hanging
ok 292 - read_file rejects ranged binary input instead of hanging
  ---
  duration_ms: 0.826375
  type: 'test'
  ...
# Subtest: read_file range honors an aborted signal
ok 293 - read_file range honors an aborted signal
  ---
  duration_ms: 0.522167
  type: 'test'
  ...
# Subtest: glob result text tells the model when more files are available
ok 294 - glob result text tells the model when more files are available
  ---
  duration_ms: 32.521542
  type: 'test'
  ...
# Subtest: grep result text includes next offset when paginated
ok 295 - grep result text includes next offset when paginated
  ---
  duration_ms: 23.095208
  type: 'test'
  ...
# Subtest: todo_write returns the actual todo list in model-visible content
ok 296 - todo_write returns the actual todo list in model-visible content
  ---
  duration_ms: 0.891209
  type: 'test'
  ...
# Subtest: task_list returns model-visible status and next action hints
ok 297 - task_list returns model-visible status and next action hints
  ---
  duration_ms: 2.518417
  type: 'test'
  ...
# Subtest: applyResultSizeLimit keeps both head and tail when truncating text output
ok 298 - applyResultSizeLimit keeps both head and tail when truncating text output
  ---
  duration_ms: 0.908459
  type: 'test'
  ...
# Subtest: large tool results are persisted under workspace .pilotdeck and readable by read_file
ok 299 - large tool results are persisted under workspace .pilotdeck and readable by read_file
  ---
  duration_ms: 13.56325
  type: 'test'
  ...
# Subtest: large tool result read_file aliases are short and sequential
ok 300 - large tool result read_file aliases are short and sequential
  ---
  duration_ms: 4.525083
  type: 'test'
  ...
# Subtest: history replay restores structured agent file artifacts
ok 301 - history replay restores structured agent file artifacts
  ---
  duration_ms: 9.21775
  type: 'test'
  ...
# Subtest: history replay hides Agent file artifacts in general conversations
ok 302 - history replay hides Agent file artifacts in general conversations
  ---
  duration_ms: 3.051167
  type: 'test'
  ...
# Subtest: history replay preserves agent status i18n metadata and user hint
ok 303 - history replay preserves agent status i18n metadata and user hint
  ---
  duration_ms: 11.182
  type: 'test'
  ...
# Subtest: history token usage restores latest non-empty turn past latest empty turn result
ok 304 - history token usage restores latest non-empty turn past latest empty turn result
  ---
  duration_ms: 3.456625
  type: 'test'
  ...
# Subtest: history token usage prefers persisted context budget snapshot
ok 305 - history token usage prefers persisted context budget snapshot
  ---
  duration_ms: 3.774625
  type: 'test'
  ...
# Subtest: web reducer merges persisted tool result detail path into existing tool result
ok 306 - web reducer merges persisted tool result detail path into existing tool result
  ---
  duration_ms: 1.397916
  type: 'test'
  ...
# Subtest: web reducer bounds huge live tool result previews
ok 307 - web reducer bounds huge live tool result previews
  ---
  duration_ms: 0.183417
  type: 'test'
  ...
1..307
# tests 307
# suites 0
# pass 307
# fail 0
# cancelled 0
# skipped 0
# todo 0
# duration_ms 29481.250791
