
> pilotdeck@0.1.0 test /Users/da/Documents/PilotDeck-worktrees/20260726-fix-convergence-v24r-evidence-guided-v1
> npm run build && node --test --test-force-exit --test-timeout 60000 "dist/tests/**/*.test.js" "dist/tests/**/*.spec.js"


> pilotdeck@0.1.0 prebuild
> npm run check:runtime && node scripts/bootstrap-pilotdeck-config.mjs && cd src/context/memory/edgeclaw-memory-core && npm run build


> pilotdeck@0.1.0 check:runtime
> node scripts/check-node-runtime.mjs


> edgeclaw-memory-core@0.0.0 build
> node -e "require('fs').rmSync('lib',{recursive:true,force:true})" && tsc -p tsconfig.json


> pilotdeck@0.1.0 build
> node -e "require('fs').rmSync('dist',{recursive:true,force:true})" && tsc -p tsconfig.json && node -e "require('fs').cpSync('src/extension/plugins/builtin','dist/src/extension/plugins/builtin',{recursive:true})"

TAP version 13
# Subtest: Feishu handles permission replies before the active chat drain finishes
ok 1 - Feishu handles permission replies before the active chat drain finishes
  ---
  duration_ms: 1.65225
  type: 'test'
  ...
# Subtest: ImPermissionHelper resolves all pending permission requests for a chat
ok 2 - ImPermissionHelper resolves all pending permission requests for a chat
  ---
  duration_ms: 1.237792
  type: 'test'
  ...
# Subtest: ImPermissionHelper keeps pending requests when the reply is invalid
ok 3 - ImPermissionHelper keeps pending requests when the reply is invalid
  ---
  duration_ms: 0.063583
  type: 'test'
  ...
# (node:20927) ExperimentalWarning: SQLite is an experimental feature and might change at any time
# (Use `node --trace-warnings ...` to show where the warning was created)
# Subtest: PreModelRequest mutations survive a post-routing request rebuild and remain model-only
ok 4 - PreModelRequest mutations survive a post-routing request rebuild and remain model-only
  ---
  duration_ms: 5.119542
  type: 'test'
  ...
# Subtest: AgentLoop exposes explicit subagent identity to lifecycle hooks
ok 5 - AgentLoop exposes explicit subagent identity to lifecycle hooks
  ---
  duration_ms: 2.324416
  type: 'test'
  ...
# Subtest: evaluation progress lease stops before a third unchanged model request when full compaction is rejected
ok 6 - evaluation progress lease stops before a third unchanged model request when full compaction is rejected
  ---
  duration_ms: 2.044625
  type: 'test'
  ...
# Subtest: artifact failure injects one bounded correction turn and succeeds after validation
ok 7 - artifact failure injects one bounded correction turn and succeeds after validation
  ---
  duration_ms: 5.681042
  type: 'test'
  ...
# Subtest: required artifact failure wins over max-turn completion after a final tool call
ok 8 - required artifact failure wins over max-turn completion after a final tool call
  ---
  duration_ms: 2.967083
  type: 'test'
  ...
# Subtest: AgentSession restores terminal state and dispatches SessionEnd when the runner throws
ok 9 - AgentSession restores terminal state and dispatches SessionEnd when the runner throws
  ---
  duration_ms: 4.000291
  type: 'test'
  ...
# Subtest: AgentSession cleanup runs when a consumer stops reading early
ok 10 - AgentSession cleanup runs when a consumer stops reading early
  ---
  duration_ms: 0.248375
  type: 'test'
  ...
# (node:20929) ExperimentalWarning: SQLite is an experimental feature and might change at any time
# (Use `node --trace-warnings ...` to show where the warning was created)
# Subtest: real gateway drives legal plugin milestones through bounded artifact correction
ok 11 - real gateway drives legal plugin milestones through bounded artifact correction
  ---
  duration_ms: 1548.687417
  type: 'test'
  ...
# Subtest: real gateway blocks completion when the legal Stop hook cannot read session state
ok 12 - real gateway blocks completion when the legal Stop hook cannot read session state
  ---
  duration_ms: 774.656417
  type: 'test'
  ...
# (node:20930) ExperimentalWarning: SQLite is an experimental feature and might change at any time
# (Use `node --trace-warnings ...` to show where the warning was created)
# Subtest: local gateway applies project hook context and enforces artifact correction
ok 13 - local gateway applies project hook context and enforces artifact correction
  ---
  duration_ms: 1062.108542
  type: 'test'
  ...
# Subtest: ordinary edit failures after a successful write do not enter large-file repair
ok 14 - ordinary edit failures after a successful write do not enter large-file repair
  ---
  duration_ms: 1.000834
  type: 'test'
  ...
# Subtest: an explicit post-draft large-file failure starts bounded recovery
ok 15 - an explicit post-draft large-file failure starts bounded recovery
  ---
  duration_ms: 0.191125
  type: 'test'
  ...
# Subtest: successful focused write clears an active large-file repair episode
ok 16 - successful focused write clears an active large-file repair episode
  ---
  duration_ms: 0.338209
  type: 'test'
  ...
# Subtest: permission failures are never reclassified as large-file recovery
ok 17 - permission failures are never reclassified as large-file recovery
  ---
  duration_ms: 0.108458
  type: 'test'
  ...
# Subtest: progress lease stays inert unless explicitly enabled
ok 18 - progress lease stays inert unless explicitly enabled
  ---
  duration_ms: 0.963166
  type: 'test'
  ...
# Subtest: opaque hash churn is stagnant while a smaller remaining count renews the lease
ok 19 - opaque hash churn is stagnant while a smaller remaining count renews the lease
  ---
  duration_ms: 0.171542
  type: 'test'
  ...
# Subtest: only a strictly increasing domain progress ordinal renews the lease
ok 20 - only a strictly increasing domain progress ordinal renews the lease
  ---
  duration_ms: 0.065416
  type: 'test'
  ...
# Subtest: a lower remaining count cannot roll the stored progress ordinal backward
ok 21 - a lower remaining count cannot roll the stored progress ordinal backward
  ---
  duration_ms: 0.046084
  type: 'test'
  ...
# Subtest: two stagnant observations require a boundary and allow exactly one post-boundary turn
ok 22 - two stagnant observations require a boundary and allow exactly one post-boundary turn
  ---
  duration_ms: 0.123708
  type: 'test'
  ...
# Subtest: cold-start allowance expires after the first explicit domain progress
ok 23 - cold-start allowance expires after the first explicit domain progress
  ---
  duration_ms: 0.051167
  type: 'test'
  ...
# Subtest: evaluation mode fails closed when the required boundary is rejected or unavailable
ok 24 - evaluation mode fails closed when the required boundary is rejected or unavailable
  ---
  duration_ms: 0.085875
  type: 'test'
  ...
# Subtest: a completed report releases the tracked scope
ok 25 - a completed report releases the tracked scope
  ---
  duration_ms: 0.034375
  type: 'test'
  ...
# Subtest: convergence metadata parser rejects malformed and oversized reports
ok 26 - convergence metadata parser rejects malformed and oversized reports
  ---
  duration_ms: 0.99075
  type: 'test'
  ...
# Subtest: explore subagent does not probe tool safety before execution
ok 27 - explore subagent does not probe tool safety before execution
  ---
  duration_ms: 14.616958
  type: 'test'
  ...
# Subtest: explore registry ignores an unallowed dynamic execute_code tool without probing it
ok 28 - explore registry ignores an unallowed dynamic execute_code tool without probing it
  ---
  duration_ms: 0.668375
  type: 'test'
  ...
# Subtest: read-only subagent evaluates bash safety from the real command
ok 29 - read-only subagent evaluates bash safety from the real command
  ---
  duration_ms: 5.119041
  type: 'test'
  ...
# Subtest: read-only execute_code checks the real code instead of crashing on registry setup
ok 30 - read-only execute_code checks the real code instead of crashing on registry setup
  ---
  duration_ms: 0.556083
  type: 'test'
  ...
# Subtest: filterIncompleteToolCalls tolerates malformed messages without content
ok 31 - filterIncompleteToolCalls tolerates malformed messages without content
  ---
  duration_ms: 1.82475
  type: 'test'
  ...
# Subtest: turn environment provides an isolated PilotDeck-owned work directory
ok 32 - turn environment provides an isolated PilotDeck-owned work directory
  ---
  duration_ms: 1.332167
  type: 'test'
  ...
# Subtest: turn environment inherits the process environment when no override is configured
ok 33 - turn environment inherits the process environment when no override is configured
  ---
  duration_ms: 0.279
  type: 'test'
  ...
# Subtest: validates a required artifact and keeps contracts isolated by session
ok 34 - validates a required artifact and keeps contracts isolated by session
  ---
  duration_ms: 14.502166
  type: 'test'
  ...
# Subtest: missing or wrong-format artifacts fail with reviewer-readable issues
ok 35 - missing or wrong-format artifacts fail with reviewer-readable issues
  ---
  duration_ms: 2.630458
  type: 'test'
  ...
# Subtest: empty required artifacts fail validation
ok 36 - empty required artifacts fail validation
  ---
  duration_ms: 6.638709
  type: 'test'
  ...
# Subtest: rejects traversal and symlink escapes before a domain validator runs
ok 37 - rejects traversal and symlink escapes before a domain validator runs
  ---
  duration_ms: 7.27875
  type: 'test'
  ...
# Subtest: legal-specific validator data stays in the plugin validator
ok 38 - legal-specific validator data stays in the plugin validator
  ---
  duration_ms: 3.311584
  type: 'test'
  ...
# Subtest: validator exceptions become structured failures instead of escaping the runtime
ok 39 - validator exceptions become structured failures instead of escaping the runtime
  ---
  duration_ms: 2.895458
  type: 'test'
  ...
# Subtest: duplicate validator ids cannot override an existing validator
ok 40 - duplicate validator ids cannot override an existing validator
  ---
  duration_ms: 0.455708
  type: 'test'
  ...
# Subtest: contract registration is atomic when one contract is invalid
ok 41 - contract registration is atomic when one contract is invalid
  ---
  duration_ms: 0.111458
  type: 'test'
  ...
# Subtest: extension watcher ignores generated Python and Office runtime files
ok 42 - extension watcher ignores generated Python and Office runtime files
  ---
  duration_ms: 0.543667
  type: 'test'
  ...
# Subtest: config bootstrap does not copy bundled skills into user storage
ok 43 - config bootstrap does not copy bundled skills into user storage
  ---
  duration_ms: 73.154333
  type: 'test'
  ...
# Subtest: Office attachments are reported unsupported before size checks
ok 44 - Office attachments are reported unsupported before size checks
  ---
  duration_ms: 6.589792
  type: 'test'
  ...
# Subtest: auto compaction reports summary success separately from rejected oversized output
ok 45 - auto compaction reports summary success separately from rejected oversized output
  ---
  duration_ms: 1.786708
  type: 'test'
  ...
# Subtest: auto compaction marks a budget-clearing summary as applied
ok 46 - auto compaction marks a budget-clearing summary as applied
  ---
  duration_ms: 0.100041
  type: 'test'
  ...
# Subtest: progress policy can force a full boundary while the token budget is still healthy
ok 47 - progress policy can force a full boundary while the token budget is still healthy
  ---
  duration_ms: 0.113958
  type: 'test'
  ...
# Subtest: full compaction distinguishes a protected prefix with no summarizable messages from model failure
ok 48 - full compaction distinguishes a protected prefix with no summarizable messages from model failure
  ---
  duration_ms: 458.43525
  type: 'test'
  ...
# Subtest: auto compaction propagates no-summarizable as a stable rejection reason without claiming a summary attempt
ok 49 - auto compaction propagates no-summarizable as a stable rejection reason without claiming a summary attempt
  ---
  duration_ms: 0.127459
  type: 'test'
  ...
# Subtest: bounded protected-prefix retention summarizes old agent turns and preserves every kept tool pair
ok 50 - bounded protected-prefix retention summarizes old agent turns and preserves every kept tool pair
  ---
  duration_ms: 27.250917
  type: 'test'
  ...
# Subtest: full compaction summarizes a real-shaped single-prompt Agent trajectory
ok 51 - full compaction summarizes a real-shaped single-prompt Agent trajectory
  ---
  duration_ms: 4.668334
  type: 'test'
  ...
# Subtest: full compaction aligns a message-count tail boundary to complete tool turns
ok 52 - full compaction aligns a message-count tail boundary to complete tool turns
  ---
  duration_ms: 0.995917
  type: 'test'
  ...
# Subtest: sanitized Case 09 replay retains enough evidence to detect rejected blocking compactions
ok 53 - sanitized Case 09 replay retains enough evidence to detect rejected blocking compactions
  ---
  duration_ms: 5.240542
  type: 'test'
  ...
# Subtest: lifecycle context is injected as a transient model-only message
ok 54 - lifecycle context is injected as a transient model-only message
  ---
  duration_ms: 3.94425
  type: 'test'
  ...
# Subtest: lifecycle without a dynamic store preserves legacy hook messages
ok 55 - lifecycle without a dynamic store preserves legacy hook messages
  ---
  duration_ms: 0.094625
  type: 'test'
  ...
# Subtest: SessionEnd clears session-scoped runtime state even when a hook throws
ok 56 - SessionEnd clears session-scoped runtime state even when a hook throws
  ---
  duration_ms: 0.295125
  type: 'test'
  ...
# Subtest: merges pending context by priority and consumes it once
ok 57 - merges pending context by priority and consumes it once
  ---
  duration_ms: 2.661583
  type: 'test'
  ...
# Subtest: re-registering the same source and id replaces stale content without changing order
ok 58 - re-registering the same source and id replaces stale content without changing order
  ---
  duration_ms: 0.126292
  type: 'test'
  ...
# Subtest: expired context is pruned without affecting another session
ok 59 - expired context is pruned without affecting another session
  ---
  duration_ms: 0.061792
  type: 'test'
  ...
# Subtest: blank context is ignored
ok 60 - blank context is ignored
  ---
  duration_ms: 0.04025
  type: 'test'
  ...
# Subtest: clearing a session does not disturb another session with a shared prefix
ok 61 - clearing a session does not disturb another session with a shared prefix
  ---
  duration_ms: 0.087167
  type: 'test'
  ...
# Subtest: context budgets retain higher-priority entries and cap merged prompt size
ok 62 - context budgets retain higher-priority entries and cap merged prompt size
  ---
  duration_ms: 1.396333
  type: 'test'
  ...
# Subtest: source and id tuples cannot collide through delimiter characters
ok 63 - source and id tuples cannot collide through delimiter characters
  ---
  duration_ms: 0.196125
  type: 'test'
  ...
# Subtest: default prompt does not require Markdown links for generated files
ok 64 - default prompt does not require Markdown links for generated files
  ---
  duration_ms: 2.800084
  type: 'test'
  ...
# Subtest: default prompt does not advertise web search when the tool is unavailable
ok 65 - default prompt does not advertise web search when the tool is unavailable
  ---
  duration_ms: 0.118417
  type: 'test'
  ...
# Subtest: available skills include the resolved SKILL.md path and bounded lookup guidance
ok 66 - available skills include the resolved SKILL.md path and bounded lookup guidance
  ---
  duration_ms: 1.726875
  type: 'test'
  ...
# Subtest: budget snapshot uses conservative budget tokens for ratio while preserving real tokens
ok 67 - budget snapshot uses conservative budget tokens for ratio while preserving real tokens
  ---
  duration_ms: 0.514375
  type: 'test'
  ...
# Subtest: tool text under token budget remains inline even when over legacy byte threshold
ok 68 - tool text under token budget remains inline even when over legacy byte threshold
  ---
  duration_ms: 5444.60675
  type: 'test'
  ...
# Subtest: tool text over token budget is persisted with expanded grep-first preview
ok 69 - tool text over token budget is persisted with expanded grep-first preview
  ---
  duration_ms: 6.598
  type: 'test'
  ...
# Subtest: large tool error references preserve error semantics for model replay
ok 70 - large tool error references preserve error semantics for model replay
  ---
  duration_ms: 1.782958
  type: 'test'
  ...
# Subtest: multibyte truncated tool result references advertise read_file access
ok 71 - multibyte truncated tool result references advertise read_file access
  ---
  duration_ms: 1.057542
  type: 'test'
  ...
# Subtest: parses declarative artifact contracts without domain-specific knowledge
ok 72 - parses declarative artifact contracts without domain-specific knowledge
  ---
  duration_ms: 1.14025
  type: 'test'
  ...
# (node:20949) ExperimentalWarning: SQLite is an experimental feature and might change at any time
# (Use `node --trace-warnings ...` to show where the warning was created)
# Subtest: an active domain plugin contributes only generic runtime contracts
ok 73 - an active domain plugin contributes only generic runtime contracts
  ---
  duration_ms: 2.700458
  type: 'test'
  ...
# Subtest: internal prompts do not reactivate domain detection
ok 74 - internal prompts do not reactivate domain detection
  ---
  duration_ms: 0.10525
  type: 'test'
  ...
# Subtest: parses only the supported model request patch fields
ok 75 - parses only the supported model request patch fields
  ---
  duration_ms: 1.120125
  type: 'test'
  ...
# Subtest: parses bounded dynamic context controls for hook-driven injection
ok 76 - parses bounded dynamic context controls for hook-driven injection
  ---
  duration_ms: 0.121542
  type: 'test'
  ...
# Subtest: standalone skills expose only their slug without a parent-directory namespace
ok 77 - standalone skills expose only their slug without a parent-directory namespace
  ---
  duration_ms: 15.727083
  type: 'test'
  ...
# Subtest: a plugin skill directory used as the configured base never derives a parent namespace
ok 78 - a plugin skill directory used as the configured base never derives a parent namespace
  ---
  duration_ms: 0.278375
  type: 'test'
  ...
# Subtest: standalone skill precedence is project > user > builtin without legacy aliases
ok 79 - standalone skill precedence is project > user > builtin without legacy aliases
  ---
  duration_ms: 18.444584
  type: 'test'
  ...
# Subtest: legacy bundled migration backs up only byte-identical bootstrap copies
ok 80 - legacy bundled migration backs up only byte-identical bootstrap copies
  ---
  duration_ms: 28.304625
  type: 'test'
  ...
# Subtest: legacy bundled migration leaves user skills untouched when the release bundle is missing
ok 81 - legacy bundled migration leaves user skills untouched when the release bundle is missing
  ---
  duration_ms: 8.837042
  type: 'test'
  ...
# Subtest: SkillManager lists built-ins separately and describes override relationships
ok 82 - SkillManager lists built-ins separately and describes override relationships
  ---
  duration_ms: 30.0085
  type: 'test'
  ...
# Subtest: SkillManager permits reading but rejects mutations of built-in skills
ok 83 - SkillManager permits reading but rejects mutations of built-in skills
  ---
  duration_ms: 15.041917
  type: 'test'
  ...
# Subtest: registered plain-text attachments with non-whitelisted names are described as read_file inspectable
ok 84 - registered plain-text attachments with non-whitelisted names are described as read_file inspectable
  ---
  duration_ms: 19.469292
  type: 'test'
  ...
# Subtest: registered Office attachments are still described as not directly inspectable
ok 85 - registered Office attachments are still described as not directly inspectable
  ---
  duration_ms: 3.740791
  type: 'test'
  ...
# Subtest: startPilotDeckServer listens before a background channel finishes starting
ok 86 - startPilotDeckServer listens before a background channel finishes starting
  ---
  duration_ms: 24.356667
  type: 'test'
  ...
# (node:20995) ExperimentalWarning: SQLite is an experimental feature and might change at any time
# (Use `node --trace-warnings ...` to show where the warning was created)
# Subtest: browser-use args do not inherit generic proxy env by default
ok 87 - browser-use args do not inherit generic proxy env by default
  ---
  duration_ms: 2.093833
  type: 'test'
  ...
# Subtest: browser-use args use explicit browser proxy server
ok 88 - browser-use args use explicit browser proxy server
  ---
  duration_ms: 0.26125
  type: 'test'
  ...
# Subtest: browser-use args only inherit generic proxy env when opted in
ok 89 - browser-use args only inherit generic proxy env when opted in
  ---
  duration_ms: 0.174042
  type: 'test'
  ...
# Subtest: browser-use args use config proxy when browser env proxy is absent
ok 90 - browser-use args use config proxy when browser env proxy is absent
  ---
  duration_ms: 0.181041
  type: 'test'
  ...
# Subtest: browser-use args allow explicit direct mode to disable config proxy
ok 91 - browser-use args allow explicit direct mode to disable config proxy
  ---
  duration_ms: 1.42375
  type: 'test'
  ...
# Subtest: internal prompt dispatch waits for the user turn and fully drains the synthetic turn
ok 92 - internal prompt dispatch waits for the user turn and fully drains the synthetic turn
  ---
  duration_ms: 5.895125
  type: 'test'
  ...
# Subtest: mapAgentEvent propagates runId to streaming lifecycle boundaries
ok 93 - mapAgentEvent propagates runId to streaming lifecycle boundaries
  ---
  duration_ms: 0.707042
  type: 'test'
  ...
# Subtest: defer returns immediately while a user turn is busy
ok 94 - defer returns immediately while a user turn is busy
  ---
  duration_ms: 1.038584
  type: 'test'
  ...
# Subtest: enqueue waits for idle and dispatches exactly once
ok 95 - enqueue waits for idle and dispatches exactly once
  ---
  duration_ms: 1.899834
  type: 'test'
  ...
# Subtest: same semantic key coalesces in-flight and dedupes after completion
ok 96 - same semantic key coalesces in-flight and dedupes after completion
  ---
  duration_ms: 0.165792
  type: 'test'
  ...
# Subtest: an idle-settle race retries when the gateway reports busy
ok 97 - an idle-settle race retries when the gateway reports busy
  ---
  duration_ms: 0.162042
  type: 'test'
  ...
# Subtest: abort while queued does not run an internal turn
ok 98 - abort while queued does not run an internal turn
  ---
  duration_ms: 0.111166
  type: 'test'
  ...
# Subtest: turn timeouts are reported distinctly from generic execution failures
ok 99 - turn timeouts are reported distinctly from generic execution failures
  ---
  duration_ms: 0.05375
  type: 'test'
  ...
# Subtest: a zero recent-dedupe window disables completed-result deduplication
ok 100 - a zero recent-dedupe window disables completed-result deduplication
  ---
  duration_ms: 0.158666
  type: 'test'
  ...
# Subtest: dispose prevents a queued prompt from starting after shutdown
ok 101 - dispose prevents a queued prompt from starting after shutdown
  ---
  duration_ms: 0.134834
  type: 'test'
  ...
# Subtest: the public WebSocket boundary strips trusted in-process turn controls
ok 102 - the public WebSocket boundary strips trusted in-process turn controls
  ---
  duration_ms: 0.943167
  type: 'test'
  ...
# Subtest: waitForIdle resolves only after the matching turn slot is released
ok 103 - waitForIdle resolves only after the matching turn slot is released
  ---
  duration_ms: 3.30125
  type: 'test'
  ...
# Subtest: waitForIdle honors AbortSignal without releasing the turn
ok 104 - waitForIdle honors AbortSignal without releasing the turn
  ---
  duration_ms: 0.614958
  type: 'test'
  ...
# Subtest: mapAgentEvent bounds live tool result previews at the gateway
ok 105 - mapAgentEvent bounds live tool result previews at the gateway
  ---
  duration_ms: 1.713708
  type: 'test'
  ...
# Subtest: mapAgentEvent bounds large strings inside successful tool data
ok 106 - mapAgentEvent bounds large strings inside successful tool data
  ---
  duration_ms: 0.884291
  type: 'test'
  ...
# Subtest: mapAgentEvent bounds subagent tool result content and preview
ok 107 - mapAgentEvent bounds subagent tool result content and preview
  ---
  duration_ms: 1.633583
  type: 'test'
  ...
# Subtest: WeixinChannel.start returns while QR login is waiting
ok 108 - WeixinChannel.start returns while QR login is waiting
  ---
  duration_ms: 2.877042
  type: 'test'
  ...
# Subtest: channel runtime status reporter persists the latest channel state
ok 109 - channel runtime status reporter persists the latest channel state
  ---
  duration_ms: 3.665375
  type: 'test'
  ...
# Subtest: UI weixin QR route only reads runtime status
ok 110 - UI weixin QR route only reads runtime status
  ---
  duration_ms: 1.410792
  type: 'test'
  ...
# Subtest: UI weixin QR begin route delegates to gateway prepare RPC
ok 111 - UI weixin QR begin route delegates to gateway prepare RPC
  ---
  duration_ms: 0.19025
  type: 'test'
  ...
# Subtest: Gateway settings keeps existing status rendered during silent refresh
ok 112 - Gateway settings keeps existing status rendered during silent refresh
  ---
  duration_ms: 0.377167
  type: 'test'
  ...
# Subtest: Gateway settings starts weixin QR by begin route and ignores stale runtime errors
ok 113 - Gateway settings starts weixin QR by begin route and ignores stale runtime errors
  ---
  duration_ms: 0.268375
  type: 'test'
  ...
# Subtest: Gateway protocol exposes prepare_weixin_login RPC
ok 114 - Gateway protocol exposes prepare_weixin_login RPC
  ---
  duration_ms: 0.45125
  type: 'test'
  ...
# Subtest: applies context, system messages, and restricted model request patches
ok 115 - applies context, system messages, and restricted model request patches
  ---
  duration_ms: 0.970542
  type: 'test'
  ...
# Subtest: blocks before any request mutation is used
ok 116 - blocks before any request mutation is used
  ---
  duration_ms: 0.052875
  type: 'test'
  ...
# Subtest: McpClient keeps stdio clients idle before connection
ok 117 - McpClient keeps stdio clients idle before connection
  ---
  duration_ms: 0.515625
  type: 'test'
  ...
# Subtest: McpClient constructs streamable_http transport without requiring stdio fields
ok 118 - McpClient constructs streamable_http transport without requiring stdio fields
  ---
  duration_ms: 0.045084
  type: 'test'
  ...
# Subtest: McpClient routes streamable_http fetches with bounded timeouts
ok 119 - McpClient routes streamable_http fetches with bounded timeouts
  ---
  duration_ms: 1.541291
  type: 'test'
  ...
# Subtest: expandMcpString expands ${env:*} placeholders
ok 120 - expandMcpString expands ${env:*} placeholders
  ---
  duration_ms: 1.17875
  type: 'test'
  ...
# Subtest: expandMcpString expands ${userHome} placeholder
ok 121 - expandMcpString expands ${userHome} placeholder
  ---
  duration_ms: 0.230417
  type: 'test'
  ...
# Subtest: expandMcpString expands ~ prefix
ok 122 - expandMcpString expands ~ prefix
  ---
  duration_ms: 0.080792
  type: 'test'
  ...
# Subtest: expandMcpString leaves unknown env vars as empty string
ok 123 - expandMcpString leaves unknown env vars as empty string
  ---
  duration_ms: 0.097459
  type: 'test'
  ...
# Subtest: expandMcpString handles combined placeholders
ok 124 - expandMcpString handles combined placeholders
  ---
  duration_ms: 0.079041
  type: 'test'
  ...
# Subtest: expandMcpConfig recursively expands objects and arrays
ok 125 - expandMcpConfig recursively expands objects and arrays
  ---
  duration_ms: 0.565
  type: 'test'
  ...
# Subtest: parsePluginMcpServers expands ${env:*} in stdio env
ok 126 - parsePluginMcpServers expands ${env:*} in stdio env
  ---
  duration_ms: 0.14975
  type: 'test'
  ...
# Subtest: parsePluginMcpServers expands ${env:*} in stdio command before transport detection
ok 127 - parsePluginMcpServers expands ${env:*} in stdio command before transport detection
  ---
  duration_ms: 0.049125
  type: 'test'
  ...
# Subtest: parsePluginMcpServers drops empty expanded stdio command
ok 128 - parsePluginMcpServers drops empty expanded stdio command
  ---
  duration_ms: 0.192084
  type: 'test'
  ...
# Subtest: parsePluginMcpServers expands ${userHome} in stdio cwd
ok 129 - parsePluginMcpServers expands ${userHome} in stdio cwd
  ---
  duration_ms: 0.228166
  type: 'test'
  ...
# Subtest: parsePluginMcpServers expands ~ in stdio args (backward compat)
ok 130 - parsePluginMcpServers expands ~ in stdio args (backward compat)
  ---
  duration_ms: 0.109375
  type: 'test'
  ...
# Subtest: parsePluginMcpServers expands ${env:*} in streamable_http url
ok 131 - parsePluginMcpServers expands ${env:*} in streamable_http url
  ---
  duration_ms: 0.799875
  type: 'test'
  ...
# Subtest: parsePluginMcpServers expands ${env:*} in streamable_http headers
ok 132 - parsePluginMcpServers expands ${env:*} in streamable_http headers
  ---
  duration_ms: 0.105833
  type: 'test'
  ...
# Subtest: user config and plugin config resolve same placeholders consistently
ok 133 - user config and plugin config resolve same placeholders consistently
  ---
  duration_ms: 0.084666
  type: 'test'
  ...
# Subtest: Anthropic-compatible terminated SSE errors remain retryable
ok 134 - Anthropic-compatible terminated SSE errors remain retryable
  ---
  duration_ms: 2.199583
  type: 'test'
  ...
# Subtest: catalog provider resolves api key from default env var when apiKey is omitted
ok 135 - catalog provider resolves api key from default env var when apiKey is omitted
  ---
  duration_ms: 1.785792
  type: 'test'
  ...
# Subtest: catalog provider resolves api key from default env var when apiKey is blank
ok 136 - catalog provider resolves api key from default env var when apiKey is blank
  ---
  duration_ms: 0.235916
  type: 'test'
  ...
# Subtest: normalizeModelError classifies common network failures
ok 137 - normalizeModelError classifies common network failures
  ---
  duration_ms: 4.836792
  type: 'test'
  ...
# Subtest: model request failure preserves provider raw message before action guidance
ok 138 - model request failure preserves provider raw message before action guidance
  ---
  duration_ms: 3.314625
  type: 'test'
  ...
# Subtest: model_not_found guidance points users to local model settings
ok 139 - model_not_found guidance points users to local model settings
  ---
  duration_ms: 1.658917
  type: 'test'
  ...
# Subtest: stream idle timeout is classified as timeout with network and timeoutMs guidance
ok 140 - stream idle timeout is classified as timeout with network and timeoutMs guidance
  ---
  duration_ms: 0.522042
  type: 'test'
  ...
# Subtest: provider terminated stream is classified as a retryable connection reset
ok 141 - provider terminated stream is classified as a retryable connection reset
  ---
  duration_ms: 0.427958
  type: 'test'
  ...
# Subtest: billing and rate limit guidance distinguish provider-side fixes
ok 142 - billing and rate limit guidance distinguish provider-side fixes
  ---
  duration_ms: 0.179875
  type: 'test'
  ...
# Subtest: unknown provider errors still give actionable settings and provider checks
ok 143 - unknown provider errors still give actionable settings and provider checks
  ---
  duration_ms: 0.090583
  type: 'test'
  ...
# Subtest: OpenAI Responses usage reads cached tokens from input token details
ok 144 - OpenAI Responses usage reads cached tokens from input token details
  ---
  duration_ms: 0.547917
  type: 'test'
  ...
# Subtest: Gemini usage counts thoughts tokens as output consumption
ok 145 - Gemini usage counts thoughts tokens as output consumption
  ---
  duration_ms: 0.0835
  type: 'test'
  ...
# Subtest: Ollama provider uses catalog defaults and does not require apiKey
ok 146 - Ollama provider uses catalog defaults and does not require apiKey
  ---
  duration_ms: 0.757333
  type: 'test'
  ...
# Subtest: Ollama provider builds OpenAI-compatible chat completions body
ok 147 - Ollama provider builds OpenAI-compatible chat completions body
  ---
  duration_ms: 0.903792
  type: 'test'
  ...
# Subtest: model request builders tolerate malformed messages with missing content
ok 148 - model request builders tolerate malformed messages with missing content
  ---
  duration_ms: 0.848375
  type: 'test'
  ...
# Subtest: cloneMessages normalizes malformed messages with missing content
ok 149 - cloneMessages normalizes malformed messages with missing content
  ---
  duration_ms: 0.49525
  type: 'test'
  ...
# Subtest: streamModel retries Anthropic-compatible terminated SSE errors
ok 150 - streamModel retries Anthropic-compatible terminated SSE errors
  ---
  duration_ms: 7.674375
  type: 'test'
  ...
# Subtest: networkFetch retries retryable status responses and then succeeds
ok 151 - networkFetch retries retryable status responses and then succeeds
  ---
  duration_ms: 5.320625
  type: 'test'
  ...
# Subtest: networkFetch uses retry-after when calculating retry delay
ok 152 - networkFetch uses retry-after when calculating retry delay
  ---
  duration_ms: 0.174125
  type: 'test'
  ...
# Subtest: networkFetch caps retry-after delays with maxDelayMs
ok 153 - networkFetch caps retry-after delays with maxDelayMs
  ---
  duration_ms: 0.072
  type: 'test'
  ...
# Subtest: networkFetch normalizes DNS and reset errors
ok 154 - networkFetch normalizes DNS and reset errors
  ---
  duration_ms: 0.185583
  type: 'test'
  ...
# Subtest: networkFetch times out requests
ok 155 - networkFetch times out requests
  ---
  duration_ms: 2.424542
  type: 'test'
  ...
# Subtest: networkFetch honors init.signal abort reasons without options.signal
ok 156 - networkFetch honors init.signal abort reasons without options.signal
  ---
  duration_ms: 0.2895
  type: 'test'
  ...
# Subtest: networkFetch preserves parent NetworkFetchError reasons passed through options.signal
ok 157 - networkFetch preserves parent NetworkFetchError reasons passed through options.signal
  ---
  duration_ms: 0.193667
  type: 'test'
  ...
# (node:21027) ExperimentalWarning: SQLite is an experimental feature and might change at any time
# (Use `node --trace-warnings ...` to show where the warning was created)
# [session-title] generation skipped (invalid_json): Unexpected token 'Q', "QA" is not valid JSON
# Subtest: local gateway writes a complete shadow bundle linked to the final request
ok 158 - local gateway writes a complete shadow bundle linked to the final request
  ---
  duration_ms: 678.854167
  type: 'test'
  ...
# [session-title] generation skipped (invalid_json): Unexpected token 'Q', "QA" is not valid JSON
# [session-title] generation skipped (invalid_json): Unexpected token 'Q', "QA" is not valid JSON
# Subtest: enabling O1 does not change Agent-visible model input
ok 159 - enabling O1 does not change Agent-visible model input
  ---
  duration_ms: 311.903625
  type: 'test'
  ...
# Subtest: subagent tool detection and result pair at the model projection layer
ok 160 - subagent tool detection and result pair at the model projection layer
  ---
  duration_ms: 6.227584
  type: 'test'
  ...
# Subtest: main tool detection and result produce one exact O1 pair
ok 161 - main tool detection and result produce one exact O1 pair
  ---
  duration_ms: 0.592041
  type: 'test'
  ...
# Subtest: recorder finalizes a complete hash-only trajectory
ok 162 - recorder finalizes a complete hash-only trajectory
  ---
  duration_ms: 12.261333
  type: 'test'
  ...
# Subtest: queue overflow is explicit and makes integrity partial
ok 163 - queue overflow is explicit and makes integrity partial
  ---
  duration_ms: 5.752292
  type: 'test'
  ...
# Subtest: verifier rejects reused model request identity and duplicate terminals
ok 164 - verifier rejects reused model request identity and duplicate terminals
  ---
  duration_ms: 2.453292
  type: 'test'
  ...
# Subtest: verifier rejects duplicate identity and secret-bearing keys
ok 165 - verifier rejects duplicate identity and secret-bearing keys
  ---
  duration_ms: 0.08975
  type: 'test'
  ...
# [PilotDeck] transientRetry: rate_limit (attempt 1/1, delay=1ms)
# Subtest: router observation closes every fallback and retry attempt
ok 166 - router observation closes every fallback and retry attempt
  ---
  duration_ms: 25.954542
  type: 'test'
  ...
# Subtest: router request identity separates sessions sharing a turn id
ok 167 - router request identity separates sessions sharing a turn id
  ---
  duration_ms: 4.6485
  type: 'test'
  ...
# Subtest: router request identity advances across sequential calls in one turn
ok 168 - router request identity advances across sequential calls in one turn
  ---
  duration_ms: 3.51475
  type: 'test'
  ...
# Subtest: observability is disabled by default and preserves the O1 diagnostic profile
ok 169 - observability is disabled by default and preserves the O1 diagnostic profile
  ---
  duration_ms: 27.724
  type: 'test'
  ...
# Subtest: O1 rejects unsupported profiles and unsafe labels
ok 170 - O1 rejects unsupported profiles and unsafe labels
  ---
  duration_ms: 4.793
  type: 'test'
  ...
# Subtest: web search can be explicitly disabled without discarding provider config
ok 171 - web search can be explicitly disabled without discarding provider config
  ---
  duration_ms: 1.002334
  type: 'test'
  ...
# Subtest: web search enabled remains optional for backwards compatibility
ok 172 - web search enabled remains optional for backwards compatibility
  ---
  duration_ms: 0.05025
  type: 'test'
  ...
# Subtest: web search enabled must be a boolean
ok 173 - web search enabled must be a boolean
  ---
  duration_ms: 0.046667
  type: 'test'
  ...
# Subtest: progress lease is disabled by default and opt-in evaluation config is preserved
ok 174 - progress lease is disabled by default and opt-in evaluation config is preserved
  ---
  duration_ms: 26.745709
  type: 'test'
  ...
# Subtest: progress lease preserves an explicit cold-start allowance
ok 175 - progress lease preserves an explicit cold-start allowance
  ---
  duration_ms: 3.83525
  type: 'test'
  ...
# Subtest: progress lease rejects non-evaluation modes
ok 176 - progress lease rejects non-evaluation modes
  ---
  duration_ms: 5.425042
  type: 'test'
  ...
# Subtest: progress lease rejects a cold-start allowance below the steady-state limit
ok 177 - progress lease rejects a cold-start allowance below the steady-state limit
  ---
  duration_ms: 2.889167
  type: 'test'
  ...
# Subtest: legal coverage validator creates a current proof and removes it when the deliverable changes
ok 178 - legal coverage validator creates a current proof and removes it when the deliverable changes
  ---
  duration_ms: 310.689625
  type: 'test'
  ...
# Subtest: legal coverage initializer creates a text skeleton before source review and remains idempotent
ok 179 - legal coverage initializer creates a text skeleton before source review and remains idempotent
  ---
  duration_ms: 370.221292
  type: 'test'
  ...
# Subtest: legal coverage initializer binds trusted manifests to original inputs
ok 180 - legal coverage initializer binds trusted manifests to original inputs
  ---
  duration_ms: 352.815125
  type: 'test'
  ...
# Subtest: legal coverage source bootstrap creates only deterministic pending manifest rows
ok 181 - legal coverage source bootstrap creates only deterministic pending manifest rows
  ---
  duration_ms: 331.184459
  type: 'test'
  ...
# Subtest: legal coverage injects deterministic disjoint worker batches for large pending source rooms
ok 182 - legal coverage injects deterministic disjoint worker batches for large pending source rooms
  ---
  duration_ms: 1465.241167
  type: 'test'
  ...
# Subtest: legal coverage CLI exposes bundled guidance through stable named references
ok 183 - legal coverage CLI exposes bundled guidance through stable named references
  ---
  duration_ms: 138.3945
  type: 'test'
  ...
# Subtest: legal coverage initializer creates only explicit text formats and preserves existing content
ok 184 - legal coverage initializer creates only explicit text formats and preserves existing content
  ---
  duration_ms: 56.440666
  type: 'test'
  ...
# Subtest: legal coverage initializer rejects traversal and symlink ancestors without external writes
ok 185 - legal coverage initializer rejects traversal and symlink ancestors without external writes
  ---
  duration_ms: 154.79125
  type: 'test'
  ...
# Subtest: legal coverage validator binds runner originals and derivations into its proof
ok 186 - legal coverage validator binds runner originals and derivations into its proof
  ---
  duration_ms: 226.027375
  type: 'test'
  ...
# Subtest: legal coverage validator rejects missing lineage and mutable or derived input roots
ok 187 - legal coverage validator rejects missing lineage and mutable or derived input roots
  ---
  duration_ms: 281.436791
  type: 'test'
  ...
# Subtest: legal coverage next-batch exposes one bounded deterministic repair slice
ok 188 - legal coverage next-batch exposes one bounded deterministic repair slice
  ---
  duration_ms: 221.38975
  type: 'test'
  ...
# Subtest: legal coverage apply-batch atomically updates only the current bounded slice
ok 189 - legal coverage apply-batch atomically updates only the current bounded slice
  ---
  duration_ms: 325.365459
  type: 'test'
  ...
# Subtest: legal coverage apply-batch rejects record and byte limit violations before writing
ok 190 - legal coverage apply-batch rejects record and byte limit violations before writing
  ---
  duration_ms: 207.665042
  type: 'test'
  ...
# Subtest: legal coverage validator rejects orphaned conflicts and incomplete final disclosure
ok 191 - legal coverage validator rejects orphaned conflicts and incomplete final disclosure
  ---
  duration_ms: 104.264375
  type: 'test'
  ...
# Subtest: legal coverage validator detects un-inventoried sources and cross-fact timeline collisions
ok 192 - legal coverage validator detects un-inventoried sources and cross-fact timeline collisions
  ---
  duration_ms: 112.178042
  type: 'test'
  ...
# Subtest: legal coverage validator rejects reused generic quotes and unsupported fact coverage
ok 193 - legal coverage validator rejects reused generic quotes and unsupported fact coverage
  ---
  duration_ms: 104.561125
  type: 'test'
  ...
# Subtest: legal coverage validator requires authority links for critical issues and legal-authority matrices
ok 194 - legal coverage validator requires authority links for critical issues and legal-authority matrices
  ---
  duration_ms: 103.95575
  type: 'test'
  ...
# Subtest: legal coverage validator rejects non-object canonical JSON documents
ok 195 - legal coverage validator rejects non-object canonical JSON documents
  ---
  duration_ms: 728.616125
  type: 'test'
  ...
# Subtest: legal coverage validator binds reviewed source bytes to the ledger and state hash
ok 196 - legal coverage validator binds reviewed source bytes to the ledger and state hash
  ---
  duration_ms: 216.111833
  type: 'test'
  ...
# Subtest: legal coverage validator rejects ancestor symlinks and a symlinked proof
ok 197 - legal coverage validator rejects ancestor symlinks and a symlinked proof
  ---
  duration_ms: 156.458125
  type: 'test'
  ...
# Subtest: legal coverage validator does not read or write through a symlinked state ancestor
ok 198 - legal coverage validator does not read or write through a symlinked state ancestor
  ---
  duration_ms: 98.240458
  type: 'test'
  ...
# Subtest: legal coverage validator requires unresolved disclosure for unverified material facts
ok 199 - legal coverage validator requires unresolved disclosure for unverified material facts
  ---
  duration_ms: 103.752625
  type: 'test'
  ...
# Subtest: legal coverage validator rejects unique but irrelevant issue and authority quotes
ok 200 - legal coverage validator rejects unique but irrelevant issue and authority quotes
  ---
  duration_ms: 103.514875
  type: 'test'
  ...
# Subtest: legal coverage validator enforces reciprocal and same-entry ledger relationships
ok 201 - legal coverage validator enforces reciprocal and same-entry ledger relationships
  ---
  duration_ms: 105.148458
  type: 'test'
  ...
# Subtest: legal coverage validator accepts null for an optional threshold assessment
ok 202 - legal coverage validator accepts null for an optional threshold assessment
  ---
  duration_ms: 104.314917
  type: 'test'
  ...
# Subtest: legal coverage validator uses locators without quotes for binary deliverables
ok 203 - legal coverage validator uses locators without quotes for binary deliverables
  ---
  duration_ms: 104.707667
  type: 'test'
  ...
# Subtest: legal coverage validator rejects empty-fact shortcuts and material facts outside matrices
ok 204 - legal coverage validator rejects empty-fact shortcuts and material facts outside matrices
  ---
  duration_ms: 207.678375
  type: 'test'
  ...
# Subtest: legal coverage hook activates only legal work and injects one observable milestone
ok 205 - legal coverage hook activates only legal work and injects one observable milestone
  ---
  duration_ms: 562.94175
  type: 'test'
  ...
# Subtest: legal coverage hook groups repeated validator errors into one bounded milestone
ok 206 - legal coverage hook groups repeated validator errors into one bounded milestone
  ---
  duration_ms: 552.858166
  type: 'test'
  ...
# Subtest: legal coverage pending-matrix selection is bounded across pages and invalid revisions cannot manufacture progress
ok 207 - legal coverage pending-matrix selection is bounded across pages and invalid revisions cannot manufacture progress
  ---
  duration_ms: 848.707291
  type: 'test'
  ...
# Subtest: legal coverage progress ordinal advances once for a new legal phase
ok 208 - legal coverage progress ordinal advances once for a new legal phase
  ---
  duration_ms: 214.518042
  type: 'test'
  ...
# Subtest: legal coverage permits not-applicable only after exhaustive selection and rejects stale or changed matrix proposals
ok 209 - legal coverage permits not-applicable only after exhaustive selection and rejects stale or changed matrix proposals
  ---
  duration_ms: 486.047916
  type: 'test'
  ...
# Subtest: legal coverage rejects oversized matrix evidence before making a selection receipt immutable
ok 210 - legal coverage rejects oversized matrix evidence before making a selection receipt immutable
  ---
  duration_ms: 164.153834
  type: 'test'
  ...
# Subtest: legal coverage fails closed when one matrix index item exceeds the bounded page
ok 211 - legal coverage fails closed when one matrix index item exceeds the bounded page
  ---
  duration_ms: 160.9415
  type: 'test'
  ...
# Subtest: legal coverage injects a bounded deterministic matrix relation-closure batch
ok 212 - legal coverage injects a bounded deterministic matrix relation-closure batch
  ---
  duration_ms: 219.72525
  type: 'test'
  ...
# Subtest: legal coverage milestone digest ignores opaque incomplete-state hash churn
ok 213 - legal coverage milestone digest ignores opaque incomplete-state hash churn
  ---
  duration_ms: 2.286667
  type: 'test'
  ...
# Subtest: legal coverage hook activates a malformed configured workspace so the agent can repair it
ok 214 - legal coverage hook activates a malformed configured workspace so the agent can repair it
  ---
  duration_ms: 104.084417
  type: 'test'
  ...
# Subtest: legal coverage hook rejects a symlinked session-state ancestor without writing outside the workspace
ok 215 - legal coverage hook rejects a symlinked session-state ancestor without writing outside the workspace
  ---
  duration_ms: 52.171792
  type: 'test'
  ...
# Subtest: legal product plugin loads one skill and contains no benchmark-specific controls
ok 216 - legal product plugin loads one skill and contains no benchmark-specific controls
  ---
  duration_ms: 2.677333
  type: 'test'
  ...
# Subtest: file artifacts include every meaningful workspace change without an extension allowlist
ok 217 - file artifacts include every meaningful workspace change without an extension allowlist
  ---
  duration_ms: 37.436083
  type: 'test'
  ...
# Subtest: file artifact fingerprints are reused for unchanged files across scans and turns
ok 218 - file artifact fingerprints are reused for unchanged files across scans and turns
  ---
  duration_ms: 7.650042
  type: 'test'
  ...
# Subtest: TurnRunner emits and persists file artifacts before completing the turn
ok 219 - TurnRunner emits and persists file artifacts before completing the turn
  ---
  duration_ms: 23.395833
  type: 'test'
  ...
# Subtest: TurnRunner does not collect generated files when artifacts are disabled
ok 220 - TurnRunner does not collect generated files when artifacts are disabled
  ---
  duration_ms: 1.511125
  type: 'test'
  ...
# Subtest: bash success result is formatted with assertions, stdout, and stderr
ok 221 - bash success result is formatted with assertions, stdout, and stderr
  ---
  duration_ms: 3.611917
  type: 'test'
  ...
# Subtest: bash allows hyphenated commands whose names merely start with next
ok 222 - bash allows hyphenated commands whose names merely start with next
  ---
  duration_ms: 1.855416
  type: 'test'
  ...
# Subtest: bash still rejects exact framework CLI tokens that start long-lived processes
ok 223 - bash still rejects exact framework CLI tokens that start long-lived processes
  ---
  duration_ms: 0.97675
  type: 'test'
  ...
# Subtest: bash failure tool result includes raw stdout and stderr tail for UI and model
ok 224 - bash failure tool result includes raw stdout and stderr tail for UI and model
  ---
  duration_ms: 19.3445
  type: 'test'
  ...
# Subtest: bash failure diagnostic extracts Python traceback location and exception
ok 225 - bash failure diagnostic extracts Python traceback location and exception
  ---
  duration_ms: 1.239625
  type: 'test'
  ...
# Subtest: bash success keeps full output for ToolResultBudget persistence
ok 226 - bash success keeps full output for ToolResultBudget persistence
  ---
  duration_ms: 5.852542
  type: 'test'
  ...
# Subtest: agent tool accepts explorer as an alias for explore
ok 227 - agent tool accepts explorer as an alias for explore
  ---
  duration_ms: 2.430334
  type: 'test'
  ...
# Subtest: agent tool defaults general-purpose to explore in ask mode
ok 228 - agent tool defaults general-purpose to explore in ask mode
  ---
  duration_ms: 0.180959
  type: 'test'
  ...
# Subtest: agent tool preserves unknown custom fallback subagent names
ok 229 - agent tool preserves unknown custom fallback subagent names
  ---
  duration_ms: 0.378542
  type: 'test'
  ...
# Subtest: execute_code read-only probe handles missing input
ok 230 - execute_code read-only probe handles missing input
  ---
  duration_ms: 0.546292
  type: 'test'
  ...
# Subtest: disabling web search removes it from the registry but keeps web fetch
ok 231 - disabling web search removes it from the registry but keeps web fetch
  ---
  duration_ms: 2.096042
  type: 'test'
  ...
# Subtest: execute_code rejects nested web search calls when web search is disabled
ok 232 - execute_code rejects nested web search calls when web search is disabled
  ---
  duration_ms: 0.270042
  type: 'test'
  ...
# Subtest: read_skill returns the resolved SKILL.md path with the skill body
ok 233 - read_skill returns the resolved SKILL.md path with the skill body
  ---
  duration_ms: 1.155
  type: 'test'
  ...
# Subtest: read_skill preserves legacy content-only loading when metadata is unavailable
ok 234 - read_skill preserves legacy content-only loading when metadata is unavailable
  ---
  duration_ms: 0.13125
  type: 'test'
  ...
# Subtest: web_search retries transient provider failures
ok 235 - web_search retries transient provider failures
  ---
  duration_ms: 541.025875
  type: 'test'
  ...
# Subtest: web_search turns request timeout into tool_timeout
ok 236 - web_search turns request timeout into tool_timeout
  ---
  duration_ms: 1.9955
  type: 'test'
  ...
# Subtest: web_search turns network timeout errors into tool_timeout
ok 237 - web_search turns network timeout errors into tool_timeout
  ---
  duration_ms: 1.012833
  type: 'test'
  ...
# Subtest: write_file freshness error tells the model to read the file first
ok 238 - write_file freshness error tells the model to read the file first
  ---
  duration_ms: 2.542167
  type: 'test'
  ...
# Subtest: write_file missing content points at the missing field and chunked recovery
ok 239 - write_file missing content points at the missing field and chunked recovery
  ---
  duration_ms: 0.480542
  type: 'test'
  ...
# Subtest: invalid tool input keeps a bounded original error block
ok 240 - invalid tool input keeps a bounded original error block
  ---
  duration_ms: 0.419917
  type: 'test'
  ...
# Subtest: edit_file old_string miss tells the model to reread and copy exact text
ok 241 - edit_file old_string miss tells the model to reread and copy exact text
  ---
  duration_ms: 0.225708
  type: 'test'
  ...
# Subtest: read_file invalid range preserves the concrete issue
ok 242 - read_file invalid range preserves the concrete issue
  ---
  duration_ms: 0.387375
  type: 'test'
  ...
# Subtest: bash missing command reports the required command parameter
ok 243 - bash missing command reports the required command parameter
  ---
  duration_ms: 0.154334
  type: 'test'
  ...
# Subtest: bash timeout over max keeps foreground and task_wait guidance
ok 244 - bash timeout over max keeps foreground and task_wait guidance
  ---
  duration_ms: 0.155083
  type: 'test'
  ...
# Subtest: bash background rejection keeps background-specific guidance
ok 245 - bash background rejection keeps background-specific guidance
  ---
  duration_ms: 0.087458
  type: 'test'
  ...
# Subtest: write_file can create a new file without a prior read_file call
ok 246 - write_file can create a new file without a prior read_file call
  ---
  duration_ms: 5.132
  type: 'test'
  ...
# Subtest: edit_file can create a new file with empty old_string without a prior read_file call
ok 247 - edit_file can create a new file with empty old_string without a prior read_file call
  ---
  duration_ms: 2.586875
  type: 'test'
  ...
# Subtest: read_file auto-pages large text files instead of failing
ok 248 - read_file auto-pages large text files instead of failing
  ---
  duration_ms: 2134.684417
  type: 'test'
  ...
# Subtest: read_file rejects Office container files during validation
ok 249 - read_file rejects Office container files during validation
  ---
  duration_ms: 1.463
  type: 'test'
  ...
# Subtest: read_file explicit limit reads a large file range without auto paging
ok 250 - read_file explicit limit reads a large file range without auto paging
  ---
  duration_ms: 7.275292
  type: 'test'
  ...
# Subtest: read_file auto-shrinks oversized persisted tool-result ref ranges
ok 251 - read_file auto-shrinks oversized persisted tool-result ref ranges
  ---
  duration_ms: 22594.740541
  type: 'test'
  ...
# Subtest: read_file keeps explicit oversized ordinary file ranges strict
ok 252 - read_file keeps explicit oversized ordinary file ranges strict
  ---
  duration_ms: 2.236208
  type: 'test'
  ...
# Subtest: read_file explicit limit records a ranged snapshot for follow-up edits
ok 253 - read_file explicit limit records a ranged snapshot for follow-up edits
  ---
  duration_ms: 1.905625
  type: 'test'
  ...
# Subtest: read_file auto-paged large files record a ranged snapshot for follow-up edits
ok 254 - read_file auto-paged large files record a ranged snapshot for follow-up edits
  ---
  duration_ms: 1625.0195
  type: 'test'
  ...
# Subtest: read_file returns a head-tail preview for a single oversized line
ok 255 - read_file returns a head-tail preview for a single oversized line
  ---
  duration_ms: 2.262792
  type: 'test'
  ...
# Subtest: read_file classifies common Office formats as binary
ok 256 - read_file classifies common Office formats as binary
  ---
  duration_ms: 0.19875
  type: 'test'
  ...
# Subtest: read_file rejects ranged binary input instead of hanging
ok 257 - read_file rejects ranged binary input instead of hanging
  ---
  duration_ms: 0.823875
  type: 'test'
  ...
# Subtest: read_file range honors an aborted signal
ok 258 - read_file range honors an aborted signal
  ---
  duration_ms: 0.541917
  type: 'test'
  ...
# Subtest: glob result text tells the model when more files are available
ok 259 - glob result text tells the model when more files are available
  ---
  duration_ms: 343.704125
  type: 'test'
  ...
# Subtest: grep result text includes next offset when paginated
ok 260 - grep result text includes next offset when paginated
  ---
  duration_ms: 8.981917
  type: 'test'
  ...
# Subtest: todo_write returns the actual todo list in model-visible content
ok 261 - todo_write returns the actual todo list in model-visible content
  ---
  duration_ms: 0.684792
  type: 'test'
  ...
# Subtest: task_list returns model-visible status and next action hints
ok 262 - task_list returns model-visible status and next action hints
  ---
  duration_ms: 0.74275
  type: 'test'
  ...
# Subtest: applyResultSizeLimit keeps both head and tail when truncating text output
ok 263 - applyResultSizeLimit keeps both head and tail when truncating text output
  ---
  duration_ms: 0.7
  type: 'test'
  ...
# Subtest: large tool results are persisted under workspace .pilotdeck and readable by read_file
ok 264 - large tool results are persisted under workspace .pilotdeck and readable by read_file
  ---
  duration_ms: 20.01475
  type: 'test'
  ...
# Subtest: large tool result read_file aliases are short and sequential
ok 265 - large tool result read_file aliases are short and sequential
  ---
  duration_ms: 5.12275
  type: 'test'
  ...
# Subtest: history replay restores structured agent file artifacts
ok 266 - history replay restores structured agent file artifacts
  ---
  duration_ms: 8.756708
  type: 'test'
  ...
# Subtest: history replay hides Agent file artifacts in general conversations
ok 267 - history replay hides Agent file artifacts in general conversations
  ---
  duration_ms: 7.526834
  type: 'test'
  ...
# Subtest: history replay preserves agent status i18n metadata and user hint
ok 268 - history replay preserves agent status i18n metadata and user hint
  ---
  duration_ms: 9.436
  type: 'test'
  ...
# Subtest: history token usage restores latest non-empty turn past latest empty turn result
ok 269 - history token usage restores latest non-empty turn past latest empty turn result
  ---
  duration_ms: 3.972042
  type: 'test'
  ...
# Subtest: history token usage prefers persisted context budget snapshot
ok 270 - history token usage prefers persisted context budget snapshot
  ---
  duration_ms: 4.677
  type: 'test'
  ...
# Subtest: web reducer merges persisted tool result detail path into existing tool result
ok 271 - web reducer merges persisted tool result detail path into existing tool result
  ---
  duration_ms: 1.376084
  type: 'test'
  ...
# Subtest: web reducer bounds huge live tool result previews
ok 272 - web reducer bounds huge live tool result previews
  ---
  duration_ms: 0.402917
  type: 'test'
  ...
1..272
# tests 272
# suites 0
# pass 272
# fail 0
# cancelled 0
# skipped 0
# todo 0
# duration_ms 28503.868
