(node:86784) ExperimentalWarning: SQLite is an experimental feature and might change at any time
(Use `node --trace-warnings ...` to show where the warning was created)
✔ real gateway drives legal plugin milestones through bounded artifact correction (719.626292ms)
✔ real gateway blocks completion when the legal Stop hook cannot read session state (463.595ms)
✔ real gateway executes the state-bound legal authority closure with complete O1 evidence (530.795125ms)
✔ real gateway applies an immutable source repair before renewing legal progress (703.900459ms)
✔ legal coverage validator creates a current proof and removes it when the deliverable changes (174.566958ms)
✔ legal coverage initializer creates a text skeleton before source review and remains idempotent (199.284375ms)
✔ legal coverage initializer binds trusted manifests to original inputs (260.093584ms)
✔ legal coverage source bootstrap creates only deterministic pending manifest rows (293.388542ms)
✔ legal coverage injects deterministic disjoint worker batches for large pending source rooms (3605.968209ms)
✔ legal coverage CLI exposes bundled guidance through stable named references (122.752209ms)
✔ legal coverage initializer creates only explicit text formats and preserves existing content (50.801708ms)
✔ legal coverage initializer rejects traversal and symlink ancestors without external writes (132.611792ms)
✔ legal coverage validator binds runner originals and derivations into its proof (199.513167ms)
✔ legal coverage validator rejects missing lineage and mutable or derived input roots (251.643ms)
✔ legal coverage next-batch exposes one bounded deterministic repair slice (195.337583ms)
✔ legal coverage apply-batch atomically updates only the current bounded slice (288.167083ms)
✔ legal coverage apply-batch rejects record and byte limit violations before writing (183.584584ms)
✔ legal coverage validator rejects orphaned conflicts and incomplete final disclosure (94.980541ms)
✔ legal coverage validator detects un-inventoried sources and cross-fact timeline collisions (99.837208ms)
✔ legal coverage validator rejects reused generic quotes and unsupported fact coverage (94.372ms)
✔ legal coverage validator requires authority links for critical issues and legal-authority matrices (95.0945ms)
✔ legal coverage validator rejects non-object canonical JSON documents (704.504ms)
✔ legal coverage validator binds reviewed source bytes to the ledger and state hash (192.89475ms)
✔ legal coverage validator rejects ancestor symlinks and a symlinked proof (148.394417ms)
✔ legal coverage validator does not read or write through a symlinked state ancestor (119.518542ms)
✔ legal coverage validator requires unresolved disclosure for unverified material facts (95.839791ms)
✔ legal coverage validator rejects unique but irrelevant issue and authority quotes (95.227792ms)
✔ legal coverage validator enforces reciprocal and same-entry ledger relationships (95.058583ms)
✔ legal coverage validator accepts null for an optional threshold assessment (95.436084ms)
✔ legal coverage validator uses locators without quotes for binary deliverables (95.470708ms)
✔ legal coverage validator rejects empty-fact shortcuts and material facts outside matrices (205.9585ms)
✔ legal coverage hook activates only legal work and injects one observable milestone (509.73875ms)
✔ legal coverage hook groups repeated validator errors into one bounded milestone (504.349042ms)
✔ legal coverage pending-matrix selection is bounded across pages and invalid revisions cannot manufacture progress (930.852833ms)
✔ legal coverage progress ordinal advances once for a new legal phase (196.203583ms)
✔ legal coverage permits not-applicable only after exhaustive selection and rejects stale or changed matrix proposals (446.375125ms)
✔ legal coverage rejects oversized matrix evidence before making a selection receipt immutable (154.703ms)
✔ legal coverage fails closed when one matrix index item exceeds the bounded page (148.076041ms)
✔ legal coverage injects a bounded deterministic matrix relation-closure batch (200.088667ms)
✔ legal coverage authority closure uses one bounded state-bound transaction (557.200291ms)
✔ legal coverage rejects changed and symlinked authority closure proposals without ledger mutation (243.581958ms)
✔ legal coverage milestone digest ignores opaque incomplete-state hash churn (0.222709ms)
✔ legal coverage hook activates a malformed configured workspace so the agent can repair it (95.369709ms)
✔ legal coverage hook rejects a symlinked session-state ancestor without writing outside the workspace (47.996458ms)
✔ legal product plugin loads one skill and contains no benchmark-specific controls (2.958375ms)
ℹ tests 45
ℹ suites 0
ℹ pass 45
ℹ fail 0
ℹ cancelled 0
ℹ skipped 0
ℹ todo 0
ℹ duration_ms 12283.896625
