TAP version 13
# Subtest: Feishu handles permission replies before the active chat drain finishes
ok 1 - Feishu handles permission replies before the active chat drain finishes
  ---
  duration_ms: 2.997209
  type: 'test'
  ...
# Subtest: ImPermissionHelper resolves all pending permission requests for a chat
ok 2 - ImPermissionHelper resolves all pending permission requests for a chat
  ---
  duration_ms: 1.123083
  type: 'test'
  ...
# Subtest: ImPermissionHelper keeps pending requests when the reply is invalid
ok 3 - ImPermissionHelper keeps pending requests when the reply is invalid
  ---
  duration_ms: 0.061709
  type: 'test'
  ...
# (node:15781) ExperimentalWarning: SQLite is an experimental feature and might change at any time
# (Use `node --trace-warnings ...` to show where the warning was created)
# Subtest: PreModelRequest mutations survive a post-routing request rebuild and remain model-only
ok 4 - PreModelRequest mutations survive a post-routing request rebuild and remain model-only
  ---
  duration_ms: 7.818583
  type: 'test'
  ...
# Subtest: AgentLoop exposes explicit subagent identity to lifecycle hooks
ok 5 - AgentLoop exposes explicit subagent identity to lifecycle hooks
  ---
  duration_ms: 0.727583
  type: 'test'
  ...
# Subtest: evaluation progress lease stops before a third unchanged model request when full compaction is rejected
ok 6 - evaluation progress lease stops before a third unchanged model request when full compaction is rejected
  ---
  duration_ms: 5.289208
  type: 'test'
  ...
# Subtest: AgentLoop delivers newly surfaced repair feedback once after an applied boundary
ok 7 - AgentLoop delivers newly surfaced repair feedback once after an applied boundary
  ---
  duration_ms: 2.57625
  type: 'test'
  ...
# Subtest: AgentLoop permits one prepared-target request and then requires genuine progress
ok 8 - AgentLoop permits one prepared-target request and then requires genuine progress
  ---
  duration_ms: 5.48325
  type: 'test'
  ...
# Subtest: AgentLoop carries a bounded handoff through the required boundary to genuine progress
ok 9 - AgentLoop carries a bounded handoff through the required boundary to genuine progress
  ---
  duration_ms: 1.552
  type: 'test'
  ...
# Subtest: artifact failure injects one bounded correction turn and succeeds after validation
ok 10 - artifact failure injects one bounded correction turn and succeeds after validation
  ---
  duration_ms: 9.643875
  type: 'test'
  ...
# Subtest: required artifact failure wins over max-turn completion after a final tool call
ok 11 - required artifact failure wins over max-turn completion after a final tool call
  ---
  duration_ms: 1.687625
  type: 'test'
  ...
# Subtest: AgentSession restores terminal state and dispatches SessionEnd when the runner throws
ok 12 - AgentSession restores terminal state and dispatches SessionEnd when the runner throws
  ---
  duration_ms: 1.483791
  type: 'test'
  ...
# Subtest: AgentSession cleanup runs when a consumer stops reading early
ok 13 - AgentSession cleanup runs when a consumer stops reading early
  ---
  duration_ms: 0.097375
  type: 'test'
  ...
# (node:15783) ExperimentalWarning: SQLite is an experimental feature and might change at any time
# (Use `node --trace-warnings ...` to show where the warning was created)
# Subtest: real gateway drives legal plugin milestones through bounded artifact correction
ok 14 - real gateway drives legal plugin milestones through bounded artifact correction
  ---
  duration_ms: 1448.093333
  type: 'test'
  ...
# Subtest: real gateway blocks completion when the legal Stop hook cannot read session state
ok 15 - real gateway blocks completion when the legal Stop hook cannot read session state
  ---
  duration_ms: 913.219208
  type: 'test'
  ...
# (node:15784) ExperimentalWarning: SQLite is an experimental feature and might change at any time
# (Use `node --trace-warnings ...` to show where the warning was created)
# Subtest: local gateway applies project hook context and enforces artifact correction
ok 16 - local gateway applies project hook context and enforces artifact correction
  ---
  duration_ms: 1045.839292
  type: 'test'
  ...
# Subtest: ordinary edit failures after a successful write do not enter large-file repair
ok 17 - ordinary edit failures after a successful write do not enter large-file repair
  ---
  duration_ms: 1.564083
  type: 'test'
  ...
# Subtest: an explicit post-draft large-file failure starts bounded recovery
ok 18 - an explicit post-draft large-file failure starts bounded recovery
  ---
  duration_ms: 0.570959
  type: 'test'
  ...
# Subtest: successful focused write clears an active large-file repair episode
ok 19 - successful focused write clears an active large-file repair episode
  ---
  duration_ms: 0.4035
  type: 'test'
  ...
# Subtest: permission failures are never reclassified as large-file recovery
ok 20 - permission failures are never reclassified as large-file recovery
  ---
  duration_ms: 0.112
  type: 'test'
  ...
# Subtest: progress lease stays inert unless explicitly enabled
ok 21 - progress lease stays inert unless explicitly enabled
  ---
  duration_ms: 1.382792
  type: 'test'
  ...
# Subtest: opaque hash churn is stagnant while a smaller remaining count renews the lease
ok 22 - opaque hash churn is stagnant while a smaller remaining count renews the lease
  ---
  duration_ms: 0.284667
  type: 'test'
  ...
# Subtest: only a strictly increasing domain progress ordinal renews the lease
ok 23 - only a strictly increasing domain progress ordinal renews the lease
  ---
  duration_ms: 0.119792
  type: 'test'
  ...
# Subtest: a lower remaining count cannot roll the stored progress ordinal backward
ok 24 - a lower remaining count cannot roll the stored progress ordinal backward
  ---
  duration_ms: 0.210292
  type: 'test'
  ...
# Subtest: two stagnant observations require a boundary and allow exactly one post-boundary turn
ok 25 - two stagnant observations require a boundary and allow exactly one post-boundary turn
  ---
  duration_ms: 0.088083
  type: 'test'
  ...
# Subtest: new repair feedback after a boundary gets one delivery turn without renewing progress
ok 26 - new repair feedback after a boundary gets one delivery turn without renewing progress
  ---
  duration_ms: 0.180333
  type: 'test'
  ...
# Subtest: genuine progress after repair feedback renews the lease
ok 27 - genuine progress after repair feedback renews the lease
  ---
  duration_ms: 0.049209
  type: 'test'
  ...
# Subtest: a newly prepared repair target gets one non-progress request after feedback
ok 28 - a newly prepared repair target gets one non-progress request after feedback
  ---
  duration_ms: 0.053083
  type: 'test'
  ...
# Subtest: genuine progress immediately after repair preparation renews the lease
ok 29 - genuine progress immediately after repair preparation renews the lease
  ---
  duration_ms: 0.17975
  type: 'test'
  ...
# Subtest: preparation observed before feedback cannot be replayed after the boundary
ok 30 - preparation observed before feedback cannot be replayed after the boundary
  ---
  duration_ms: 0.371541
  type: 'test'
  ...
# Subtest: a second repair revision cannot replace missing progress after feedback
ok 31 - a second repair revision cannot replace missing progress after feedback
  ---
  duration_ms: 0.209166
  type: 'test'
  ...
# Subtest: repair feedback already delivered before a boundary cannot be replayed as grace
ok 32 - repair feedback already delivered before a boundary cannot be replayed as grace
  ---
  duration_ms: 0.079416
  type: 'test'
  ...
# Subtest: a new operational handoff gets one bounded request without renewing progress
ok 33 - a new operational handoff gets one bounded request without renewing progress
  ---
  duration_ms: 0.115
  type: 'test'
  ...
# Subtest: a post-boundary handoff is bounded and its replay still fails closed
ok 34 - a post-boundary handoff is bounded and its replay still fails closed
  ---
  duration_ms: 0.068542
  type: 'test'
  ...
# Subtest: simultaneous repair and handoff revisions cannot be redeemed on separate turns
ok 35 - simultaneous repair and handoff revisions cannot be redeemed on separate turns
  ---
  duration_ms: 0.086208
  type: 'test'
  ...
# Subtest: a lower handoff ordinal cannot be replayed as grace
ok 36 - a lower handoff ordinal cannot be replayed as grace
  ---
  duration_ms: 0.052542
  type: 'test'
  ...
# Subtest: handoff allowance has a hard per-progress-epoch limit and resets only on progress
ok 37 - handoff allowance has a hard per-progress-epoch limit and resets only on progress
  ---
  duration_ms: 0.074458
  type: 'test'
  ...
# Subtest: handoff cannot bypass an unavailable required boundary
ok 38 - handoff cannot bypass an unavailable required boundary
  ---
  duration_ms: 0.055666
  type: 'test'
  ...
# Subtest: sanitized Case 09 matrix handoff trajectory reaches the next semantic checkpoint
ok 39 - sanitized Case 09 matrix handoff trajectory reaches the next semantic checkpoint
  ---
  duration_ms: 1.065291
  type: 'test'
  ...
# Subtest: cold-start allowance expires after the first explicit domain progress
ok 40 - cold-start allowance expires after the first explicit domain progress
  ---
  duration_ms: 0.064542
  type: 'test'
  ...
# Subtest: evaluation mode fails closed when the required boundary is rejected or unavailable
ok 41 - evaluation mode fails closed when the required boundary is rejected or unavailable
  ---
  duration_ms: 0.041166
  type: 'test'
  ...
# Subtest: a completed report releases the tracked scope
ok 42 - a completed report releases the tracked scope
  ---
  duration_ms: 0.034166
  type: 'test'
  ...
# Subtest: convergence metadata parser rejects malformed and oversized reports
ok 43 - convergence metadata parser rejects malformed and oversized reports
  ---
  duration_ms: 0.093583
  type: 'test'
  ...
# Subtest: explore subagent does not probe tool safety before execution
ok 44 - explore subagent does not probe tool safety before execution
  ---
  duration_ms: 16.922833
  type: 'test'
  ...
# Subtest: explore registry ignores an unallowed dynamic execute_code tool without probing it
ok 45 - explore registry ignores an unallowed dynamic execute_code tool without probing it
  ---
  duration_ms: 0.820459
  type: 'test'
  ...
# Subtest: read-only subagent evaluates bash safety from the real command
ok 46 - read-only subagent evaluates bash safety from the real command
  ---
  duration_ms: 4.717083
  type: 'test'
  ...
# Subtest: read-only execute_code checks the real code instead of crashing on registry setup
ok 47 - read-only execute_code checks the real code instead of crashing on registry setup
  ---
  duration_ms: 0.287083
  type: 'test'
  ...
# Subtest: subagent budget defaults to ten minutes without a parent deadline
ok 48 - subagent budget defaults to ten minutes without a parent deadline
  ---
  duration_ms: 1.864875
  type: 'test'
  ...
# Subtest: subagent budget preserves the parent handoff window
ok 49 - subagent budget preserves the parent handoff window
  ---
  duration_ms: 0.282334
  type: 'test'
  ...
# Subtest: subagent budget directive exposes the effective bound and diminishing-return rule
ok 50 - subagent budget directive exposes the effective bound and diminishing-return rule
  ---
  duration_ms: 0.163
  type: 'test'
  ...
# Subtest: composed subagent timeout aborts with a typed reason
ok 51 - composed subagent timeout aborts with a typed reason
  ---
  duration_ms: 6.799042
  type: 'test'
  ...
# Subtest: subagent operation returns control even when the callee ignores abort
ok 52 - subagent operation returns control even when the callee ignores abort
  ---
  duration_ms: 6.616875
  type: 'test'
  ...
# Subtest: parent abort wins without being misclassified as a child timeout
ok 53 - parent abort wins without being misclassified as a child timeout
  ---
  duration_ms: 0.731375
  type: 'test'
  ...
# Subtest: filterIncompleteToolCalls tolerates malformed messages without content
ok 54 - filterIncompleteToolCalls tolerates malformed messages without content
  ---
  duration_ms: 1.846
  type: 'test'
  ...
# Subtest: fork timeout closes child lifecycle and lets the parent finish
ok 55 - fork timeout closes child lifecycle and lets the parent finish
  ---
  duration_ms: 31.650375
  type: 'test'
  ...
# Subtest: turn environment provides an isolated PilotDeck-owned work directory
ok 56 - turn environment provides an isolated PilotDeck-owned work directory
  ---
  duration_ms: 0.608708
  type: 'test'
  ...
# Subtest: turn environment inherits the process environment when no override is configured
ok 57 - turn environment inherits the process environment when no override is configured
  ---
  duration_ms: 0.136125
  type: 'test'
  ...
# Subtest: validates a required artifact and keeps contracts isolated by session
ok 58 - validates a required artifact and keeps contracts isolated by session
  ---
  duration_ms: 14.230791
  type: 'test'
  ...
# Subtest: missing or wrong-format artifacts fail with reviewer-readable issues
ok 59 - missing or wrong-format artifacts fail with reviewer-readable issues
  ---
  duration_ms: 1.746916
  type: 'test'
  ...
# Subtest: empty required artifacts fail validation
ok 60 - empty required artifacts fail validation
  ---
  duration_ms: 2.94525
  type: 'test'
  ...
# Subtest: rejects traversal and symlink escapes before a domain validator runs
ok 61 - rejects traversal and symlink escapes before a domain validator runs
  ---
  duration_ms: 10.947458
  type: 'test'
  ...
# Subtest: legal-specific validator data stays in the plugin validator
ok 62 - legal-specific validator data stays in the plugin validator
  ---
  duration_ms: 1.211417
  type: 'test'
  ...
# Subtest: validator exceptions become structured failures instead of escaping the runtime
ok 63 - validator exceptions become structured failures instead of escaping the runtime
  ---
  duration_ms: 3.2755
  type: 'test'
  ...
# Subtest: duplicate validator ids cannot override an existing validator
ok 64 - duplicate validator ids cannot override an existing validator
  ---
  duration_ms: 0.4225
  type: 'test'
  ...
# Subtest: contract registration is atomic when one contract is invalid
ok 65 - contract registration is atomic when one contract is invalid
  ---
  duration_ms: 0.421666
  type: 'test'
  ...
# Subtest: extension watcher ignores generated Python and Office runtime files
ok 66 - extension watcher ignores generated Python and Office runtime files
  ---
  duration_ms: 0.691583
  type: 'test'
  ...
# Subtest: config bootstrap does not copy bundled skills into user storage
ok 67 - config bootstrap does not copy bundled skills into user storage
  ---
  duration_ms: 66.026208
  type: 'test'
  ...
# Subtest: Office attachments are reported unsupported before size checks
ok 68 - Office attachments are reported unsupported before size checks
  ---
  duration_ms: 7.689916
  type: 'test'
  ...
# Subtest: auto compaction reports summary success separately from rejected oversized output
ok 69 - auto compaction reports summary success separately from rejected oversized output
  ---
  duration_ms: 3.560875
  type: 'test'
  ...
# Subtest: auto compaction marks a budget-clearing summary as applied
ok 70 - auto compaction marks a budget-clearing summary as applied
  ---
  duration_ms: 0.099
  type: 'test'
  ...
# Subtest: progress policy can force a full boundary while the token budget is still healthy
ok 71 - progress policy can force a full boundary while the token budget is still healthy
  ---
  duration_ms: 0.101708
  type: 'test'
  ...
# Subtest: full compaction distinguishes a protected prefix with no summarizable messages from model failure
ok 72 - full compaction distinguishes a protected prefix with no summarizable messages from model failure
  ---
  duration_ms: 539.478792
  type: 'test'
  ...
# Subtest: auto compaction propagates no-summarizable as a stable rejection reason without claiming a summary attempt
ok 73 - auto compaction propagates no-summarizable as a stable rejection reason without claiming a summary attempt
  ---
  duration_ms: 0.250875
  type: 'test'
  ...
# Subtest: bounded protected-prefix retention summarizes old agent turns and preserves every kept tool pair
ok 74 - bounded protected-prefix retention summarizes old agent turns and preserves every kept tool pair
  ---
  duration_ms: 6.630709
  type: 'test'
  ...
# Subtest: full compaction summarizes a real-shaped single-prompt Agent trajectory
ok 75 - full compaction summarizes a real-shaped single-prompt Agent trajectory
  ---
  duration_ms: 1.837209
  type: 'test'
  ...
# Subtest: full compaction aligns a message-count tail boundary to complete tool turns
ok 76 - full compaction aligns a message-count tail boundary to complete tool turns
  ---
  duration_ms: 0.776542
  type: 'test'
  ...
# Subtest: sanitized Case 09 replay retains enough evidence to detect rejected blocking compactions
ok 77 - sanitized Case 09 replay retains enough evidence to detect rejected blocking compactions
  ---
  duration_ms: 8.038292
  type: 'test'
  ...
# Subtest: lifecycle context is injected as a transient model-only message
ok 78 - lifecycle context is injected as a transient model-only message
  ---
  duration_ms: 2.312875
  type: 'test'
  ...
# Subtest: lifecycle without a dynamic store preserves legacy hook messages
ok 79 - lifecycle without a dynamic store preserves legacy hook messages
  ---
  duration_ms: 0.090167
  type: 'test'
  ...
# Subtest: SessionEnd clears session-scoped runtime state even when a hook throws
ok 80 - SessionEnd clears session-scoped runtime state even when a hook throws
  ---
  duration_ms: 0.264625
  type: 'test'
  ...
# Subtest: merges pending context by priority and consumes it once
ok 81 - merges pending context by priority and consumes it once
  ---
  duration_ms: 1.047875
  type: 'test'
  ...
# Subtest: re-registering the same source and id replaces stale content without changing order
ok 82 - re-registering the same source and id replaces stale content without changing order
  ---
  duration_ms: 0.103625
  type: 'test'
  ...
# Subtest: expired context is pruned without affecting another session
ok 83 - expired context is pruned without affecting another session
  ---
  duration_ms: 0.051875
  type: 'test'
  ...
# Subtest: blank context is ignored
ok 84 - blank context is ignored
  ---
  duration_ms: 0.037875
  type: 'test'
  ...
# Subtest: clearing a session does not disturb another session with a shared prefix
ok 85 - clearing a session does not disturb another session with a shared prefix
  ---
  duration_ms: 0.082542
  type: 'test'
  ...
# Subtest: context budgets retain higher-priority entries and cap merged prompt size
ok 86 - context budgets retain higher-priority entries and cap merged prompt size
  ---
  duration_ms: 2.571958
  type: 'test'
  ...
# Subtest: source and id tuples cannot collide through delimiter characters
ok 87 - source and id tuples cannot collide through delimiter characters
  ---
  duration_ms: 0.109375
  type: 'test'
  ...
# Subtest: default prompt does not require Markdown links for generated files
ok 88 - default prompt does not require Markdown links for generated files
  ---
  duration_ms: 1.357666
  type: 'test'
  ...
# Subtest: default prompt does not advertise web search when the tool is unavailable
ok 89 - default prompt does not advertise web search when the tool is unavailable
  ---
  duration_ms: 0.115542
  type: 'test'
  ...
# Subtest: available skills include the resolved SKILL.md path and bounded lookup guidance
ok 90 - available skills include the resolved SKILL.md path and bounded lookup guidance
  ---
  duration_ms: 1.642667
  type: 'test'
  ...
# Subtest: budget snapshot uses conservative budget tokens for ratio while preserving real tokens
ok 91 - budget snapshot uses conservative budget tokens for ratio while preserving real tokens
  ---
  duration_ms: 0.52125
  type: 'test'
  ...
# Subtest: tool text under token budget remains inline even when over legacy byte threshold
ok 92 - tool text under token budget remains inline even when over legacy byte threshold
  ---
  duration_ms: 5495.951042
  type: 'test'
  ...
# Subtest: tool text over token budget is persisted with expanded grep-first preview
ok 93 - tool text over token budget is persisted with expanded grep-first preview
  ---
  duration_ms: 6.878167
  type: 'test'
  ...
# Subtest: large tool error references preserve error semantics for model replay
ok 94 - large tool error references preserve error semantics for model replay
  ---
  duration_ms: 1.780375
  type: 'test'
  ...
# Subtest: multibyte truncated tool result references advertise read_file access
ok 95 - multibyte truncated tool result references advertise read_file access
  ---
  duration_ms: 1.096125
  type: 'test'
  ...
# Subtest: parses declarative artifact contracts without domain-specific knowledge
ok 96 - parses declarative artifact contracts without domain-specific knowledge
  ---
  duration_ms: 3.037458
  type: 'test'
  ...
# (node:15835) ExperimentalWarning: SQLite is an experimental feature and might change at any time
# (Use `node --trace-warnings ...` to show where the warning was created)
# Subtest: an active domain plugin contributes only generic runtime contracts
ok 97 - an active domain plugin contributes only generic runtime contracts
  ---
  duration_ms: 1.324875
  type: 'test'
  ...
# Subtest: internal prompts do not reactivate domain detection
ok 98 - internal prompts do not reactivate domain detection
  ---
  duration_ms: 0.12675
  type: 'test'
  ...
# Subtest: parses only the supported model request patch fields
ok 99 - parses only the supported model request patch fields
  ---
  duration_ms: 1.080541
  type: 'test'
  ...
# Subtest: parses bounded dynamic context controls for hook-driven injection
ok 100 - parses bounded dynamic context controls for hook-driven injection
  ---
  duration_ms: 0.108417
  type: 'test'
  ...
# Subtest: standalone skills expose only their slug without a parent-directory namespace
ok 101 - standalone skills expose only their slug without a parent-directory namespace
  ---
  duration_ms: 7.860416
  type: 'test'
  ...
# Subtest: a plugin skill directory used as the configured base never derives a parent namespace
ok 102 - a plugin skill directory used as the configured base never derives a parent namespace
  ---
  duration_ms: 0.274041
  type: 'test'
  ...
# Subtest: standalone skill precedence is project > user > builtin without legacy aliases
ok 103 - standalone skill precedence is project > user > builtin without legacy aliases
  ---
  duration_ms: 22.789917
  type: 'test'
  ...
# Subtest: legacy bundled migration backs up only byte-identical bootstrap copies
ok 104 - legacy bundled migration backs up only byte-identical bootstrap copies
  ---
  duration_ms: 27.913459
  type: 'test'
  ...
# Subtest: legacy bundled migration leaves user skills untouched when the release bundle is missing
ok 105 - legacy bundled migration leaves user skills untouched when the release bundle is missing
  ---
  duration_ms: 4.198875
  type: 'test'
  ...
# Subtest: SkillManager lists built-ins separately and describes override relationships
ok 106 - SkillManager lists built-ins separately and describes override relationships
  ---
  duration_ms: 31.417292
  type: 'test'
  ...
# Subtest: SkillManager permits reading but rejects mutations of built-in skills
ok 107 - SkillManager permits reading but rejects mutations of built-in skills
  ---
  duration_ms: 11.275166
  type: 'test'
  ...
# Subtest: registered plain-text attachments with non-whitelisted names are described as read_file inspectable
ok 108 - registered plain-text attachments with non-whitelisted names are described as read_file inspectable
  ---
  duration_ms: 21.290084
  type: 'test'
  ...
# Subtest: registered Office attachments are still described as not directly inspectable
ok 109 - registered Office attachments are still described as not directly inspectable
  ---
  duration_ms: 11.929
  type: 'test'
  ...
# Subtest: startPilotDeckServer listens before a background channel finishes starting
ok 110 - startPilotDeckServer listens before a background channel finishes starting
  ---
  duration_ms: 35.718
  type: 'test'
  ...
# (node:15843) ExperimentalWarning: SQLite is an experimental feature and might change at any time
# (Use `node --trace-warnings ...` to show where the warning was created)
# Subtest: browser-use args do not inherit generic proxy env by default
ok 111 - browser-use args do not inherit generic proxy env by default
  ---
  duration_ms: 1.0035
  type: 'test'
  ...
# Subtest: browser-use args use explicit browser proxy server
ok 112 - browser-use args use explicit browser proxy server
  ---
  duration_ms: 0.085708
  type: 'test'
  ...
# Subtest: browser-use args only inherit generic proxy env when opted in
ok 113 - browser-use args only inherit generic proxy env when opted in
  ---
  duration_ms: 0.06275
  type: 'test'
  ...
# Subtest: browser-use args use config proxy when browser env proxy is absent
ok 114 - browser-use args use config proxy when browser env proxy is absent
  ---
  duration_ms: 0.084833
  type: 'test'
  ...
# Subtest: browser-use args allow explicit direct mode to disable config proxy
ok 115 - browser-use args allow explicit direct mode to disable config proxy
  ---
  duration_ms: 0.053584
  type: 'test'
  ...
# Subtest: internal prompt dispatch waits for the user turn and fully drains the synthetic turn
ok 116 - internal prompt dispatch waits for the user turn and fully drains the synthetic turn
  ---
  duration_ms: 6.153125
  type: 'test'
  ...
# Subtest: mapAgentEvent propagates runId to streaming lifecycle boundaries
ok 117 - mapAgentEvent propagates runId to streaming lifecycle boundaries
  ---
  duration_ms: 1.603375
  type: 'test'
  ...
# Subtest: mapAgentEvent projects every convergence ordinal
ok 118 - mapAgentEvent projects every convergence ordinal
  ---
  duration_ms: 1.075417
  type: 'test'
  ...
# Subtest: defer returns immediately while a user turn is busy
ok 119 - defer returns immediately while a user turn is busy
  ---
  duration_ms: 1.049334
  type: 'test'
  ...
# Subtest: enqueue waits for idle and dispatches exactly once
ok 120 - enqueue waits for idle and dispatches exactly once
  ---
  duration_ms: 1.705417
  type: 'test'
  ...
# Subtest: same semantic key coalesces in-flight and dedupes after completion
ok 121 - same semantic key coalesces in-flight and dedupes after completion
  ---
  duration_ms: 0.166875
  type: 'test'
  ...
# Subtest: an idle-settle race retries when the gateway reports busy
ok 122 - an idle-settle race retries when the gateway reports busy
  ---
  duration_ms: 0.161875
  type: 'test'
  ...
# Subtest: abort while queued does not run an internal turn
ok 123 - abort while queued does not run an internal turn
  ---
  duration_ms: 0.110625
  type: 'test'
  ...
# Subtest: turn timeouts are reported distinctly from generic execution failures
ok 124 - turn timeouts are reported distinctly from generic execution failures
  ---
  duration_ms: 0.052333
  type: 'test'
  ...
# Subtest: a zero recent-dedupe window disables completed-result deduplication
ok 125 - a zero recent-dedupe window disables completed-result deduplication
  ---
  duration_ms: 0.154
  type: 'test'
  ...
# Subtest: dispose prevents a queued prompt from starting after shutdown
ok 126 - dispose prevents a queued prompt from starting after shutdown
  ---
  duration_ms: 0.113792
  type: 'test'
  ...
# Subtest: the public WebSocket boundary strips trusted in-process turn controls
ok 127 - the public WebSocket boundary strips trusted in-process turn controls
  ---
  duration_ms: 0.945208
  type: 'test'
  ...
# Subtest: waitForIdle resolves only after the matching turn slot is released
ok 128 - waitForIdle resolves only after the matching turn slot is released
  ---
  duration_ms: 1.531291
  type: 'test'
  ...
# Subtest: waitForIdle honors AbortSignal without releasing the turn
ok 129 - waitForIdle honors AbortSignal without releasing the turn
  ---
  duration_ms: 0.567125
  type: 'test'
  ...
# Subtest: mapAgentEvent bounds live tool result previews at the gateway
ok 130 - mapAgentEvent bounds live tool result previews at the gateway
  ---
  duration_ms: 1.67425
  type: 'test'
  ...
# Subtest: mapAgentEvent bounds large strings inside successful tool data
ok 131 - mapAgentEvent bounds large strings inside successful tool data
  ---
  duration_ms: 0.68425
  type: 'test'
  ...
# Subtest: mapAgentEvent bounds subagent tool result content and preview
ok 132 - mapAgentEvent bounds subagent tool result content and preview
  ---
  duration_ms: 0.312
  type: 'test'
  ...
# Subtest: Gateway propagates its absolute turn deadline into the Agent session
ok 133 - Gateway propagates its absolute turn deadline into the Agent session
  ---
  duration_ms: 10.878375
  type: 'test'
  ...
# Subtest: WeixinChannel.start returns while QR login is waiting
ok 134 - WeixinChannel.start returns while QR login is waiting
  ---
  duration_ms: 21.272
  type: 'test'
  ...
# Subtest: channel runtime status reporter persists the latest channel state
ok 135 - channel runtime status reporter persists the latest channel state
  ---
  duration_ms: 3.399958
  type: 'test'
  ...
# Subtest: UI weixin QR route only reads runtime status
ok 136 - UI weixin QR route only reads runtime status
  ---
  duration_ms: 0.95625
  type: 'test'
  ...
# Subtest: UI weixin QR begin route delegates to gateway prepare RPC
ok 137 - UI weixin QR begin route delegates to gateway prepare RPC
  ---
  duration_ms: 0.156542
  type: 'test'
  ...
# Subtest: Gateway settings keeps existing status rendered during silent refresh
ok 138 - Gateway settings keeps existing status rendered during silent refresh
  ---
  duration_ms: 0.33525
  type: 'test'
  ...
# Subtest: Gateway settings starts weixin QR by begin route and ignores stale runtime errors
ok 139 - Gateway settings starts weixin QR by begin route and ignores stale runtime errors
  ---
  duration_ms: 0.343875
  type: 'test'
  ...
# Subtest: Gateway protocol exposes prepare_weixin_login RPC
ok 140 - Gateway protocol exposes prepare_weixin_login RPC
  ---
  duration_ms: 1.159
  type: 'test'
  ...
# Subtest: applies context, system messages, and restricted model request patches
ok 141 - applies context, system messages, and restricted model request patches
  ---
  duration_ms: 1.958541
  type: 'test'
  ...
# Subtest: blocks before any request mutation is used
ok 142 - blocks before any request mutation is used
  ---
  duration_ms: 0.106792
  type: 'test'
  ...
# Subtest: McpClient keeps stdio clients idle before connection
ok 143 - McpClient keeps stdio clients idle before connection
  ---
  duration_ms: 0.954959
  type: 'test'
  ...
# Subtest: McpClient constructs streamable_http transport without requiring stdio fields
ok 144 - McpClient constructs streamable_http transport without requiring stdio fields
  ---
  duration_ms: 0.09025
  type: 'test'
  ...
# Subtest: McpClient routes streamable_http fetches with bounded timeouts
ok 145 - McpClient routes streamable_http fetches with bounded timeouts
  ---
  duration_ms: 1.618833
  type: 'test'
  ...
# Subtest: expandMcpString expands ${env:*} placeholders
ok 146 - expandMcpString expands ${env:*} placeholders
  ---
  duration_ms: 1.367333
  type: 'test'
  ...
# Subtest: expandMcpString expands ${userHome} placeholder
ok 147 - expandMcpString expands ${userHome} placeholder
  ---
  duration_ms: 0.18975
  type: 'test'
  ...
# Subtest: expandMcpString expands ~ prefix
ok 148 - expandMcpString expands ~ prefix
  ---
  duration_ms: 8.419708
  type: 'test'
  ...
# Subtest: expandMcpString leaves unknown env vars as empty string
ok 149 - expandMcpString leaves unknown env vars as empty string
  ---
  duration_ms: 0.146875
  type: 'test'
  ...
# Subtest: expandMcpString handles combined placeholders
ok 150 - expandMcpString handles combined placeholders
  ---
  duration_ms: 0.14275
  type: 'test'
  ...
# Subtest: expandMcpConfig recursively expands objects and arrays
ok 151 - expandMcpConfig recursively expands objects and arrays
  ---
  duration_ms: 0.59425
  type: 'test'
  ...
# Subtest: parsePluginMcpServers expands ${env:*} in stdio env
ok 152 - parsePluginMcpServers expands ${env:*} in stdio env
  ---
  duration_ms: 0.160709
  type: 'test'
  ...
# Subtest: parsePluginMcpServers expands ${env:*} in stdio command before transport detection
ok 153 - parsePluginMcpServers expands ${env:*} in stdio command before transport detection
  ---
  duration_ms: 0.047041
  type: 'test'
  ...
# Subtest: parsePluginMcpServers drops empty expanded stdio command
ok 154 - parsePluginMcpServers drops empty expanded stdio command
  ---
  duration_ms: 0.195792
  type: 'test'
  ...
# Subtest: parsePluginMcpServers expands ${userHome} in stdio cwd
ok 155 - parsePluginMcpServers expands ${userHome} in stdio cwd
  ---
  duration_ms: 0.23625
  type: 'test'
  ...
# Subtest: parsePluginMcpServers expands ~ in stdio args (backward compat)
ok 156 - parsePluginMcpServers expands ~ in stdio args (backward compat)
  ---
  duration_ms: 0.1065
  type: 'test'
  ...
# Subtest: parsePluginMcpServers expands ${env:*} in streamable_http url
ok 157 - parsePluginMcpServers expands ${env:*} in streamable_http url
  ---
  duration_ms: 0.04475
  type: 'test'
  ...
# Subtest: parsePluginMcpServers expands ${env:*} in streamable_http headers
ok 158 - parsePluginMcpServers expands ${env:*} in streamable_http headers
  ---
  duration_ms: 0.036625
  type: 'test'
  ...
# Subtest: user config and plugin config resolve same placeholders consistently
ok 159 - user config and plugin config resolve same placeholders consistently
  ---
  duration_ms: 0.036
  type: 'test'
  ...
# Subtest: Anthropic-compatible terminated SSE errors remain retryable
ok 160 - Anthropic-compatible terminated SSE errors remain retryable
  ---
  duration_ms: 1.7785
  type: 'test'
  ...
# Subtest: catalog provider resolves api key from default env var when apiKey is omitted
ok 161 - catalog provider resolves api key from default env var when apiKey is omitted
  ---
  duration_ms: 1.563958
  type: 'test'
  ...
# Subtest: catalog provider resolves api key from default env var when apiKey is blank
ok 162 - catalog provider resolves api key from default env var when apiKey is blank
  ---
  duration_ms: 0.18225
  type: 'test'
  ...
# Subtest: normalizeModelError classifies common network failures
ok 163 - normalizeModelError classifies common network failures
  ---
  duration_ms: 2.629417
  type: 'test'
  ...
# Subtest: model request failure preserves provider raw message before action guidance
ok 164 - model request failure preserves provider raw message before action guidance
  ---
  duration_ms: 1.697917
  type: 'test'
  ...
# Subtest: model_not_found guidance points users to local model settings
ok 165 - model_not_found guidance points users to local model settings
  ---
  duration_ms: 1.480959
  type: 'test'
  ...
# Subtest: stream idle timeout is classified as timeout with network and timeoutMs guidance
ok 166 - stream idle timeout is classified as timeout with network and timeoutMs guidance
  ---
  duration_ms: 0.553166
  type: 'test'
  ...
# Subtest: provider terminated stream is classified as a retryable connection reset
ok 167 - provider terminated stream is classified as a retryable connection reset
  ---
  duration_ms: 2.235416
  type: 'test'
  ...
# Subtest: billing and rate limit guidance distinguish provider-side fixes
ok 168 - billing and rate limit guidance distinguish provider-side fixes
  ---
  duration_ms: 0.125709
  type: 'test'
  ...
# Subtest: unknown provider errors still give actionable settings and provider checks
ok 169 - unknown provider errors still give actionable settings and provider checks
  ---
  duration_ms: 0.0445
  type: 'test'
  ...
# Subtest: OpenAI Responses usage reads cached tokens from input token details
ok 170 - OpenAI Responses usage reads cached tokens from input token details
  ---
  duration_ms: 1.168791
  type: 'test'
  ...
# Subtest: Gemini usage counts thoughts tokens as output consumption
ok 171 - Gemini usage counts thoughts tokens as output consumption
  ---
  duration_ms: 0.176041
  type: 'test'
  ...
# Subtest: Ollama provider uses catalog defaults and does not require apiKey
ok 172 - Ollama provider uses catalog defaults and does not require apiKey
  ---
  duration_ms: 1.44325
  type: 'test'
  ...
# Subtest: Ollama provider builds OpenAI-compatible chat completions body
ok 173 - Ollama provider builds OpenAI-compatible chat completions body
  ---
  duration_ms: 1.638625
  type: 'test'
  ...
# Subtest: model request builders tolerate malformed messages with missing content
ok 174 - model request builders tolerate malformed messages with missing content
  ---
  duration_ms: 0.844042
  type: 'test'
  ...
# Subtest: cloneMessages normalizes malformed messages with missing content
ok 175 - cloneMessages normalizes malformed messages with missing content
  ---
  duration_ms: 0.489958
  type: 'test'
  ...
# Subtest: streamModel retries Anthropic-compatible terminated SSE errors
ok 176 - streamModel retries Anthropic-compatible terminated SSE errors
  ---
  duration_ms: 6.486292
  type: 'test'
  ...
# Subtest: networkFetch retries retryable status responses and then succeeds
ok 177 - networkFetch retries retryable status responses and then succeeds
  ---
  duration_ms: 2.701458
  type: 'test'
  ...
# Subtest: networkFetch uses retry-after when calculating retry delay
ok 178 - networkFetch uses retry-after when calculating retry delay
  ---
  duration_ms: 0.069667
  type: 'test'
  ...
# Subtest: networkFetch caps retry-after delays with maxDelayMs
ok 179 - networkFetch caps retry-after delays with maxDelayMs
  ---
  duration_ms: 0.034875
  type: 'test'
  ...
# Subtest: networkFetch normalizes DNS and reset errors
ok 180 - networkFetch normalizes DNS and reset errors
  ---
  duration_ms: 0.086708
  type: 'test'
  ...
# Subtest: networkFetch times out requests
ok 181 - networkFetch times out requests
  ---
  duration_ms: 2.746584
  type: 'test'
  ...
# Subtest: networkFetch honors init.signal abort reasons without options.signal
ok 182 - networkFetch honors init.signal abort reasons without options.signal
  ---
  duration_ms: 0.675042
  type: 'test'
  ...
# Subtest: networkFetch preserves parent NetworkFetchError reasons passed through options.signal
ok 183 - networkFetch preserves parent NetworkFetchError reasons passed through options.signal
  ---
  duration_ms: 0.369334
  type: 'test'
  ...
# (node:15873) ExperimentalWarning: SQLite is an experimental feature and might change at any time
# (Use `node --trace-warnings ...` to show where the warning was created)
# [session-title] generation skipped (invalid_json): Unexpected token 'Q', "QA" is not valid JSON
# Subtest: local gateway writes a complete shadow bundle linked to the final request
ok 184 - local gateway writes a complete shadow bundle linked to the final request
  ---
  duration_ms: 712.814917
  type: 'test'
  ...
# [session-title] generation skipped (invalid_json): Unexpected token 'Q', "QA" is not valid JSON
# [session-title] generation skipped (invalid_json): Unexpected token 'Q', "QA" is not valid JSON
# Subtest: enabling O1 does not change Agent-visible model input
ok 185 - enabling O1 does not change Agent-visible model input
  ---
  duration_ms: 417.0645
  type: 'test'
  ...
# (node:15875) ExperimentalWarning: SQLite is an experimental feature and might change at any time
# (Use `node --trace-warnings ...` to show where the warning was created)
# [session-title] generation skipped (invalid_json): Unexpected token 'B', "Bounded co"... is not valid JSON
# Subtest: local Gateway records a bounded handoff through boundary to progress
ok 186 - local Gateway records a bounded handoff through boundary to progress
  ---
  duration_ms: 1134.639625
  type: 'test'
  ...
# (node:15876) ExperimentalWarning: SQLite is an experimental feature and might change at any time
# (Use `node --trace-warnings ...` to show where the warning was created)
# Subtest: local Gateway records a complete O1 trajectory when a bounded child times out
ok 187 - local Gateway records a complete O1 trajectory when a bounded child times out
  ---
  duration_ms: 1553.004375
  type: 'test'
  ...
# Subtest: subagent tool detection and result pair at the model projection layer
ok 188 - subagent tool detection and result pair at the model projection layer
  ---
  duration_ms: 8.4195
  type: 'test'
  ...
# Subtest: main tool detection and result produce one exact O1 pair
ok 189 - main tool detection and result produce one exact O1 pair
  ---
  duration_ms: 1.161
  type: 'test'
  ...
# Subtest: repair preparation grace is observable without becoming progress
ok 190 - repair preparation grace is observable without becoming progress
  ---
  duration_ms: 0.14175
  type: 'test'
  ...
# Subtest: recorder finalizes a complete hash-only trajectory
ok 191 - recorder finalizes a complete hash-only trajectory
  ---
  duration_ms: 43.574584
  type: 'test'
  ...
# Subtest: queue overflow is explicit and makes integrity partial
ok 192 - queue overflow is explicit and makes integrity partial
  ---
  duration_ms: 4.826167
  type: 'test'
  ...
# Subtest: verifier rejects reused model request identity and duplicate terminals
ok 193 - verifier rejects reused model request identity and duplicate terminals
  ---
  duration_ms: 4.576209
  type: 'test'
  ...
# Subtest: verifier rejects duplicate identity and secret-bearing keys
ok 194 - verifier rejects duplicate identity and secret-bearing keys
  ---
  duration_ms: 0.285125
  type: 'test'
  ...
# [PilotDeck] transientRetry: rate_limit (attempt 1/1, delay=1ms)
# Subtest: router observation closes every fallback and retry attempt
ok 195 - router observation closes every fallback and retry attempt
  ---
  duration_ms: 24.895917
  type: 'test'
  ...
# Subtest: router request identity separates sessions sharing a turn id
ok 196 - router request identity separates sessions sharing a turn id
  ---
  duration_ms: 4.057458
  type: 'test'
  ...
# Subtest: router request identity advances across sequential calls in one turn
ok 197 - router request identity advances across sequential calls in one turn
  ---
  duration_ms: 4.260334
  type: 'test'
  ...
# Subtest: observability is disabled by default and preserves the O1 diagnostic profile
ok 198 - observability is disabled by default and preserves the O1 diagnostic profile
  ---
  duration_ms: 18.323208
  type: 'test'
  ...
# Subtest: O1 rejects unsupported profiles and unsafe labels
ok 199 - O1 rejects unsupported profiles and unsafe labels
  ---
  duration_ms: 4.223708
  type: 'test'
  ...
# Subtest: web search can be explicitly disabled without discarding provider config
ok 200 - web search can be explicitly disabled without discarding provider config
  ---
  duration_ms: 1.043208
  type: 'test'
  ...
# Subtest: web search enabled remains optional for backwards compatibility
ok 201 - web search enabled remains optional for backwards compatibility
  ---
  duration_ms: 0.051042
  type: 'test'
  ...
# Subtest: web search enabled must be a boolean
ok 202 - web search enabled must be a boolean
  ---
  duration_ms: 0.047375
  type: 'test'
  ...
# Subtest: progress lease is disabled by default and opt-in evaluation config is preserved
ok 203 - progress lease is disabled by default and opt-in evaluation config is preserved
  ---
  duration_ms: 23.04975
  type: 'test'
  ...
# Subtest: progress lease preserves an explicit cold-start allowance
ok 204 - progress lease preserves an explicit cold-start allowance
  ---
  duration_ms: 2.336875
  type: 'test'
  ...
# Subtest: progress lease rejects non-evaluation modes
ok 205 - progress lease rejects non-evaluation modes
  ---
  duration_ms: 2.45825
  type: 'test'
  ...
# Subtest: progress lease rejects a cold-start allowance below the steady-state limit
ok 206 - progress lease rejects a cold-start allowance below the steady-state limit
  ---
  duration_ms: 3.112417
  type: 'test'
  ...
# Subtest: legal coverage validator creates a current proof and removes it when the deliverable changes
ok 207 - legal coverage validator creates a current proof and removes it when the deliverable changes
  ---
  duration_ms: 301.964667
  type: 'test'
  ...
# Subtest: legal coverage initializer creates a text skeleton before source review and remains idempotent
ok 208 - legal coverage initializer creates a text skeleton before source review and remains idempotent
  ---
  duration_ms: 385.729
  type: 'test'
  ...
# Subtest: legal coverage initializer binds trusted manifests to original inputs
ok 209 - legal coverage initializer binds trusted manifests to original inputs
  ---
  duration_ms: 439.784125
  type: 'test'
  ...
# Subtest: legal coverage source bootstrap creates only deterministic pending manifest rows
ok 210 - legal coverage source bootstrap creates only deterministic pending manifest rows
  ---
  duration_ms: 340.941959
  type: 'test'
  ...
# Subtest: legal coverage injects deterministic disjoint worker batches for large pending source rooms
ok 211 - legal coverage injects deterministic disjoint worker batches for large pending source rooms
  ---
  duration_ms: 1947.212709
  type: 'test'
  ...
# Subtest: legal coverage CLI exposes bundled guidance through stable named references
ok 212 - legal coverage CLI exposes bundled guidance through stable named references
  ---
  duration_ms: 134.40925
  type: 'test'
  ...
# Subtest: legal coverage initializer creates only explicit text formats and preserves existing content
ok 213 - legal coverage initializer creates only explicit text formats and preserves existing content
  ---
  duration_ms: 53.96425
  type: 'test'
  ...
# Subtest: legal coverage initializer rejects traversal and symlink ancestors without external writes
ok 214 - legal coverage initializer rejects traversal and symlink ancestors without external writes
  ---
  duration_ms: 146.236708
  type: 'test'
  ...
# Subtest: legal coverage validator binds runner originals and derivations into its proof
ok 215 - legal coverage validator binds runner originals and derivations into its proof
  ---
  duration_ms: 213.724583
  type: 'test'
  ...
# Subtest: legal coverage validator rejects missing lineage and mutable or derived input roots
ok 216 - legal coverage validator rejects missing lineage and mutable or derived input roots
  ---
  duration_ms: 271.150334
  type: 'test'
  ...
# Subtest: legal coverage next-batch exposes one bounded deterministic repair slice
ok 217 - legal coverage next-batch exposes one bounded deterministic repair slice
  ---
  duration_ms: 209.874709
  type: 'test'
  ...
# Subtest: legal coverage apply-batch atomically updates only the current bounded slice
ok 218 - legal coverage apply-batch atomically updates only the current bounded slice
  ---
  duration_ms: 308.823125
  type: 'test'
  ...
# Subtest: legal coverage apply-batch rejects record and byte limit violations before writing
ok 219 - legal coverage apply-batch rejects record and byte limit violations before writing
  ---
  duration_ms: 198.368375
  type: 'test'
  ...
# Subtest: legal coverage validator rejects orphaned conflicts and incomplete final disclosure
ok 220 - legal coverage validator rejects orphaned conflicts and incomplete final disclosure
  ---
  duration_ms: 103.814083
  type: 'test'
  ...
# Subtest: legal coverage validator detects un-inventoried sources and cross-fact timeline collisions
ok 221 - legal coverage validator detects un-inventoried sources and cross-fact timeline collisions
  ---
  duration_ms: 108.281417
  type: 'test'
  ...
# Subtest: legal coverage validator rejects reused generic quotes and unsupported fact coverage
ok 222 - legal coverage validator rejects reused generic quotes and unsupported fact coverage
  ---
  duration_ms: 102.358333
  type: 'test'
  ...
# Subtest: legal coverage validator requires authority links for critical issues and legal-authority matrices
ok 223 - legal coverage validator requires authority links for critical issues and legal-authority matrices
  ---
  duration_ms: 103.005208
  type: 'test'
  ...
# Subtest: legal coverage validator rejects non-object canonical JSON documents
ok 224 - legal coverage validator rejects non-object canonical JSON documents
  ---
  duration_ms: 718.003208
  type: 'test'
  ...
# Subtest: legal coverage validator binds reviewed source bytes to the ledger and state hash
ok 225 - legal coverage validator binds reviewed source bytes to the ledger and state hash
  ---
  duration_ms: 205.569958
  type: 'test'
  ...
# Subtest: legal coverage validator rejects ancestor symlinks and a symlinked proof
ok 226 - legal coverage validator rejects ancestor symlinks and a symlinked proof
  ---
  duration_ms: 151.894584
  type: 'test'
  ...
# Subtest: legal coverage validator does not read or write through a symlinked state ancestor
ok 227 - legal coverage validator does not read or write through a symlinked state ancestor
  ---
  duration_ms: 97.635
  type: 'test'
  ...
# Subtest: legal coverage validator requires unresolved disclosure for unverified material facts
ok 228 - legal coverage validator requires unresolved disclosure for unverified material facts
  ---
  duration_ms: 103.113666
  type: 'test'
  ...
# Subtest: legal coverage validator rejects unique but irrelevant issue and authority quotes
ok 229 - legal coverage validator rejects unique but irrelevant issue and authority quotes
  ---
  duration_ms: 103.124959
  type: 'test'
  ...
# Subtest: legal coverage validator enforces reciprocal and same-entry ledger relationships
ok 230 - legal coverage validator enforces reciprocal and same-entry ledger relationships
  ---
  duration_ms: 103.542333
  type: 'test'
  ...
# Subtest: legal coverage validator accepts null for an optional threshold assessment
ok 231 - legal coverage validator accepts null for an optional threshold assessment
  ---
  duration_ms: 104.035458
  type: 'test'
  ...
# Subtest: legal coverage validator uses locators without quotes for binary deliverables
ok 232 - legal coverage validator uses locators without quotes for binary deliverables
  ---
  duration_ms: 103.597875
  type: 'test'
  ...
# Subtest: legal coverage validator rejects empty-fact shortcuts and material facts outside matrices
ok 233 - legal coverage validator rejects empty-fact shortcuts and material facts outside matrices
  ---
  duration_ms: 207.502458
  type: 'test'
  ...
# Subtest: legal coverage hook activates only legal work and injects one observable milestone
ok 234 - legal coverage hook activates only legal work and injects one observable milestone
  ---
  duration_ms: 547.002792
  type: 'test'
  ...
# Subtest: legal coverage hook groups repeated validator errors into one bounded milestone
ok 235 - legal coverage hook groups repeated validator errors into one bounded milestone
  ---
  duration_ms: 545.620875
  type: 'test'
  ...
# Subtest: legal coverage pending-matrix selection is bounded across pages and invalid revisions cannot manufacture progress
ok 236 - legal coverage pending-matrix selection is bounded across pages and invalid revisions cannot manufacture progress
  ---
  duration_ms: 1003.455833
  type: 'test'
  ...
# Subtest: legal coverage progress ordinal advances once for a new legal phase
ok 237 - legal coverage progress ordinal advances once for a new legal phase
  ---
  duration_ms: 213.826917
  type: 'test'
  ...
# Subtest: legal coverage permits not-applicable only after exhaustive selection and rejects stale or changed matrix proposals
ok 238 - legal coverage permits not-applicable only after exhaustive selection and rejects stale or changed matrix proposals
  ---
  duration_ms: 482.919166
  type: 'test'
  ...
# Subtest: legal coverage rejects oversized matrix evidence before making a selection receipt immutable
ok 239 - legal coverage rejects oversized matrix evidence before making a selection receipt immutable
  ---
  duration_ms: 161.362167
  type: 'test'
  ...
# Subtest: legal coverage fails closed when one matrix index item exceeds the bounded page
ok 240 - legal coverage fails closed when one matrix index item exceeds the bounded page
  ---
  duration_ms: 160.655083
  type: 'test'
  ...
# Subtest: legal coverage injects a bounded deterministic matrix relation-closure batch
ok 241 - legal coverage injects a bounded deterministic matrix relation-closure batch
  ---
  duration_ms: 220.126792
  type: 'test'
  ...
# Subtest: legal coverage milestone digest ignores opaque incomplete-state hash churn
ok 242 - legal coverage milestone digest ignores opaque incomplete-state hash churn
  ---
  duration_ms: 2.228125
  type: 'test'
  ...
# Subtest: legal coverage hook activates a malformed configured workspace so the agent can repair it
ok 243 - legal coverage hook activates a malformed configured workspace so the agent can repair it
  ---
  duration_ms: 103.832291
  type: 'test'
  ...
# Subtest: legal coverage hook rejects a symlinked session-state ancestor without writing outside the workspace
ok 244 - legal coverage hook rejects a symlinked session-state ancestor without writing outside the workspace
  ---
  duration_ms: 51.53725
  type: 'test'
  ...
# Subtest: legal product plugin loads one skill and contains no benchmark-specific controls
ok 245 - legal product plugin loads one skill and contains no benchmark-specific controls
  ---
  duration_ms: 3.094291
  type: 'test'
  ...
# Subtest: file artifacts include every meaningful workspace change without an extension allowlist
ok 246 - file artifacts include every meaningful workspace change without an extension allowlist
  ---
  duration_ms: 34.640458
  type: 'test'
  ...
# Subtest: file artifact fingerprints are reused for unchanged files across scans and turns
ok 247 - file artifact fingerprints are reused for unchanged files across scans and turns
  ---
  duration_ms: 5.60475
  type: 'test'
  ...
# Subtest: TurnRunner emits and persists file artifacts before completing the turn
ok 248 - TurnRunner emits and persists file artifacts before completing the turn
  ---
  duration_ms: 18.107708
  type: 'test'
  ...
# Subtest: TurnRunner does not collect generated files when artifacts are disabled
ok 249 - TurnRunner does not collect generated files when artifacts are disabled
  ---
  duration_ms: 2.395084
  type: 'test'
  ...
# Subtest: bash success result is formatted with assertions, stdout, and stderr
ok 250 - bash success result is formatted with assertions, stdout, and stderr
  ---
  duration_ms: 4.115375
  type: 'test'
  ...
# Subtest: bash allows hyphenated commands whose names merely start with next
ok 251 - bash allows hyphenated commands whose names merely start with next
  ---
  duration_ms: 3.8595
  type: 'test'
  ...
# Subtest: bash still rejects exact framework CLI tokens that start long-lived processes
ok 252 - bash still rejects exact framework CLI tokens that start long-lived processes
  ---
  duration_ms: 2.729625
  type: 'test'
  ...
# Subtest: bash failure tool result includes raw stdout and stderr tail for UI and model
ok 253 - bash failure tool result includes raw stdout and stderr tail for UI and model
  ---
  duration_ms: 25.718167
  type: 'test'
  ...
# Subtest: bash failure diagnostic extracts Python traceback location and exception
ok 254 - bash failure diagnostic extracts Python traceback location and exception
  ---
  duration_ms: 1.242042
  type: 'test'
  ...
# Subtest: bash success keeps full output for ToolResultBudget persistence
ok 255 - bash success keeps full output for ToolResultBudget persistence
  ---
  duration_ms: 18.111417
  type: 'test'
  ...
# Subtest: agent tool accepts explorer as an alias for explore
ok 256 - agent tool accepts explorer as an alias for explore
  ---
  duration_ms: 2.356458
  type: 'test'
  ...
# Subtest: agent tool defaults general-purpose to explore in ask mode
ok 257 - agent tool defaults general-purpose to explore in ask mode
  ---
  duration_ms: 0.101625
  type: 'test'
  ...
# Subtest: agent tool injects and forwards the parent-bounded timeout
ok 258 - agent tool injects and forwards the parent-bounded timeout
  ---
  duration_ms: 0.17175
  type: 'test'
  ...
# Subtest: agent tool rejects a launch that would consume the parent handoff window
ok 259 - agent tool rejects a launch that would consume the parent handoff window
  ---
  duration_ms: 0.252584
  type: 'test'
  ...
# Subtest: agent fallback path enforces the same timeout
ok 260 - agent fallback path enforces the same timeout
  ---
  duration_ms: 6.161291
  type: 'test'
  ...
# Subtest: agent tool preserves unknown custom fallback subagent names
ok 261 - agent tool preserves unknown custom fallback subagent names
  ---
  duration_ms: 0.59525
  type: 'test'
  ...
# Subtest: execute_code read-only probe handles missing input
ok 262 - execute_code read-only probe handles missing input
  ---
  duration_ms: 0.531375
  type: 'test'
  ...
# Subtest: disabling web search removes it from the registry but keeps web fetch
ok 263 - disabling web search removes it from the registry but keeps web fetch
  ---
  duration_ms: 1.085625
  type: 'test'
  ...
# Subtest: execute_code rejects nested web search calls when web search is disabled
ok 264 - execute_code rejects nested web search calls when web search is disabled
  ---
  duration_ms: 0.117875
  type: 'test'
  ...
# Subtest: read_skill returns the resolved SKILL.md path with the skill body
ok 265 - read_skill returns the resolved SKILL.md path with the skill body
  ---
  duration_ms: 0.625334
  type: 'test'
  ...
# Subtest: read_skill preserves legacy content-only loading when metadata is unavailable
ok 266 - read_skill preserves legacy content-only loading when metadata is unavailable
  ---
  duration_ms: 0.066958
  type: 'test'
  ...
# Subtest: web_search retries transient provider failures
ok 267 - web_search retries transient provider failures
  ---
  duration_ms: 554.678167
  type: 'test'
  ...
# Subtest: web_search turns request timeout into tool_timeout
ok 268 - web_search turns request timeout into tool_timeout
  ---
  duration_ms: 1.961375
  type: 'test'
  ...
# Subtest: web_search turns network timeout errors into tool_timeout
ok 269 - web_search turns network timeout errors into tool_timeout
  ---
  duration_ms: 0.884833
  type: 'test'
  ...
# Subtest: write_file freshness error tells the model to read the file first
ok 270 - write_file freshness error tells the model to read the file first
  ---
  duration_ms: 1.019583
  type: 'test'
  ...
# Subtest: write_file missing content points at the missing field and chunked recovery
ok 271 - write_file missing content points at the missing field and chunked recovery
  ---
  duration_ms: 0.256167
  type: 'test'
  ...
# Subtest: invalid tool input keeps a bounded original error block
ok 272 - invalid tool input keeps a bounded original error block
  ---
  duration_ms: 0.213
  type: 'test'
  ...
# Subtest: edit_file old_string miss tells the model to reread and copy exact text
ok 273 - edit_file old_string miss tells the model to reread and copy exact text
  ---
  duration_ms: 0.0645
  type: 'test'
  ...
# Subtest: read_file invalid range preserves the concrete issue
ok 274 - read_file invalid range preserves the concrete issue
  ---
  duration_ms: 0.109459
  type: 'test'
  ...
# Subtest: bash missing command reports the required command parameter
ok 275 - bash missing command reports the required command parameter
  ---
  duration_ms: 0.096792
  type: 'test'
  ...
# Subtest: bash timeout over max keeps foreground and task_wait guidance
ok 276 - bash timeout over max keeps foreground and task_wait guidance
  ---
  duration_ms: 0.133042
  type: 'test'
  ...
# Subtest: bash background rejection keeps background-specific guidance
ok 277 - bash background rejection keeps background-specific guidance
  ---
  duration_ms: 0.076417
  type: 'test'
  ...
# Subtest: write_file can create a new file without a prior read_file call
ok 278 - write_file can create a new file without a prior read_file call
  ---
  duration_ms: 15.578667
  type: 'test'
  ...
# Subtest: edit_file can create a new file with empty old_string without a prior read_file call
ok 279 - edit_file can create a new file with empty old_string without a prior read_file call
  ---
  duration_ms: 6.062542
  type: 'test'
  ...
# Subtest: read_file auto-pages large text files instead of failing
ok 280 - read_file auto-pages large text files instead of failing
  ---
  duration_ms: 2066.731417
  type: 'test'
  ...
# Subtest: read_file rejects Office container files during validation
ok 281 - read_file rejects Office container files during validation
  ---
  duration_ms: 0.824292
  type: 'test'
  ...
# Subtest: read_file explicit limit reads a large file range without auto paging
ok 282 - read_file explicit limit reads a large file range without auto paging
  ---
  duration_ms: 3.983917
  type: 'test'
  ...
# Subtest: read_file auto-shrinks oversized persisted tool-result ref ranges
ok 283 - read_file auto-shrinks oversized persisted tool-result ref ranges
  ---
  duration_ms: 22393.907333
  type: 'test'
  ...
# Subtest: read_file keeps explicit oversized ordinary file ranges strict
ok 284 - read_file keeps explicit oversized ordinary file ranges strict
  ---
  duration_ms: 2.3575
  type: 'test'
  ...
# Subtest: read_file explicit limit records a ranged snapshot for follow-up edits
ok 285 - read_file explicit limit records a ranged snapshot for follow-up edits
  ---
  duration_ms: 1.397583
  type: 'test'
  ...
# Subtest: read_file auto-paged large files record a ranged snapshot for follow-up edits
ok 286 - read_file auto-paged large files record a ranged snapshot for follow-up edits
  ---
  duration_ms: 1577.905708
  type: 'test'
  ...
# Subtest: read_file returns a head-tail preview for a single oversized line
ok 287 - read_file returns a head-tail preview for a single oversized line
  ---
  duration_ms: 6.711333
  type: 'test'
  ...
# Subtest: read_file classifies common Office formats as binary
ok 288 - read_file classifies common Office formats as binary
  ---
  duration_ms: 0.2215
  type: 'test'
  ...
# Subtest: read_file rejects ranged binary input instead of hanging
ok 289 - read_file rejects ranged binary input instead of hanging
  ---
  duration_ms: 0.930541
  type: 'test'
  ...
# Subtest: read_file range honors an aborted signal
ok 290 - read_file range honors an aborted signal
  ---
  duration_ms: 0.790291
  type: 'test'
  ...
# Subtest: glob result text tells the model when more files are available
ok 291 - glob result text tells the model when more files are available
  ---
  duration_ms: 21.084291
  type: 'test'
  ...
# Subtest: grep result text includes next offset when paginated
ok 292 - grep result text includes next offset when paginated
  ---
  duration_ms: 16.510125
  type: 'test'
  ...
# Subtest: todo_write returns the actual todo list in model-visible content
ok 293 - todo_write returns the actual todo list in model-visible content
  ---
  duration_ms: 0.680333
  type: 'test'
  ...
# Subtest: task_list returns model-visible status and next action hints
ok 294 - task_list returns model-visible status and next action hints
  ---
  duration_ms: 1.072542
  type: 'test'
  ...
# Subtest: applyResultSizeLimit keeps both head and tail when truncating text output
ok 295 - applyResultSizeLimit keeps both head and tail when truncating text output
  ---
  duration_ms: 0.669625
  type: 'test'
  ...
# Subtest: large tool results are persisted under workspace .pilotdeck and readable by read_file
ok 296 - large tool results are persisted under workspace .pilotdeck and readable by read_file
  ---
  duration_ms: 11.982333
  type: 'test'
  ...
# Subtest: large tool result read_file aliases are short and sequential
ok 297 - large tool result read_file aliases are short and sequential
  ---
  duration_ms: 4.303416
  type: 'test'
  ...
# Subtest: history replay restores structured agent file artifacts
ok 298 - history replay restores structured agent file artifacts
  ---
  duration_ms: 10.338708
  type: 'test'
  ...
# Subtest: history replay hides Agent file artifacts in general conversations
ok 299 - history replay hides Agent file artifacts in general conversations
  ---
  duration_ms: 3.173375
  type: 'test'
  ...
# Subtest: history replay preserves agent status i18n metadata and user hint
ok 300 - history replay preserves agent status i18n metadata and user hint
  ---
  duration_ms: 8.9955
  type: 'test'
  ...
# Subtest: history token usage restores latest non-empty turn past latest empty turn result
ok 301 - history token usage restores latest non-empty turn past latest empty turn result
  ---
  duration_ms: 3.838
  type: 'test'
  ...
# Subtest: history token usage prefers persisted context budget snapshot
ok 302 - history token usage prefers persisted context budget snapshot
  ---
  duration_ms: 3.842666
  type: 'test'
  ...
# Subtest: web reducer merges persisted tool result detail path into existing tool result
ok 303 - web reducer merges persisted tool result detail path into existing tool result
  ---
  duration_ms: 4.198
  type: 'test'
  ...
# Subtest: web reducer bounds huge live tool result previews
ok 304 - web reducer bounds huge live tool result previews
  ---
  duration_ms: 0.188083
  type: 'test'
  ...
1..304
# tests 304
# suites 0
# pass 304
# fail 0
# cancelled 0
# skipped 0
# todo 0
# duration_ms 28554.693666
