TAP version 13
# (node:64402) ExperimentalWarning: SQLite is an experimental feature and might change at any time
# (Use `node --trace-warnings ...` to show where the warning was created)
# Subtest: PreModelRequest mutations survive a post-routing request rebuild and remain model-only
ok 1 - PreModelRequest mutations survive a post-routing request rebuild and remain model-only
  ---
  duration_ms: 4.103083
  type: 'test'
  ...
# Subtest: AgentLoop exposes explicit subagent identity to lifecycle hooks
ok 2 - AgentLoop exposes explicit subagent identity to lifecycle hooks
  ---
  duration_ms: 1.332167
  type: 'test'
  ...
# Subtest: evaluation progress lease stops before a third unchanged model request when full compaction is rejected
ok 3 - evaluation progress lease stops before a third unchanged model request when full compaction is rejected
  ---
  duration_ms: 1.71975
  type: 'test'
  ...
# Subtest: artifact failure injects one bounded correction turn and succeeds after validation
ok 4 - artifact failure injects one bounded correction turn and succeeds after validation
  ---
  duration_ms: 4.239208
  type: 'test'
  ...
# Subtest: required artifact failure wins over max-turn completion after a final tool call
ok 5 - required artifact failure wins over max-turn completion after a final tool call
  ---
  duration_ms: 1.795584
  type: 'test'
  ...
# Subtest: progress lease stays inert unless explicitly enabled
ok 6 - progress lease stays inert unless explicitly enabled
  ---
  duration_ms: 0.662416
  type: 'test'
  ...
# Subtest: opaque hash churn is stagnant while a smaller remaining count renews the lease
ok 7 - opaque hash churn is stagnant while a smaller remaining count renews the lease
  ---
  duration_ms: 0.119333
  type: 'test'
  ...
# Subtest: only a strictly increasing domain progress ordinal renews the lease
ok 8 - only a strictly increasing domain progress ordinal renews the lease
  ---
  duration_ms: 0.051709
  type: 'test'
  ...
# Subtest: a lower remaining count cannot roll the stored progress ordinal backward
ok 9 - a lower remaining count cannot roll the stored progress ordinal backward
  ---
  duration_ms: 0.044333
  type: 'test'
  ...
# Subtest: two stagnant observations require a boundary and allow exactly one post-boundary turn
ok 10 - two stagnant observations require a boundary and allow exactly one post-boundary turn
  ---
  duration_ms: 0.117
  type: 'test'
  ...
# Subtest: cold-start allowance expires after the first explicit domain progress
ok 11 - cold-start allowance expires after the first explicit domain progress
  ---
  duration_ms: 0.050542
  type: 'test'
  ...
# Subtest: evaluation mode fails closed when the required boundary is rejected or unavailable
ok 12 - evaluation mode fails closed when the required boundary is rejected or unavailable
  ---
  duration_ms: 0.081917
  type: 'test'
  ...
# Subtest: a completed report releases the tracked scope
ok 13 - a completed report releases the tracked scope
  ---
  duration_ms: 0.03325
  type: 'test'
  ...
# Subtest: convergence metadata parser rejects malformed and oversized reports
ok 14 - convergence metadata parser rejects malformed and oversized reports
  ---
  duration_ms: 0.64425
  type: 'test'
  ...
# Subtest: auto compaction reports summary success separately from rejected oversized output
ok 15 - auto compaction reports summary success separately from rejected oversized output
  ---
  duration_ms: 1.116792
  type: 'test'
  ...
# Subtest: auto compaction marks a budget-clearing summary as applied
ok 16 - auto compaction marks a budget-clearing summary as applied
  ---
  duration_ms: 0.077167
  type: 'test'
  ...
# Subtest: progress policy can force a full boundary while the token budget is still healthy
ok 17 - progress policy can force a full boundary while the token budget is still healthy
  ---
  duration_ms: 0.119875
  type: 'test'
  ...
# Subtest: full compaction distinguishes a protected prefix with no summarizable messages from model failure
ok 18 - full compaction distinguishes a protected prefix with no summarizable messages from model failure
  ---
  duration_ms: 199.561042
  type: 'test'
  ...
# Subtest: auto compaction propagates no-summarizable as a stable rejection reason without claiming a summary attempt
ok 19 - auto compaction propagates no-summarizable as a stable rejection reason without claiming a summary attempt
  ---
  duration_ms: 0.169625
  type: 'test'
  ...
# Subtest: bounded protected-prefix retention summarizes old agent turns and preserves every kept tool pair
ok 20 - bounded protected-prefix retention summarizes old agent turns and preserves every kept tool pair
  ---
  duration_ms: 1.092125
  type: 'test'
  ...
# Subtest: full compaction aligns a message-count tail boundary to complete tool turns
ok 21 - full compaction aligns a message-count tail boundary to complete tool turns
  ---
  duration_ms: 0.362792
  type: 'test'
  ...
# Subtest: sanitized Case 09 replay retains enough evidence to detect rejected blocking compactions
ok 22 - sanitized Case 09 replay retains enough evidence to detect rejected blocking compactions
  ---
  duration_ms: 2.733292
  type: 'test'
  ...
# Subtest: legal coverage validator creates a current proof and removes it when the deliverable changes
ok 23 - legal coverage validator creates a current proof and removes it when the deliverable changes
  ---
  duration_ms: 177.765375
  type: 'test'
  ...
# Subtest: legal coverage initializer creates a text skeleton before source review and remains idempotent
ok 24 - legal coverage initializer creates a text skeleton before source review and remains idempotent
  ---
  duration_ms: 200.849417
  type: 'test'
  ...
# Subtest: legal coverage initializer binds trusted manifests to original inputs
ok 25 - legal coverage initializer binds trusted manifests to original inputs
  ---
  duration_ms: 229.843333
  type: 'test'
  ...
# Subtest: legal coverage source bootstrap creates only deterministic pending manifest rows
ok 26 - legal coverage source bootstrap creates only deterministic pending manifest rows
  ---
  duration_ms: 271.49675
  type: 'test'
  ...
# Subtest: legal coverage injects deterministic disjoint worker batches for large pending source rooms
ok 27 - legal coverage injects deterministic disjoint worker batches for large pending source rooms
  ---
  duration_ms: 1166.833042
  type: 'test'
  ...
# Subtest: legal coverage CLI exposes bundled guidance through stable named references
ok 28 - legal coverage CLI exposes bundled guidance through stable named references
  ---
  duration_ms: 122.914875
  type: 'test'
  ...
# Subtest: legal coverage initializer creates only explicit text formats and preserves existing content
ok 29 - legal coverage initializer creates only explicit text formats and preserves existing content
  ---
  duration_ms: 47.790584
  type: 'test'
  ...
# Subtest: legal coverage initializer rejects traversal and symlink ancestors without external writes
ok 30 - legal coverage initializer rejects traversal and symlink ancestors without external writes
  ---
  duration_ms: 131.501625
  type: 'test'
  ...
# Subtest: legal coverage validator binds runner originals and derivations into its proof
ok 31 - legal coverage validator binds runner originals and derivations into its proof
  ---
  duration_ms: 192.608792
  type: 'test'
  ...
# Subtest: legal coverage validator rejects missing lineage and mutable or derived input roots
ok 32 - legal coverage validator rejects missing lineage and mutable or derived input roots
  ---
  duration_ms: 244.712708
  type: 'test'
  ...
# Subtest: legal coverage next-batch exposes one bounded deterministic repair slice
ok 33 - legal coverage next-batch exposes one bounded deterministic repair slice
  ---
  duration_ms: 191.006709
  type: 'test'
  ...
# Subtest: legal coverage apply-batch atomically updates only the current bounded slice
ok 34 - legal coverage apply-batch atomically updates only the current bounded slice
  ---
  duration_ms: 282.07425
  type: 'test'
  ...
# Subtest: legal coverage apply-batch rejects record and byte limit violations before writing
ok 35 - legal coverage apply-batch rejects record and byte limit violations before writing
  ---
  duration_ms: 181.408
  type: 'test'
  ...
# Subtest: legal coverage validator rejects orphaned conflicts and incomplete final disclosure
ok 36 - legal coverage validator rejects orphaned conflicts and incomplete final disclosure
  ---
  duration_ms: 93.587167
  type: 'test'
  ...
# Subtest: legal coverage validator detects un-inventoried sources and cross-fact timeline collisions
ok 37 - legal coverage validator detects un-inventoried sources and cross-fact timeline collisions
  ---
  duration_ms: 98.438459
  type: 'test'
  ...
# Subtest: legal coverage validator rejects reused generic quotes and unsupported fact coverage
ok 38 - legal coverage validator rejects reused generic quotes and unsupported fact coverage
  ---
  duration_ms: 94.099041
  type: 'test'
  ...
# Subtest: legal coverage validator requires authority links for critical issues and legal-authority matrices
ok 39 - legal coverage validator requires authority links for critical issues and legal-authority matrices
  ---
  duration_ms: 94.226791
  type: 'test'
  ...
# Subtest: legal coverage validator rejects non-object canonical JSON documents
ok 40 - legal coverage validator rejects non-object canonical JSON documents
  ---
  duration_ms: 656.363958
  type: 'test'
  ...
# Subtest: legal coverage validator binds reviewed source bytes to the ledger and state hash
ok 41 - legal coverage validator binds reviewed source bytes to the ledger and state hash
  ---
  duration_ms: 188.407291
  type: 'test'
  ...
# Subtest: legal coverage validator rejects ancestor symlinks and a symlinked proof
ok 42 - legal coverage validator rejects ancestor symlinks and a symlinked proof
  ---
  duration_ms: 141.720209
  type: 'test'
  ...
# Subtest: legal coverage validator does not read or write through a symlinked state ancestor
ok 43 - legal coverage validator does not read or write through a symlinked state ancestor
  ---
  duration_ms: 89.9395
  type: 'test'
  ...
# Subtest: legal coverage validator requires unresolved disclosure for unverified material facts
ok 44 - legal coverage validator requires unresolved disclosure for unverified material facts
  ---
  duration_ms: 93.975333
  type: 'test'
  ...
# Subtest: legal coverage validator rejects unique but irrelevant issue and authority quotes
ok 45 - legal coverage validator rejects unique but irrelevant issue and authority quotes
  ---
  duration_ms: 93.733291
  type: 'test'
  ...
# Subtest: legal coverage validator enforces reciprocal and same-entry ledger relationships
ok 46 - legal coverage validator enforces reciprocal and same-entry ledger relationships
  ---
  duration_ms: 94.244541
  type: 'test'
  ...
# Subtest: legal coverage validator accepts null for an optional threshold assessment
ok 47 - legal coverage validator accepts null for an optional threshold assessment
  ---
  duration_ms: 94.857
  type: 'test'
  ...
# Subtest: legal coverage validator uses locators without quotes for binary deliverables
ok 48 - legal coverage validator uses locators without quotes for binary deliverables
  ---
  duration_ms: 94.63
  type: 'test'
  ...
# Subtest: legal coverage validator rejects empty-fact shortcuts and material facts outside matrices
ok 49 - legal coverage validator rejects empty-fact shortcuts and material facts outside matrices
  ---
  duration_ms: 187.453875
  type: 'test'
  ...
# Subtest: legal coverage hook activates only legal work and injects one observable milestone
ok 50 - legal coverage hook activates only legal work and injects one observable milestone
  ---
  duration_ms: 499.191791
  type: 'test'
  ...
# Subtest: legal coverage hook groups repeated validator errors into one bounded milestone
ok 51 - legal coverage hook groups repeated validator errors into one bounded milestone
  ---
  duration_ms: 495.399708
  type: 'test'
  ...
# Subtest: legal coverage pending-matrix selection is bounded across pages and invalid revisions cannot manufacture progress
ok 52 - legal coverage pending-matrix selection is bounded across pages and invalid revisions cannot manufacture progress
  ---
  duration_ms: 555.358042
  type: 'test'
  ...
# Subtest: legal coverage permits not-applicable only after exhaustive selection and rejects stale or changed matrix proposals
ok 53 - legal coverage permits not-applicable only after exhaustive selection and rejects stale or changed matrix proposals
  ---
  duration_ms: 440.173
  type: 'test'
  ...
# Subtest: legal coverage rejects oversized matrix evidence before making a selection receipt immutable
ok 54 - legal coverage rejects oversized matrix evidence before making a selection receipt immutable
  ---
  duration_ms: 144.744042
  type: 'test'
  ...
# Subtest: legal coverage fails closed when one matrix index item exceeds the bounded page
ok 55 - legal coverage fails closed when one matrix index item exceeds the bounded page
  ---
  duration_ms: 143.689
  type: 'test'
  ...
# Subtest: legal coverage injects a bounded deterministic matrix relation-closure batch
ok 56 - legal coverage injects a bounded deterministic matrix relation-closure batch
  ---
  duration_ms: 196.3645
  type: 'test'
  ...
# Subtest: legal coverage milestone digest ignores opaque incomplete-state hash churn
ok 57 - legal coverage milestone digest ignores opaque incomplete-state hash churn
  ---
  duration_ms: 1.975125
  type: 'test'
  ...
# Subtest: legal coverage hook activates a malformed configured workspace so the agent can repair it
ok 58 - legal coverage hook activates a malformed configured workspace so the agent can repair it
  ---
  duration_ms: 95.419125
  type: 'test'
  ...
# Subtest: legal coverage hook rejects a symlinked session-state ancestor without writing outside the workspace
ok 59 - legal coverage hook rejects a symlinked session-state ancestor without writing outside the workspace
  ---
  duration_ms: 49.463125
  type: 'test'
  ...
# Subtest: legal product plugin loads one skill and contains no benchmark-specific controls
ok 60 - legal product plugin loads one skill and contains no benchmark-specific controls
  ---
  duration_ms: 3.128625
  type: 'test'
  ...
1..60
# tests 60
# suites 0
# pass 60
# fail 0
# cancelled 0
# skipped 0
# todo 0
# duration_ms 8241.516208
